Microchip MPLAB XC8 Compiler V1.32 ()

Linker command line:

--edf=C:\Program Files (x86)\Microchip\xc8\v1.32\dat\en_msgs.txt -cs \
  -h+dist/UseXC8/production\PIC_Master.X.production.sym \
  --cmf=dist/UseXC8/production\PIC_Master.X.production.cmf -z -Q18F46J50 \
  -oC:\Users\alex\AppData\Local\Temp\s3qc.6 \
  -Mdist/UseXC8/production/PIC_Master.X.production.map -E1 -ver=XC8 \
  -ASTACK=01F2h-09ffh -pstack=STACK -ACODE=00h-0FFF7h -ACONST=00h-0FFF7h \
  -ASMALLCONST=0F00h-0FFFhx240,0FF00h-0FFF7h -AMEDIUMCONST=0F00h-0FFF7h \
  -ACOMRAM=01h-05Fh -AABS1=00h-0EBFh -ABIGRAM=01h-0EBFh \
  -ARAM=060h-0FFh,0100h-01FFhx13,0E00h-0EBFh -ABANK0=060h-0FFh \
  -ABANK1=0100h-01FFh -ABANK2=0200h-02FFh -ABANK3=0300h-03FFh \
  -ABANK4=0400h-04FFh -ABANK5=0500h-05FFh -ABANK6=0600h-06FFh \
  -ABANK7=0700h-07FFh -ABANK8=0800h-08FFh -ABANK9=0900h-09FFh \
  -ABANK10=0A00h-0AFFh -ABANK11=0B00h-0BFFh -ABANK12=0C00h-0CFFh \
  -ABANK13=0D00h-0DFFh -ABANK14=0E00h-0EBFh \
  -ASFR=0EC0h-0EFFh,0F00h-0F5Fh,0F60h-0FFFh \
  -preset_vec=00h,intcode=08h,intcodelo=018h,powerup,init,end_init \
  -pramtop=0F00h -psmallconst=SMALLCONST -pmediumconst=MEDIUMCONST \
  -pconst=CONST -AFARRAM=00h-00h -ACONFIG=0FFF8h-0FFFFh -pconfig=CONFIG \
  -pjflash_buffer=0F800h \
  -prdata=COMRAM,nvrram=COMRAM,nvbit=COMRAM,rbss=COMRAM,rbit=COMRAM \
  -pfarbss=FARRAM,fardata=FARRAM,nvFARRAM=FARRAM \
  -pintsave_regs=BIGRAM,bigbss=BIGRAM,bigdata=BIGRAM -pbss=RAM \
  -pidata=CODE,irdata=CODE,ibigdata=CODE,ifardata=CODE \
  C:\Users\alex\AppData\Local\Temp\s3qc.obj \
  dist/UseXC8/production\PIC_Master.X.production.obj 

Object code version is 3.11

Machine type is 18F46J50

Call graph: (short form)




                Name                               Link     Load   Length Selector   Space Scale
C:\Users\alex\AppData\Local\Temp\s3qc.obj
                end_init                             CA       CA        4        C       0
                reset_vec                             0        0        4        0       0
                config                             FFF8     FFF8        8     FFF8       0
dist/UseXC8/production\PIC_Master.X.production.obj
                intcodelo                            18       18       B2        C       0
                intcode                               8        8       10        4       0
                text53                             1892     1892        6        C       0
                text52                             160A     160A       32        C       0
                text51                             187A     187A       10        C       0
                text50                             1414     1414       3E        C       0
                text49                             11DE     11DE       5E        C       0
                text48                             1346     1346       50        C       0
                text47                              CA4      CA4       EC        C       0
                text46                             16C8     16C8       2E        C       0
                text45                              D90      D90       CA        C       0
                text44                               CE       CE      574        C       0
                text43                              996      996      11E        C       0
                text42                             1570     1570       36        C       0
                text41                             1858     1858       12        C       0
                text40                              F82      F82       76        C       0
                intcode_body                        F04      F04       7E        C       0
                text38                             1846     1846       12        C       0
                text37                             1396     1396       40        C       0
                text36                              E5A      E5A       AA        C       0
                text35                             17BE     17BE       22        C       0
                text34                             1834     1834       12        C       0
                text33                             16F6     16F6       2C        C       0
                text32                             14CA     14CA       3A        C       0
                text31                             1722     1722       2A        C       0
                text30                             17E0     17E0       1C        C       0
                text29                             179A     179A       24        C       0
                text27                             1774     1774       26        C       0
                text26                             148E     148E       3C        C       0
                text25                             1298     1298       58        C       0
                text24                              878      878      11E        C       0
                text23                             153A     153A       36        C       0
                text22                             1504     1504       36        C       0
                text21                             17FC     17FC       14        C       0
                text20                             15D8     15D8       32        C       0
                text19                             186A     186A       10        C       0
                text18                             13D6     13D6       3E        C       0
                text17                             1452     1452       3C        C       0
                text16                             123C     123C       5C        C       0
                text15                             188A     188A        8        C       0
                text14                             174C     174C       28        C       0
                text13                              FF8      FF8       66        C       0
                text12                             105E     105E       64        C       0
                text11                             12F0     12F0       56        C       0
                text10                             1822     1822       12        C       0
                text9                               AB4      AB4      104        C       0
                text8                              1810     1810       12        C       0
                text7                               BB8      BB8       EC        C       0
                text6                              169A     169A       2E        C       0
                text5                              10C2     10C2       60        C       0
                text4                              1180     1180       5E        C       0
                text3                              1122     1122       5E        C       0
                text2                              15A6     15A6       32        C       0
                text1                              163C     163C       30        C       0
                text0                               642      642      236        C       0
                cstackCOMRAM                          1        1       2D        1       1
                cstackBANK0                          96       96       36       60       1
                cstackBANK1                         1A2      1A2       50      100       1
                bssBANK1                            100      100       A2      100       1
                bssBANK0                             60       60       36       60       1
                bssCOMRAM                            2E       2E        F        1       1
                cinit                              166C     166C       2E        C       0
                nvBANK0                              CC       CC        2       60       1

TOTAL           Name                               Link     Load   Length     Space
        CLASS   STACK          

        CLASS   CODE           
                end_init                             CA       CA        4         0
                intcodelo                            18       18       B2         0
                intcode                               8        8       10         0
                reset_vec                             0        0        4         0
                text53                             1892     1892        6         0
                text52                             160A     160A       32         0
                text51                             187A     187A       10         0
                text50                             1414     1414       3E         0
                text49                             11DE     11DE       5E         0
                text48                             1346     1346       50         0
                text47                              CA4      CA4       EC         0
                text46                             16C8     16C8       2E         0
                text45                              D90      D90       CA         0
                text44                               CE       CE      574         0
                text43                              996      996      11E         0
                text42                             1570     1570       36         0
                text41                             1858     1858       12         0
                text40                              F82      F82       76         0
                intcode_body                        F04      F04       7E         0
                text38                             1846     1846       12         0
                text37                             1396     1396       40         0
                text36                              E5A      E5A       AA         0
                text35                             17BE     17BE       22         0
                text34                             1834     1834       12         0
                text33                             16F6     16F6       2C         0
                text32                             14CA     14CA       3A         0
                text31                             1722     1722       2A         0
                text30                             17E0     17E0       1C         0
                text29                             179A     179A       24         0
                text27                             1774     1774       26         0
                text26                             148E     148E       3C         0
                text25                             1298     1298       58         0
                text24                              878      878      11E         0
                text23                             153A     153A       36         0
                text22                             1504     1504       36         0
                text21                             17FC     17FC       14         0
                text20                             15D8     15D8       32         0
                text19                             186A     186A       10         0
                text18                             13D6     13D6       3E         0
                text17                             1452     1452       3C         0
                text16                             123C     123C       5C         0
                text15                             188A     188A        8         0
                text14                             174C     174C       28         0
                text13                              FF8      FF8       66         0
                text12                             105E     105E       64         0
                text11                             12F0     12F0       56         0
                text10                             1822     1822       12         0
                text9                               AB4      AB4      104         0
                text8                              1810     1810       12         0
                text7                               BB8      BB8       EC         0
                text6                              169A     169A       2E         0
                text5                              10C2     10C2       60         0
                text4                              1180     1180       5E         0
                text3                              1122     1122       5E         0
                text2                              15A6     15A6       32         0
                text1                              163C     163C       30         0
                text0                               642      642      236         0
                cinit                              166C     166C       2E         0

        CLASS   CONST          

        CLASS   SMALLCONST     

        CLASS   MEDIUMCONST    

        CLASS   COMRAM         
                cstackCOMRAM                          1        1       2D         1
                bssCOMRAM                            2E       2E        F         1

        CLASS   ABS1           

        CLASS   BIGRAM         

        CLASS   RAM            

        CLASS   BANK0          
                cstackBANK0                          96       96       36         1
                bssBANK0                             60       60       36         1
                nvBANK0                              CC       CC        2         1

        CLASS   BANK1          
                cstackBANK1                         1A2      1A2       50         1
                bssBANK1                            100      100       A2         1

        CLASS   BANK2          

        CLASS   BANK3          

        CLASS   BANK4          

        CLASS   BANK5          

        CLASS   BANK6          

        CLASS   BANK7          

        CLASS   BANK8          

        CLASS   BANK9          

        CLASS   BANK10         

        CLASS   BANK11         

        CLASS   BANK12         

        CLASS   BANK13         

        CLASS   BANK14         

        CLASS   SFR            

        CLASS   FARRAM         

        CLASS   CONFIG         
                config                             FFF8     FFF8        8         0

        CLASS   IDLOC          



SEGMENTS        Name                           Load    Length   Top    Selector   Space  Class

                reset_vec                      000000  000004  000004         0       0  CODE    
                cstackCOMRAM                   000001  00003C  00003D         1       1  COMRAM  
                intcode                        000008  000010  000018         4       0  CODE    
                intcodelo                      000018  001880  001898         C       0  CODE    
                bssBANK0                       000060  00006E  0000CE        60       1  BANK0   
                bssBANK1                       000100  0000F2  0001F2       100       1  BANK1   
                config                         00FFF8  000008  010000      FFF8       0  CONFIG  


UNUSED ADDRESS RANGES

        Name                Unused          Largest block    Delta
        BANK0            000CE-000FF              32
        BANK1            001F2-001FF               E
        BANK10           00A00-00AFF             100
        BANK11           00B00-00BFF             100
        BANK12           00C00-00CFF             100
        BANK13           00D00-00DFF             100
        BANK14           00E00-00EBF              C0
        BANK2            00200-002FF             100
        BANK3            00300-003FF             100
        BANK4            00400-004FF             100
        BANK5            00500-005FF             100
        BANK6            00600-006FF             100
        BANK7            00700-007FF             100
        BANK8            00800-008FF             100
        BANK9            00900-009FF             100
        BIGRAM           0003D-0005F              23
                         000CE-000FF              32
                         001F2-00EBF             CCE
        CODE             00004-00007               4
                         01898-0FFF7            E760
        COMRAM           0003D-0005F              23
        CONST            00004-00007               4
                         01898-0FFF7            E760
        MEDIUMCONST      01898-0FFF7            E760
        RAM              000CE-000FF              32
                         001F2-00EBF             100
        SFR              00EC0-00FFF              60
        SMALLCONST       01898-0FFF7             100
        STACK            001F2-009FF             80E

                                  Symbol Table

?_ReadTimer1                     cstackCOMRAM  00001
?___lwmod                        cstackBANK0   000C8
?_in_high_int                    cstackBANK0   000C8
?_in_low_int                     cstackBANK0   000CA
?_in_main                        cstackBANK1   001A2
?_uart_send_buffer_empty         cstackCOMRAM  00001
?i2_in_high_int                  cstackBANK0   00096
?i2_in_low_int                   cstackBANK0   00098
Delay1KTCYx@unit                 cstackBANK0   000C8
FromMainHigh_recvmsg@data        cstackBANK0   000B0
FromMainHigh_recvmsg@maxlength   cstackBANK0   000B2
FromMainHigh_recvmsg@msgtype     cstackBANK0   000AE
FromMainHigh_sendmsg@data        cstackBANK1   001B5
FromMainHigh_sendmsg@length      cstackBANK1   001B7
FromMainHigh_sendmsg@msgtype     cstackBANK1   001B4
OpenTimer0@config                cstackBANK0   000C8
OpenTimer1@config                cstackBANK0   000CA
OpenTimer1@config1               cstackBANK0   000C8
ReadTimer1@timer                 cstackCOMRAM  00003
ToMainHigh_recvmsg@data          cstackBANK1   001B8
ToMainHigh_recvmsg@maxlength     cstackBANK1   001BA
ToMainHigh_recvmsg@msgtype       cstackBANK1   001B6
ToMainHigh_sendmsg@data          cstackBANK0   000AD
ToMainHigh_sendmsg@length        cstackBANK0   000AF
ToMainHigh_sendmsg@msgtype       cstackBANK0   000AC
ToMainLow_recvmsg@data           cstackBANK1   001B8
ToMainLow_recvmsg@maxlength      cstackBANK1   001BA
ToMainLow_recvmsg@msgtype        cstackBANK1   001B6
ToMainLow_sendmsg@data           cstackCOMRAM  00018
ToMainLow_sendmsg@length         cstackCOMRAM  0001A
ToMainLow_sendmsg@msgtype        cstackCOMRAM  00017
WriteTimer0@timer                cstackBANK0   00098
WriteTimer0@timer0               cstackBANK0   00096
WriteTimer1@timer                cstackCOMRAM  00003
WriteTimer1@timer1               cstackCOMRAM  00001
_BAUDCONbits                     (abs)         00F7E
_Delay1KTCYx                     text21        017FC
_FromMainHigh_MQ                 bssBANK1      00100
_FromMainHigh_recvmsg            text42        01570
_FromMainHigh_sendmsg            text6         0169A
_FromMainLow_MQ                  bssBANK1      00136
_INTCONbits                      (abs)         00FF2
_IPR1bits                        (abs)         00F9F
_InterruptHandlerHigh            intcode       00008
_InterruptHandlerLow             intcodelo     00018
_LATB                            (abs)         00F8A
_LATD                            (abs)         00F8C
_MQ_Main_Willing_to_block        bssCOMRAM     0002E
_OSCCON                          (abs)         00FD3
_OSCCONbits                      (abs)         00FD3
_OSCTUNEbits                     (abs)         00F9B
_OpenTimer0                      text27        01774
_OpenTimer1                      text26        0148E
_PIE1bits                        (abs)         00F9D
_PIR1bits                        (abs)         00F9E
_PORTBbits                       (abs)         00F81
_RCONbits                        (abs)         00FD0
_RCREG1                          (abs)         00FAF
_RCSTA1bits                      (abs)         00FAC
_ReadTimer1                      text38        01846
_SPBRG1                          (abs)         00FB0
_SPBRGH1                         (abs)         00F7F
_SSPADD                          (abs)         00FC8
_SSPBUF                          (abs)         00FC9
_SSPCON1                         (abs)         00FC6
_SSPCON1bits                     (abs)         00FC6
_SSPCON2                         (abs)         00FC5
_SSPCON2bits                     (abs)         00FC5
_SSPSTAT                         (abs)         00FC7
_SSPSTATbits                     (abs)         00FC7
_SleepIfOkay                     text49        011DE
_T0CON                           (abs)         00FD5
_T0CONbits                       (abs)         00FD5
_T1CON                           (abs)         00FCD
_T1CONbits                       (abs)         00FCD
_T1GCON                          (abs)         00F9A
_T1GCONbits                      (abs)         00F9A
_TMR0H                           (abs)         00FD7
_TMR0L                           (abs)         00FD6
_TMR1H                           (abs)         00FCF
_TMR1L                           (abs)         00FCE
_TRISB                           (abs)         00F93
_TRISBbits                       (abs)         00F93
_TRISCbits                       (abs)         00F94
_TRISD                           (abs)         00F95
_TXREG1                          (abs)         00FAE
_TXSTA1bits                      (abs)         00FAD
_ToMainHigh_MQ                   bssBANK1      0016C
_ToMainHigh_recvmsg              text23        0153A
_ToMainHigh_sendmsg              text46        016C8
_ToMainLow_MQ                    bssBANK0      00060
_ToMainLow_recvmsg               text22        01504
_ToMainLow_sendmsg               text35        017BE
_WriteTimer0                     text41        01858
_WriteTimer1                     text34        01834
__CFG_CP0$OFF                    (abs)         00000
__CFG_CPUDIV$OSC1                (abs)         00000
__CFG_DSBOREN$OFF                (abs)         00000
__CFG_DSWDTEN$OFF                (abs)         00000
__CFG_DSWDTOSC$T1OSCREF          (abs)         00000
__CFG_DSWDTPS$G2                 (abs)         00000
__CFG_FCMEN$OFF                  (abs)         00000
__CFG_IESO$ON                    (abs)         00000
__CFG_IOL1WAY$ON                 (abs)         00000
__CFG_LPT1OSC$OFF                (abs)         00000
__CFG_MSSP7B_EN$MSK7             (abs)         00000
__CFG_OSC$HSPLL                  (abs)         00000
__CFG_PLLDIV$3                   (abs)         00000
__CFG_RTCOSC$T1OSCREF            (abs)         00000
__CFG_STVREN$OFF                 (abs)         00000
__CFG_T1DIG$OFF                  (abs)         00000
__CFG_WDTEN$OFF                  (abs)         00000
__CFG_WDTPS$32768                (abs)         00000
__CFG_WPCFG$OFF                  (abs)         00000
__CFG_WPDIS$OFF                  (abs)         00000
__CFG_WPEND$PAGE_WPFP            (abs)         00000
__CFG_WPFP$PAGE_63               (abs)         00000
__CFG_XINST$OFF                  (abs)         00000
__HRAM                           (abs)         00000
__Habs1                          abs1          00000
__Hbank0                         bank0         00000
__Hbank1                         bank1         00000
__Hbank10                        bank10        00000
__Hbank11                        bank11        00000
__Hbank12                        bank12        00000
__Hbank13                        bank13        00000
__Hbank14                        bank14        00000
__Hbank2                         bank2         00000
__Hbank3                         bank3         00000
__Hbank4                         bank4         00000
__Hbank5                         bank5         00000
__Hbank6                         bank6         00000
__Hbank7                         bank7         00000
__Hbank8                         bank8         00000
__Hbank9                         bank9         00000
__Hbigbss                        bigbss        00000
__Hbigdata                       bigdata       00000
__Hbigram                        bigram        00000
__Hbss                           bss           00000
__HbssBANK0                      bssBANK0      00000
__HbssBANK1                      bssBANK1      00000
__HbssCOMRAM                     bssCOMRAM     00000
__Hcinit                         cinit         00000
__Hclrtext                       clrtext       00000
__Hcomram                        comram        00000
__Hconfig                        config        10000
__Hconst                         const         00000
__HcstackBANK0                   cstackBANK0   00000
__HcstackBANK1                   cstackBANK1   00000
__HcstackCOMRAM                  cstackCOMRAM  00000
__Hdata                          data          00000
__Hend_init                      end_init      000CE
__Hfarbss                        farbss        00000
__Hfardata                       fardata       00000
__Hibigdata                      ibigdata      00000
__Hidata                         idata         00000
__Hidloc                         idloc         00000
__Hifardata                      ifardata      00000
__Hinit                          init          000CA
__Hintcode                       intcode       00018
__Hintcode_body                  intcode_body  00000
__Hintcodelo                     intcodelo     000CA
__Hintentry                      intentry      00000
__Hintret                        intret        00000
__Hintsave_regs                  intsave_regs  00000
__Hirdata                        irdata        00000
__Hjflash_buffer                 jflash_buffer 0F800
__Hmediumconst                   mediumconst   00000
__HnvBANK0                       nvBANK0       00000
__HnvFARRAM                      nvFARRAM      00000
__Hnvbit                         nvbit         00000
__Hnvrram                        nvrram        00000
__Hparam                         param0        00000
__Hparam0                        param0        00000
__Hpowerup                       powerup       000CA
__Hram                           ram           00000
__Hramtop                        ramtop        00F00
__Hrbit                          rbit          00000
__Hrbss                          rbss          00000
__Hrdata                         rdata         00000
__Hreset_vec                     reset_vec     00004
__Hsfr                           sfr           00000
__Hsmallconst                    smallconst    00000
__Hspace_0                       (abs)         10000
__Hspace_1                       (abs)         001F2
__Hspace_2                       (abs)         00000
__Hstack                         stack         00000
__Hstruct                        struct        00000
__Htemp                          temp          00000
__Htext                          text          00000
__Htext0                         text0         00000
__Htext1                         text1         00000
__Htext10                        text10        00000
__Htext11                        text11        00000
__Htext12                        text12        00000
__Htext13                        text13        00000
__Htext14                        text14        00000
__Htext15                        text15        00000
__Htext16                        text16        00000
__Htext17                        text17        00000
__Htext18                        text18        00000
__Htext19                        text19        00000
__Htext2                         text2         00000
__Htext20                        text20        00000
__Htext21                        text21        00000
__Htext22                        text22        00000
__Htext23                        text23        00000
__Htext24                        text24        00000
__Htext25                        text25        00000
__Htext26                        text26        00000
__Htext27                        text27        00000
__Htext29                        text29        00000
__Htext3                         text3         00000
__Htext30                        text30        00000
__Htext31                        text31        00000
__Htext32                        text32        00000
__Htext33                        text33        00000
__Htext34                        text34        00000
__Htext35                        text35        00000
__Htext36                        text36        00000
__Htext37                        text37        00000
__Htext38                        text38        00000
__Htext4                         text4         00000
__Htext40                        text40        00000
__Htext41                        text41        00000
__Htext42                        text42        00000
__Htext43                        text43        00000
__Htext44                        text44        00000
__Htext45                        text45        00000
__Htext46                        text46        00000
__Htext47                        text47        00000
__Htext48                        text48        00000
__Htext49                        text49        00000
__Htext5                         text5         00000
__Htext50                        text50        00000
__Htext51                        text51        00000
__Htext52                        text52        00000
__Htext53                        text53        00000
__Htext6                         text6         00000
__Htext7                         text7         00000
__Htext8                         text8         00000
__Htext9                         text9         00000
__LRAM                           (abs)         00001
__Labs1                          abs1          00000
__Lbank0                         bank0         00000
__Lbank1                         bank1         00000
__Lbank10                        bank10        00000
__Lbank11                        bank11        00000
__Lbank12                        bank12        00000
__Lbank13                        bank13        00000
__Lbank14                        bank14        00000
__Lbank2                         bank2         00000
__Lbank3                         bank3         00000
__Lbank4                         bank4         00000
__Lbank5                         bank5         00000
__Lbank6                         bank6         00000
__Lbank7                         bank7         00000
__Lbank8                         bank8         00000
__Lbank9                         bank9         00000
__Lbigbss                        bigbss        00000
__Lbigdata                       bigdata       00000
__Lbigram                        bigram        00000
__Lbss                           bss           00000
__LbssBANK0                      bssBANK0      00000
__LbssBANK1                      bssBANK1      00000
__LbssCOMRAM                     bssCOMRAM     00000
__Lcinit                         cinit         00000
__Lclrtext                       clrtext       00000
__Lcomram                        comram        00000
__Lconfig                        config        0FFF8
__Lconst                         const         00000
__LcstackBANK0                   cstackBANK0   00000
__LcstackBANK1                   cstackBANK1   00000
__LcstackCOMRAM                  cstackCOMRAM  00000
__Ldata                          data          00000
__Lend_init                      end_init      000CA
__Lfarbss                        farbss        00000
__Lfardata                       fardata       00000
__Libigdata                      ibigdata      00000
__Lidata                         idata         00000
__Lidloc                         idloc         00000
__Lifardata                      ifardata      00000
__Linit                          init          000CA
__Lintcode                       intcode       00008
__Lintcode_body                  intcode_body  00000
__Lintcodelo                     intcodelo     00018
__Lintentry                      intentry      00000
__Lintret                        intret        00000
__Lintsave_regs                  intsave_regs  00000
__Lirdata                        irdata        00000
__Ljflash_buffer                 jflash_buffer 0F800
__Lmediumconst                   mediumconst   00000
__LnvBANK0                       nvBANK0       00000
__LnvFARRAM                      nvFARRAM      00000
__Lnvbit                         nvbit         00000
__Lnvrram                        nvrram        00000
__Lparam                         param0        00000
__Lparam0                        param0        00000
__Lpowerup                       powerup       000CA
__Lram                           ram           00000
__Lramtop                        ramtop        00F00
__Lrbit                          rbit          00000
__Lrbss                          rbss          00000
__Lrdata                         rdata         00000
__Lreset_vec                     reset_vec     00000
__Lsfr                           sfr           00000
__Lsmallconst                    smallconst    00000
__Lspace_0                       (abs)         00000
__Lspace_1                       (abs)         00000
__Lspace_2                       (abs)         00000
__Lstack                         stack         00000
__Lstruct                        struct        00000
__Ltemp                          temp          00000
__Ltext                          text          00000
__Ltext0                         text0         00000
__Ltext1                         text1         00000
__Ltext10                        text10        00000
__Ltext11                        text11        00000
__Ltext12                        text12        00000
__Ltext13                        text13        00000
__Ltext14                        text14        00000
__Ltext15                        text15        00000
__Ltext16                        text16        00000
__Ltext17                        text17        00000
__Ltext18                        text18        00000
__Ltext19                        text19        00000
__Ltext2                         text2         00000
__Ltext20                        text20        00000
__Ltext21                        text21        00000
__Ltext22                        text22        00000
__Ltext23                        text23        00000
__Ltext24                        text24        00000
__Ltext25                        text25        00000
__Ltext26                        text26        00000
__Ltext27                        text27        00000
__Ltext29                        text29        00000
__Ltext3                         text3         00000
__Ltext30                        text30        00000
__Ltext31                        text31        00000
__Ltext32                        text32        00000
__Ltext33                        text33        00000
__Ltext34                        text34        00000
__Ltext35                        text35        00000
__Ltext36                        text36        00000
__Ltext37                        text37        00000
__Ltext38                        text38        00000
__Ltext4                         text4         00000
__Ltext40                        text40        00000
__Ltext41                        text41        00000
__Ltext42                        text42        00000
__Ltext43                        text43        00000
__Ltext44                        text44        00000
__Ltext45                        text45        00000
__Ltext46                        text46        00000
__Ltext47                        text47        00000
__Ltext48                        text48        00000
__Ltext49                        text49        00000
__Ltext5                         text5         00000
__Ltext50                        text50        00000
__Ltext51                        text51        00000
__Ltext52                        text52        00000
__Ltext53                        text53        00000
__Ltext6                         text6         00000
__Ltext7                         text7         00000
__Ltext8                         text8         00000
__Ltext9                         text9         00000
__S0                             (abs)         10000
__S1                             (abs)         001F2
__S2                             (abs)         00000
___inthi_sp                      stack         00000
___intlo_sp                      stack         00000
___lwmod                         text5         010C2
___lwmod@counter                 cstackBANK1   001A2
___lwmod@dividend                cstackBANK0   000C8
___lwmod@divisor                 cstackBANK0   000CA
___sp                            stack         00000
__accesstop                      (abs)         00060
__activetblptr                   (abs)         00002
__end_of_Delay1KTCYx             text21        01810
__end_of_FromMainHigh_recvmsg    text42        015A6
__end_of_FromMainHigh_sendmsg    text6         016C8
__end_of_InterruptHandlerHigh    intcode_body  00F82
__end_of_InterruptHandlerLow     intcodelo     000CA
__end_of_OpenTimer0              text27        0179A
__end_of_OpenTimer1              text26        014CA
__end_of_ReadTimer1              text38        01858
__end_of_SleepIfOkay             text49        0123C
__end_of_ToMainHigh_recvmsg      text23        01570
__end_of_ToMainHigh_sendmsg      text46        016F6
__end_of_ToMainLow_recvmsg       text22        0153A
__end_of_ToMainLow_sendmsg       text35        017E0
__end_of_WriteTimer0             text41        0186A
__end_of_WriteTimer1             text34        01846
__end_of___lwmod                 text5         01122
__end_of__initialization         cinit         01690
__end_of_block_on_To_msgqueues   text16        01298
__end_of_check_msg               text20        0160A
__end_of_enable_interrupts       text15        01892
__end_of_enter_sleep_mode        text53        01898
__end_of_handle_start            text45        00E5A
__end_of_i2c_configure_slave     text14        01774
__end_of_i2c_int_handler         text44        00642
__end_of_in_high_int             text19        0187A
__end_of_in_low_int              text18        01414
__end_of_in_main                 text17        0148E
__end_of_init_i2c                text13        0105E
__end_of_init_queue              text12        010C2
__end_of_init_queues             text11        01346
__end_of_init_timer1_lthread     text10        01834
__end_of_main                    text0         00878
__end_of_memcpy                  text25        012F0
__end_of_recv_msg                text24        00996
__end_of_send_msg                text7         00CA4
__end_of_start_i2c_slave_reply   text9         00BB8
__end_of_timer0_int_handler      text40        00FF8
__end_of_timer0_lthread          text8         01822
__end_of_timer1_int_handler      text32        01504
__end_of_timer1_lthread          text4         011DE
__end_of_uart_configure          text3         01180
__end_of_uart_lthread            text2         015D8
__end_of_uart_receive_byte       text31        0174C
__end_of_uart_send_buffer_empty  text30        017FC
__end_of_uart_send_byte          text1         0166C
__end_of_uart_transmit_byte      text29        017BE
__end_ofi1_memcpy                text37        013D6
__end_ofi1_send_msg              text36        00F04
__end_ofi1_uart_send_byte        text33        01722
__end_ofi2_check_msg             text52        0163C
__end_ofi2_in_high_int           text51        0188A
__end_ofi2_in_low_int            text50        01452
__end_ofi2_memcpy                text48        01396
__end_ofi2_recv_msg              text43        00AB4
__end_ofi2_send_msg              text47        00D90
__initialization                 cinit         0166C
__mediumconst                    mediumconst   00000
__pbssBANK0                      bssBANK0      00060
__pbssBANK1                      bssBANK1      00100
__pbssCOMRAM                     bssCOMRAM     0002E
__pcinit                         cinit         0166C
__pcstackBANK0                   cstackBANK0   00096
__pcstackBANK1                   cstackBANK1   001A2
__pcstackCOMRAM                  cstackCOMRAM  00001
__pintcode                       intcode       00008
__pintcode_body                  intcode_body  00F04
__pintcodelo                     intcodelo     00018
__pnvBANK0                       nvBANK0       000CC
__ptext0                         text0         00642
__ptext1                         text1         0163C
__ptext10                        text10        01822
__ptext11                        text11        012F0
__ptext12                        text12        0105E
__ptext13                        text13        00FF8
__ptext14                        text14        0174C
__ptext15                        text15        0188A
__ptext16                        text16        0123C
__ptext17                        text17        01452
__ptext18                        text18        013D6
__ptext19                        text19        0186A
__ptext2                         text2         015A6
__ptext20                        text20        015D8
__ptext21                        text21        017FC
__ptext22                        text22        01504
__ptext23                        text23        0153A
__ptext24                        text24        00878
__ptext25                        text25        01298
__ptext26                        text26        0148E
__ptext27                        text27        01774
__ptext29                        text29        0179A
__ptext3                         text3         01122
__ptext30                        text30        017E0
__ptext31                        text31        01722
__ptext32                        text32        014CA
__ptext33                        text33        016F6
__ptext34                        text34        01834
__ptext35                        text35        017BE
__ptext36                        text36        00E5A
__ptext37                        text37        01396
__ptext38                        text38        01846
__ptext4                         text4         01180
__ptext40                        text40        00F82
__ptext41                        text41        01858
__ptext42                        text42        01570
__ptext43                        text43        00996
__ptext44                        text44        000CE
__ptext45                        text45        00D90
__ptext46                        text46        016C8
__ptext47                        text47        00CA4
__ptext48                        text48        01346
__ptext49                        text49        011DE
__ptext5                         text5         010C2
__ptext50                        text50        01414
__ptext51                        text51        0187A
__ptext52                        text52        0160A
__ptext53                        text53        01892
__ptext6                         text6         0169A
__ptext7                         text7         00BB8
__ptext8                         text8         01810
__ptext9                         text9         00AB4
__ramtop                         ramtop        00F00
__size_of_Delay1KTCYx            (abs)         00000
__size_of_FromMainHigh_recvmsg   (abs)         00000
__size_of_FromMainHigh_sendmsg   (abs)         00000
__size_of_InterruptHandlerHigh   (abs)         00000
__size_of_InterruptHandlerLow    (abs)         00000
__size_of_OpenTimer0             (abs)         00000
__size_of_OpenTimer1             (abs)         00000
__size_of_ReadTimer1             (abs)         00000
__size_of_SleepIfOkay            (abs)         00000
__size_of_ToMainHigh_recvmsg     (abs)         00000
__size_of_ToMainHigh_sendmsg     (abs)         00000
__size_of_ToMainLow_recvmsg      (abs)         00000
__size_of_ToMainLow_sendmsg      (abs)         00000
__size_of_WriteTimer0            (abs)         00000
__size_of_WriteTimer1            (abs)         00000
__size_of___lwmod                (abs)         00000
__size_of_block_on_To_msgqueues  (abs)         00000
__size_of_check_msg              (abs)         00000
__size_of_enable_interrupts      (abs)         00000
__size_of_enter_sleep_mode       (abs)         00000
__size_of_handle_start           (abs)         00000
__size_of_i2c_configure_slave    (abs)         00000
__size_of_i2c_int_handler        (abs)         00000
__size_of_in_high_int            (abs)         00000
__size_of_in_low_int             (abs)         00000
__size_of_in_main                (abs)         00000
__size_of_init_i2c               (abs)         00000
__size_of_init_queue             (abs)         00000
__size_of_init_queues            (abs)         00000
__size_of_init_timer1_lthread    (abs)         00000
__size_of_main                   (abs)         00000
__size_of_memcpy                 (abs)         00000
__size_of_recv_msg               (abs)         00000
__size_of_send_msg               (abs)         00000
__size_of_start_i2c_slave_reply  (abs)         00000
__size_of_timer0_int_handler     (abs)         00000
__size_of_timer0_lthread         (abs)         00000
__size_of_timer1_int_handler     (abs)         00000
__size_of_timer1_lthread         (abs)         00000
__size_of_uart_configure         (abs)         00000
__size_of_uart_lthread           (abs)         00000
__size_of_uart_receive_byte      (abs)         00000
__size_of_uart_send_buffer_empty (abs)         00000
__size_of_uart_send_byte         (abs)         00000
__size_of_uart_transmit_byte     (abs)         00000
__size_ofi1_memcpy               (abs)         00000
__size_ofi1_send_msg             (abs)         00000
__size_ofi1_uart_send_byte       (abs)         00000
__size_ofi2_check_msg            (abs)         00000
__size_ofi2_in_high_int          (abs)         00000
__size_ofi2_in_low_int           (abs)         00000
__size_ofi2_memcpy               (abs)         00000
__size_ofi2_recv_msg             (abs)         00000
__size_ofi2_send_msg             (abs)         00000
__smallconst                     smallconst    00000
_block_on_To_msgqueues           text16        0123C
_check_msg                       text20        015D8
_enable_interrupts               text15        0188A
_enter_sleep_mode                text53        01892
_handle_start                    text45        00D90
_i2c_configure_slave             text14        0174C
_i2c_int_handler                 text44        000CE
_ic_ptr                          nvBANK0       000CC
_in_high_int                     text19        0186A
_in_low_int                      text18        013D6
_in_main                         text17        01452
_init_i2c                        text13        00FF8
_init_queue                      text12        0105E
_init_queues                     text11        012F0
_init_timer1_lthread             text10        01822
_main                            text0         00642
_memcpy                          text25        01298
_recv_msg                        text24        00878
_send_msg                        text7         00BB8
_start_i2c_slave_reply           text9         00AB4
_timer0_int_handler              text40        00F82
_timer0_lthread                  text8         01810
_timer1_int_handler              text32        014CA
_timer1_lthread                  text4         01180
_uart_configure                  text3         01122
_uart_lthread                    text2         015A6
_uart_receive_buffer             bssCOMRAM     0002F
_uart_receive_byte               text31        01722
_uart_send_buffer                bssCOMRAM     00036
_uart_send_buffer_empty          text30        017E0
_uart_send_byte                  text1         0163C
_uart_transmit_byte              text29        0179A
check_msg@qptr                   cstackBANK0   000C8
end_of_initialization            cinit         01690
handle_start@data_read           cstackBANK0   00096
i1_memcpy                        text37        01396
i1_send_msg                      text36        00E5A
i1_uart_send_byte                text33        016F6
i1memcpy@d                       cstackCOMRAM  00007
i1memcpy@d1                      cstackCOMRAM  00001
i1memcpy@n                       cstackCOMRAM  00005
i1memcpy@s                       cstackCOMRAM  00009
i1memcpy@s1                      cstackCOMRAM  00003
i1send_msg@data                  cstackCOMRAM  0000F
i1send_msg@length                cstackCOMRAM  0000D
i1send_msg@msgtype               cstackCOMRAM  0000E
i1send_msg@qmsg                  cstackCOMRAM  00015
i1send_msg@qptr                  cstackCOMRAM  0000B
i1send_msg@slot                  cstackCOMRAM  00014
i1send_msg@tlength               cstackCOMRAM  00012
i1uart_send_byte@sendByte        cstackCOMRAM  00001
i2_check_msg                     text52        0160A
i2_in_high_int                   text51        0187A
i2_in_low_int                    text50        01414
i2_memcpy                        text48        01346
i2_recv_msg                      text43        00996
i2_send_msg                      text47        00CA4
i2c_configure_slave@addr         cstackBANK0   000C8
i2c_int_handler@data_read        cstackBANK0   000B9
i2c_int_handler@data_written     cstackBANK0   000B4
i2c_int_handler@error_buf        cstackBANK0   000B1
i2c_int_handler@i2c_data         cstackBANK0   000B6
i2c_int_handler@msg_ready        cstackBANK0   000B8
i2c_int_handler@msg_to_send      cstackBANK0   000B7
i2c_int_handler@overrun_error    cstackBANK0   000B5
i2check_msg@qptr                 cstackBANK0   00096
i2memcpy@d                       cstackBANK0   0009C
i2memcpy@d1                      cstackBANK0   00096
i2memcpy@n                       cstackBANK0   0009A
i2memcpy@s                       cstackBANK0   0009E
i2memcpy@s1                      cstackBANK0   00098
i2recv_msg@data                  cstackBANK0   000A5
i2recv_msg@maxlength             cstackBANK0   000A2
i2recv_msg@msgtype               cstackBANK0   000A3
i2recv_msg@qmsg                  cstackBANK0   000AC
i2recv_msg@qptr                  cstackBANK0   000A0
i2recv_msg@slot                  cstackBANK0   000A9
i2recv_msg@tlength               cstackBANK0   000AA
i2send_msg@data                  cstackBANK0   000A4
i2send_msg@length                cstackBANK0   000A2
i2send_msg@msgtype               cstackBANK0   000A3
i2send_msg@qmsg                  cstackBANK0   000AA
i2send_msg@qptr                  cstackBANK0   000A0
i2send_msg@slot                  cstackBANK0   000A9
i2send_msg@tlength               cstackBANK0   000A7
init_i2c@ic                      cstackBANK0   000C8
init_queue@i                     cstackBANK0   000CA
init_queue@qptr                  cstackBANK0   000C8
init_timer1_lthread@tptr         cstackBANK0   000C8
int_func                         intcode_body  00F04
intlevel0                        text          00000
intlevel1                        text          00000
intlevel2                        text          00000
intlevel3                        text          00000
main@alex_counter                cstackBANK1   001C1
main@ic                          cstackBANK1   001D6
main@last_reg_recvd              cstackBANK1   001D1
main@length                      cstackBANK1   001D5
main@msgbuffer                   cstackBANK1   001C2
main@msgtype                     cstackBANK1   001D4
main@t0thread_data               cstackBANK1   001CF
main@t1thread_data               cstackBANK1   001D2
main@uthread_data                cstackBANK1   001CD
memcpy@d                         cstackBANK0   000C8
memcpy@d1                        cstackBANK1   001A2
memcpy@n                         cstackBANK1   001A6
memcpy@s                         cstackBANK0   000CA
memcpy@s1                        cstackBANK1   001A4
recv_msg@data                    cstackBANK1   001AD
recv_msg@maxlength               cstackBANK1   001AA
recv_msg@msgtype                 cstackBANK1   001AB
recv_msg@qmsg                    cstackBANK1   001B4
recv_msg@qptr                    cstackBANK1   001A8
recv_msg@slot                    cstackBANK1   001B1
recv_msg@tlength                 cstackBANK1   001B2
send_msg@data                    cstackBANK1   001AC
send_msg@length                  cstackBANK1   001AA
send_msg@msgtype                 cstackBANK1   001AB
send_msg@qmsg                    cstackBANK1   001B2
send_msg@qptr                    cstackBANK1   001A8
send_msg@slot                    cstackBANK1   001B1
send_msg@tlength                 cstackBANK1   001AF
stackhi                          (abs)         009FF
stacklo                          (abs)         001F2
start                            init          000CA
start_i2c_slave_reply@length     cstackBANK1   001A2
start_i2c_slave_reply@msg        cstackBANK0   000C8
start_initialization             cinit         0166C
timer0_int_handler@length        cstackBANK0   000B3
timer0_int_handler@msgtype       cstackBANK0   000B5
timer0_int_handler@val           cstackBANK0   000B7
timer0_lthread@length            cstackBANK1   001A6
timer0_lthread@msgbuffer         cstackBANK1   001A8
timer0_lthread@msgtype           cstackBANK1   001A4
timer0_lthread@msgval            cstackBANK0   000C8
timer0_lthread@tptr              cstackBANK1   001A2
timer1_int_handler@result        cstackCOMRAM  0001B
timer1_lthread@length            cstackBANK1   001BC
timer1_lthread@msgbuffer         cstackBANK1   001BE
timer1_lthread@msgtype           cstackBANK1   001BA
timer1_lthread@retval            cstackBANK1   001C0
timer1_lthread@tptr              cstackBANK1   001B8
uart_lthread@length              cstackBANK1   001A6
uart_lthread@msgbuffer           cstackBANK1   001A8
uart_lthread@msgtype             cstackBANK1   001A4
uart_lthread@uptr                cstackBANK1   001A2
uart_send_byte@sendByte          cstackBANK0   000C8


FUNCTION INFORMATION:

 *************** function _main *****************
 Defined at:
		line 187 in file "../src/main.c"
 Parameters:    Size  Location     Type
		None
 Auto vars:     Size  Location     Type
  ic             28   52[BANK1 ] struct __i2c_comm
  msgbuffer      11   32[BANK1 ] unsigned char [11]
  t1thread_dat    2   48[BANK1 ] struct __timer1_thread_s
  t0thread_dat    2   45[BANK1 ] struct __timer0_thread_s
  uthread_data    2   43[BANK1 ] struct __uart_thread_str
  length          1   51[BANK1 ] char 
  msgtype         1   50[BANK1 ] unsigned char 
  last_reg_rec    1   47[BANK1 ] unsigned char 
  alex_counter    1   31[BANK1 ] unsigned char 
  i               1    0        unsigned char 
  c               1    0        unsigned char 
 Return value:  Size  Location     Type
		None               void
 Registers used:
		wreg, fsr1l, fsr1h, fsr2l, fsr2h, status,2, status,0, prodl, prodh, cstack
 Tracked objects:
		On entry : 
		On exit  : 
		Unchanged: 
 Data sizes:     COMRAM   BANK0   BANK1   BANK2   BANK3   BANK4   BANK5   BANK6   BANK7   BANK8   BANK9  BANK10  BANK11  BANK12  BANK13  BANK14
      Params:         0       0       0       0       0       0       0       0       0       0       0       0       0       0       0       0
      Locals:         0       0      49       0       0       0       0       0       0       0       0       0       0       0       0       0
      Temps:          0       0       0       0       0       0       0       0       0       0       0       0       0       0       0       0
      Totals:         0       0      49       0       0       0       0       0       0       0       0       0       0       0       0       0
Total ram usage:       49 bytes
 Hardware stack levels required when called:   14
 This function calls:
		_OpenTimer0
		_OpenTimer1
		_ToMainHigh_recvmsg
		_ToMainLow_recvmsg
		_block_on_To_msgqueues
		_enable_interrupts
		_i2c_configure_slave
		_init_i2c
		_init_queues
		_init_timer1_lthread
		_start_i2c_slave_reply
		_timer0_lthread
		_timer1_lthread
		_uart_configure
		_uart_lthread
		_uart_send_byte
 This function is called by:
		Startup code after reset
 This function uses a non-reentrant model


 *************** function _uart_send_byte *****************
 Defined at:
		line 53 in file "../src/my_uart.c"
 Parameters:    Size  Location     Type
  sendByte        1    wreg     unsigned char 
 Auto vars:     Size  Location     Type
  sendByte        1   50[BANK0 ] unsigned char 
 Return value:  Size  Location     Type
                  2   91[COMRAM] int 
 Registers used:
		wreg, fsr2l, fsr2h, status,2, status,0, prodl, prodh
 Tracked objects:
		On entry : 
		On exit  : 
		Unchanged: 
 Data sizes:     COMRAM   BANK0   BANK1   BANK2   BANK3   BANK4   BANK5   BANK6   BANK7   BANK8   BANK9  BANK10  BANK11  BANK12  BANK13  BANK14
      Params:         0       0       0       0       0       0       0       0       0       0       0       0       0       0       0       0
      Locals:         0       1       0       0       0       0       0       0       0       0       0       0       0       0       0       0
      Temps:          0       0       0       0       0       0       0       0       0       0       0       0       0       0       0       0
      Totals:         0       1       0       0       0       0       0       0       0       0       0       0       0       0       0       0
Total ram usage:        1 bytes
 Hardware stack levels used:    1
 Hardware stack levels required when called:   10
 This function calls:
		Nothing
 This function is called by:
		_main
 This function uses a non-reentrant model


 *************** function _uart_lthread *****************
 Defined at:
		line 9 in file "../src/uart_thread.c"
 Parameters:    Size  Location     Type
  uptr            2    0[BANK1 ] PTR struct __uart_thread
		 -> main@uthread_data(2), 
  msgtype         2    2[BANK1 ] int 
  length          2    4[BANK1 ] int 
  msgbuffer       2    6[BANK1 ] PTR unsigned char 
		 -> main@msgbuffer(11), 
 Auto vars:     Size  Location     Type
		None
 Return value:  Size  Location     Type
                  2    0[BANK1 ] int 
 Registers used:
		wreg, fsr2l, fsr2h, status,2, status,0
 Tracked objects:
		On entry : 
		On exit  : 
		Unchanged: 
 Data sizes:     COMRAM   BANK0   BANK1   BANK2   BANK3   BANK4   BANK5   BANK6   BANK7   BANK8   BANK9  BANK10  BANK11  BANK12  BANK13  BANK14
      Params:         0       0       8       0       0       0       0       0       0       0       0       0       0       0       0       0
      Locals:         0       0       0       0       0       0       0       0       0       0       0       0       0       0       0       0
      Temps:          0       0       0       0       0       0       0       0       0       0       0       0       0       0       0       0
      Totals:         0       0       8       0       0       0       0       0       0       0       0       0       0       0       0       0
Total ram usage:        8 bytes
 Hardware stack levels used:    1
 Hardware stack levels required when called:   10
 This function calls:
		Nothing
 This function is called by:
		_main
 This function uses a non-reentrant model


 *************** function _uart_configure *****************
 Defined at:
		line 14 in file "../src/my_uart.c"
 Parameters:    Size  Location     Type
		None
 Auto vars:     Size  Location     Type
		None
 Return value:  Size  Location     Type
		None               void
 Registers used:
		wreg, fsr2l, fsr2h, status,2, status,0, prodl, prodh
 Tracked objects:
		On entry : 
		On exit  : 
		Unchanged: 
 Data sizes:     COMRAM   BANK0   BANK1   BANK2   BANK3   BANK4   BANK5   BANK6   BANK7   BANK8   BANK9  BANK10  BANK11  BANK12  BANK13  BANK14
      Params:         0       0       0       0       0       0       0       0       0       0       0       0       0       0       0       0
      Locals:         0       0       0       0       0       0       0       0       0       0       0       0       0       0       0       0
      Temps:          0       0       0       0       0       0       0       0       0       0       0       0       0       0       0       0
      Totals:         0       0       0       0       0       0       0       0       0       0       0       0       0       0       0       0
Total ram usage:        0 bytes
 Hardware stack levels used:    1
 Hardware stack levels required when called:   10
 This function calls:
		Nothing
 This function is called by:
		_main
 This function uses a non-reentrant model


 *************** function _timer1_lthread *****************
 Defined at:
		line 14 in file "../src/timer1_thread.c"
 Parameters:    Size  Location     Type
  tptr            2   22[BANK1 ] PTR struct __timer1_thre
		 -> main@t1thread_data(2), 
  msgtype         2   24[BANK1 ] int 
  length          2   26[BANK1 ] int 
  msgbuffer       2   28[BANK1 ] PTR unsigned char 
		 -> main@msgbuffer(11), 
 Auto vars:     Size  Location     Type
  retval          1   30[BANK1 ] char 
 Return value:  Size  Location     Type
                  2   22[BANK1 ] int 
 Registers used:
		wreg, fsr1l, fsr1h, fsr2l, fsr2h, status,2, status,0, prodl, prodh, cstack
 Tracked objects:
		On entry : 
		On exit  : 
		Unchanged: 
 Data sizes:     COMRAM   BANK0   BANK1   BANK2   BANK3   BANK4   BANK5   BANK6   BANK7   BANK8   BANK9  BANK10  BANK11  BANK12  BANK13  BANK14
      Params:         0       0       8       0       0       0       0       0       0       0       0       0       0       0       0       0
      Locals:         0       0       1       0       0       0       0       0       0       0       0       0       0       0       0       0
      Temps:          0       0       0       0       0       0       0       0       0       0       0       0       0       0       0       0
      Totals:         0       0       9       0       0       0       0       0       0       0       0       0       0       0       0       0
Total ram usage:        9 bytes
 Hardware stack levels used:    1
 Hardware stack levels required when called:   13
 This function calls:
		_FromMainHigh_sendmsg
		___lwmod
 This function is called by:
		_main
 This function uses a non-reentrant model


 *************** function ___lwmod *****************
 Defined at:
		line 8 in file "C:\Program Files (x86)\Microchip\xc8\v1.32\sources\common\lwmod.c"
 Parameters:    Size  Location     Type
  dividend        2   50[BANK0 ] unsigned int 
  divisor         2   52[BANK0 ] unsigned int 
 Auto vars:     Size  Location     Type
  counter         1    0[BANK1 ] unsigned char 
 Return value:  Size  Location     Type
                  2   50[BANK0 ] unsigned int 
 Registers used:
		wreg, status,2, status,0
 Tracked objects:
		On entry : 
		On exit  : 
		Unchanged: 
 Data sizes:     COMRAM   BANK0   BANK1   BANK2   BANK3   BANK4   BANK5   BANK6   BANK7   BANK8   BANK9  BANK10  BANK11  BANK12  BANK13  BANK14
      Params:         0       4       0       0       0       0       0       0       0       0       0       0       0       0       0       0
      Locals:         0       0       1       0       0       0       0       0       0       0       0       0       0       0       0       0
      Temps:          0       0       0       0       0       0       0       0       0       0       0       0       0       0       0       0
      Totals:         0       4       1       0       0       0       0       0       0       0       0       0       0       0       0       0
Total ram usage:        5 bytes
 Hardware stack levels used:    1
 Hardware stack levels required when called:   10
 This function calls:
		Nothing
 This function is called by:
		_timer1_lthread
 This function uses a non-reentrant model


 *************** function _FromMainHigh_sendmsg *****************
 Defined at:
		line 174 in file "../src/messages.c"
 Parameters:    Size  Location     Type
  length          1    wreg     unsigned char 
  msgtype         1   18[BANK1 ] unsigned char 
  data            2   19[BANK1 ] PTR void 
		 -> main@t1thread_data(2), 
 Auto vars:     Size  Location     Type
  length          1   21[BANK1 ] unsigned char 
 Return value:  Size  Location     Type
                  1    wreg      char 
 Registers used:
		wreg, fsr1l, fsr1h, fsr2l, fsr2h, status,2, status,0, prodl, prodh, cstack
 Tracked objects:
		On entry : 
		On exit  : 
		Unchanged: 
 Data sizes:     COMRAM   BANK0   BANK1   BANK2   BANK3   BANK4   BANK5   BANK6   BANK7   BANK8   BANK9  BANK10  BANK11  BANK12  BANK13  BANK14
      Params:         0       0       3       0       0       0       0       0       0       0       0       0       0       0       0       0
      Locals:         0       0       1       0       0       0       0       0       0       0       0       0       0       0       0       0
      Temps:          0       0       0       0       0       0       0       0       0       0       0       0       0       0       0       0
      Totals:         0       0       4       0       0       0       0       0       0       0       0       0       0       0       0       0
Total ram usage:        4 bytes
 Hardware stack levels used:    1
 Hardware stack levels required when called:   12
 This function calls:
		_send_msg
 This function is called by:
		_timer1_lthread
 This function uses a non-reentrant model


 *************** function _send_msg *****************
 Defined at:
		line 24 in file "../src/messages.c"
 Parameters:    Size  Location     Type
  qptr            2    6[BANK1 ] PTR struct __msg_queue
		 -> FromMainHigh_MQ(54), FromMainLow_MQ(54), ToMainHigh_MQ(54), ToMainLow_MQ(54), 
  length          1    8[BANK1 ] unsigned char 
  msgtype         1    9[BANK1 ] unsigned char 
  data            2   10[BANK1 ] PTR void 
		 -> NULL(0), timer0_int_handler@val(2), i2c_int_handler@error_buf(3), main@t1thread_data(2), 
		 -> main@ic(28), 
 Auto vars:     Size  Location     Type
  qmsg            2   16[BANK1 ] PTR struct __msg
		 -> FromMainLow_MQ.queue(52), FromMainHigh_MQ.queue(52), ToMainHigh_MQ.queue(52), ToMainLow_MQ.queue(52), 
		 -> FromMainHigh_MQ(54), FromMainLow_MQ(54), ToMainHigh_MQ(54), ToMainLow_MQ(54), 
  tlength         2   13[BANK1 ] unsigned int 
  slot            1   15[BANK1 ] unsigned char 
 Return value:  Size  Location     Type
                  1    wreg      char 
 Registers used:
		wreg, fsr1l, fsr1h, fsr2l, fsr2h, status,2, status,0, prodl, prodh, cstack
 Tracked objects:
		On entry : 
		On exit  : 
		Unchanged: 
 Data sizes:     COMRAM   BANK0   BANK1   BANK2   BANK3   BANK4   BANK5   BANK6   BANK7   BANK8   BANK9  BANK10  BANK11  BANK12  BANK13  BANK14
      Params:         0       0       6       0       0       0       0       0       0       0       0       0       0       0       0       0
      Locals:         0       0       5       0       0       0       0       0       0       0       0       0       0       0       0       0
      Temps:          0       0       1       0       0       0       0       0       0       0       0       0       0       0       0       0
      Totals:         0       0      12       0       0       0       0       0       0       0       0       0       0       0       0       0
Total ram usage:       12 bytes
 Hardware stack levels used:    1
 Hardware stack levels required when called:   11
 This function calls:
		_memcpy
 This function is called by:
		_FromMainHigh_sendmsg
		_FromMainLow_sendmsg
 This function uses a non-reentrant model


 *************** function _timer0_lthread *****************
 Defined at:
		line 9 in file "../src/timer0_thread.c"
 Parameters:    Size  Location     Type
  tptr            2    0[BANK1 ] PTR struct __timer0_thre
		 -> main@t0thread_data(2), 
  msgtype         2    2[BANK1 ] int 
  length          2    4[BANK1 ] int 
  msgbuffer       2    6[BANK1 ] PTR unsigned char 
		 -> main@msgbuffer(11), 
 Auto vars:     Size  Location     Type
  msgval          2   50[BANK0 ] PTR unsigned int 
		 -> main@msgbuffer(11), 
 Return value:  Size  Location     Type
                  2    0[BANK1 ] int 
 Registers used:
		wreg, status,2, status,0
 Tracked objects:
		On entry : 
		On exit  : 
		Unchanged: 
 Data sizes:     COMRAM   BANK0   BANK1   BANK2   BANK3   BANK4   BANK5   BANK6   BANK7   BANK8   BANK9  BANK10  BANK11  BANK12  BANK13  BANK14
      Params:         0       0       8       0       0       0       0       0       0       0       0       0       0       0       0       0
      Locals:         0       2       0       0       0       0       0       0       0       0       0       0       0       0       0       0
      Temps:          0       0       0       0       0       0       0       0       0       0       0       0       0       0       0       0
      Totals:         0       2       8       0       0       0       0       0       0       0       0       0       0       0       0       0
Total ram usage:       10 bytes
 Hardware stack levels used:    1
 Hardware stack levels required when called:   10
 This function calls:
		Nothing
 This function is called by:
		_main
 This function uses a non-reentrant model


 *************** function _start_i2c_slave_reply *****************
 Defined at:
		line 53 in file "../src/my_i2c.c"
 Parameters:    Size  Location     Type
  length          1    wreg     unsigned char 
  msg             2   50[BANK0 ] PTR unsigned char 
		 -> main@msgbuffer(11), 
 Auto vars:     Size  Location     Type
  length          1    0[BANK1 ] unsigned char 
 Return value:  Size  Location     Type
		None               void
 Registers used:
		wreg, fsr1l, fsr1h, fsr2l, fsr2h, status,2, status,0, prodl, prodh
 Tracked objects:
		On entry : 
		On exit  : 
		Unchanged: 
 Data sizes:     COMRAM   BANK0   BANK1   BANK2   BANK3   BANK4   BANK5   BANK6   BANK7   BANK8   BANK9  BANK10  BANK11  BANK12  BANK13  BANK14
      Params:         0       2       0       0       0       0       0       0       0       0       0       0       0       0       0       0
      Locals:         0       0       1       0       0       0       0       0       0       0       0       0       0       0       0       0
      Temps:          0       2       0       0       0       0       0       0       0       0       0       0       0       0       0       0
      Totals:         0       4       1       0       0       0       0       0       0       0       0       0       0       0       0       0
Total ram usage:        5 bytes
 Hardware stack levels used:    1
 Hardware stack levels required when called:   10
 This function calls:
		Nothing
 This function is called by:
		_main
 This function uses a non-reentrant model


 *************** function _init_timer1_lthread *****************
 Defined at:
		line 6 in file "../src/timer1_thread.c"
 Parameters:    Size  Location     Type
  tptr            2   50[BANK0 ] PTR struct __timer1_thre
		 -> main@t1thread_data(2), 
 Auto vars:     Size  Location     Type
		None
 Return value:  Size  Location     Type
		None               void
 Registers used:
		wreg, fsr2l, fsr2h
 Tracked objects:
		On entry : 
		On exit  : 
		Unchanged: 
 Data sizes:     COMRAM   BANK0   BANK1   BANK2   BANK3   BANK4   BANK5   BANK6   BANK7   BANK8   BANK9  BANK10  BANK11  BANK12  BANK13  BANK14
      Params:         0       2       0       0       0       0       0       0       0       0       0       0       0       0       0       0
      Locals:         0       0       0       0       0       0       0       0       0       0       0       0       0       0       0       0
      Temps:          0       0       0       0       0       0       0       0       0       0       0       0       0       0       0       0
      Totals:         0       2       0       0       0       0       0       0       0       0       0       0       0       0       0       0
Total ram usage:        2 bytes
 Hardware stack levels used:    1
 Hardware stack levels required when called:   10
 This function calls:
		Nothing
 This function is called by:
		_main
 This function uses a non-reentrant model


 *************** function _init_queues *****************
 Defined at:
		line 194 in file "../src/messages.c"
 Parameters:    Size  Location     Type
		None
 Auto vars:     Size  Location     Type
		None
 Return value:  Size  Location     Type
		None               void
 Registers used:
		wreg, fsr2l, fsr2h, status,2, status,0, prodl, prodh, cstack
 Tracked objects:
		On entry : 
		On exit  : 
		Unchanged: 
 Data sizes:     COMRAM   BANK0   BANK1   BANK2   BANK3   BANK4   BANK5   BANK6   BANK7   BANK8   BANK9  BANK10  BANK11  BANK12  BANK13  BANK14
      Params:         0       0       0       0       0       0       0       0       0       0       0       0       0       0       0       0
      Locals:         0       0       0       0       0       0       0       0       0       0       0       0       0       0       0       0
      Temps:          0       0       0       0       0       0       0       0       0       0       0       0       0       0       0       0
      Totals:         0       0       0       0       0       0       0       0       0       0       0       0       0       0       0       0
Total ram usage:        0 bytes
 Hardware stack levels used:    1
 Hardware stack levels required when called:   11
 This function calls:
		_init_queue
 This function is called by:
		_main
 This function uses a non-reentrant model


 *************** function _init_queue *****************
 Defined at:
		line 14 in file "../src/messages.c"
 Parameters:    Size  Location     Type
  qptr            2   50[BANK0 ] PTR struct __msg_queue
		 -> FromMainHigh_MQ(54), FromMainLow_MQ(54), ToMainHigh_MQ(54), ToMainLow_MQ(54), 
 Auto vars:     Size  Location     Type
  i               1   52[BANK0 ] unsigned char 
 Return value:  Size  Location     Type
		None               void
 Registers used:
		wreg, fsr2l, fsr2h, status,2, status,0, prodl, prodh
 Tracked objects:
		On entry : 
		On exit  : 
		Unchanged: 
 Data sizes:     COMRAM   BANK0   BANK1   BANK2   BANK3   BANK4   BANK5   BANK6   BANK7   BANK8   BANK9  BANK10  BANK11  BANK12  BANK13  BANK14
      Params:         0       2       0       0       0       0       0       0       0       0       0       0       0       0       0       0
      Locals:         0       1       0       0       0       0       0       0       0       0       0       0       0       0       0       0
      Temps:          0       0       0       0       0       0       0       0       0       0       0       0       0       0       0       0
      Totals:         0       3       0       0       0       0       0       0       0       0       0       0       0       0       0       0
Total ram usage:        3 bytes
 Hardware stack levels used:    1
 Hardware stack levels required when called:   10
 This function calls:
		Nothing
 This function is called by:
		_init_queues
 This function uses a non-reentrant model


 *************** function _init_i2c *****************
 Defined at:
		line 282 in file "../src/my_i2c.c"
 Parameters:    Size  Location     Type
  ic              2   50[BANK0 ] PTR struct __i2c_comm
		 -> main@ic(28), 
 Auto vars:     Size  Location     Type
		None
 Return value:  Size  Location     Type
		None               void
 Registers used:
		wreg, fsr2l, fsr2h, status,2, status,0
 Tracked objects:
		On entry : 
		On exit  : 
		Unchanged: 
 Data sizes:     COMRAM   BANK0   BANK1   BANK2   BANK3   BANK4   BANK5   BANK6   BANK7   BANK8   BANK9  BANK10  BANK11  BANK12  BANK13  BANK14
      Params:         0       2       0       0       0       0       0       0       0       0       0       0       0       0       0       0
      Locals:         0       0       0       0       0       0       0       0       0       0       0       0       0       0       0       0
      Temps:          0       0       0       0       0       0       0       0       0       0       0       0       0       0       0       0
      Totals:         0       2       0       0       0       0       0       0       0       0       0       0       0       0       0       0
Total ram usage:        2 bytes
 Hardware stack levels used:    1
 Hardware stack levels required when called:   10
 This function calls:
		Nothing
 This function is called by:
		_main
 This function uses a non-reentrant model


 *************** function _i2c_configure_slave *****************
 Defined at:
		line 293 in file "../src/my_i2c.c"
 Parameters:    Size  Location     Type
  addr            1    wreg     unsigned char 
 Auto vars:     Size  Location     Type
  addr            1   50[BANK0 ] unsigned char 
 Return value:  Size  Location     Type
		None               void
 Registers used:
		wreg, status,2, status,0
 Tracked objects:
		On entry : 
		On exit  : 
		Unchanged: 
 Data sizes:     COMRAM   BANK0   BANK1   BANK2   BANK3   BANK4   BANK5   BANK6   BANK7   BANK8   BANK9  BANK10  BANK11  BANK12  BANK13  BANK14
      Params:         0       0       0       0       0       0       0       0       0       0       0       0       0       0       0       0
      Locals:         0       1       0       0       0       0       0       0       0       0       0       0       0       0       0       0
      Temps:          0       0       0       0       0       0       0       0       0       0       0       0       0       0       0       0
      Totals:         0       1       0       0       0       0       0       0       0       0       0       0       0       0       0       0
Total ram usage:        1 bytes
 Hardware stack levels used:    1
 Hardware stack levels required when called:   10
 This function calls:
		Nothing
 This function is called by:
		_main
 This function uses a non-reentrant model


 *************** function _enable_interrupts *****************
 Defined at:
		line 14 in file "../src/interrupts.c"
 Parameters:    Size  Location     Type
		None
 Auto vars:     Size  Location     Type
		None
 Return value:  Size  Location     Type
		None               void
 Registers used:
		None
 Tracked objects:
		On entry : 
		On exit  : 
		Unchanged: 
 Data sizes:     COMRAM   BANK0   BANK1   BANK2   BANK3   BANK4   BANK5   BANK6   BANK7   BANK8   BANK9  BANK10  BANK11  BANK12  BANK13  BANK14
      Params:         0       0       0       0       0       0       0       0       0       0       0       0       0       0       0       0
      Locals:         0       0       0       0       0       0       0       0       0       0       0       0       0       0       0       0
      Temps:          0       0       0       0       0       0       0       0       0       0       0       0       0       0       0       0
      Totals:         0       0       0       0       0       0       0       0       0       0       0       0       0       0       0       0
Total ram usage:        0 bytes
 Hardware stack levels used:    1
 Hardware stack levels required when called:   10
 This function calls:
		Nothing
 This function is called by:
		_main
 This function uses a non-reentrant model


 *************** function _block_on_To_msgqueues *****************
 Defined at:
		line 256 in file "../src/messages.c"
 Parameters:    Size  Location     Type
		None
 Auto vars:     Size  Location     Type
		None
 Return value:  Size  Location     Type
		None               void
 Registers used:
		wreg, fsr2l, fsr2h, status,2, status,0, prodl, prodh, cstack
 Tracked objects:
		On entry : 
		On exit  : 
		Unchanged: 
 Data sizes:     COMRAM   BANK0   BANK1   BANK2   BANK3   BANK4   BANK5   BANK6   BANK7   BANK8   BANK9  BANK10  BANK11  BANK12  BANK13  BANK14
      Params:         0       0       0       0       0       0       0       0       0       0       0       0       0       0       0       0
[...]
Total ram usage:       10 bytes
 Hardware stack levels used:    1
 Hardware stack levels required when called:    3
 This function calls:
		_ToMainHigh_sendmsg
		_handle_start
 This function is called by:
		_InterruptHandlerHigh
 This function uses a non-reentrant model


 *************** function _handle_start *****************
 Defined at:
		line 71 in file "../src/my_i2c.c"
 Parameters:    Size  Location     Type
  data_read       1    wreg     unsigned char 
 Auto vars:     Size  Location     Type
  data_read       1    0[BANK0 ] unsigned char 
 Return value:  Size  Location     Type
		None               void
 Registers used:
		wreg, fsr2l, fsr2h, status,2, status,0
 Tracked objects:
		On entry : 
		On exit  : 
		Unchanged: 
 Data sizes:     COMRAM   BANK0   BANK1   BANK2   BANK3   BANK4   BANK5   BANK6   BANK7   BANK8   BANK9  BANK10  BANK11  BANK12  BANK13  BANK14
      Params:         0       0       0       0       0       0       0       0       0       0       0       0       0       0       0       0
      Locals:         0       1       0       0       0       0       0       0       0       0       0       0       0       0       0       0
      Temps:          0       0       0       0       0       0       0       0       0       0       0       0       0       0       0       0
      Totals:         0       1       0       0       0       0       0       0       0       0       0       0       0       0       0       0
Total ram usage:        1 bytes
 Hardware stack levels used:    1
 This function calls:
		Nothing
 This function is called by:
		_i2c_int_handler
 This function uses a non-reentrant model


 *************** function _ToMainHigh_sendmsg *****************
 Defined at:
		line 126 in file "../src/messages.c"
 Parameters:    Size  Location     Type
  length          1    wreg     unsigned char 
  msgtype         1   22[BANK0 ] unsigned char 
  data            2   23[BANK0 ] PTR void 
		 -> NULL(0), timer0_int_handler@val(2), i2c_int_handler@error_buf(3), main@ic(28), 
 Auto vars:     Size  Location     Type
  length          1   25[BANK0 ] unsigned char 
 Return value:  Size  Location     Type
                  1    wreg      char 
 Registers used:
		wreg, fsr1l, fsr1h, fsr2l, fsr2h, status,2, status,0, prodl, prodh, cstack
 Tracked objects:
		On entry : 
		On exit  : 
		Unchanged: 
 Data sizes:     COMRAM   BANK0   BANK1   BANK2   BANK3   BANK4   BANK5   BANK6   BANK7   BANK8   BANK9  BANK10  BANK11  BANK12  BANK13  BANK14
      Params:         0       3       0       0       0       0       0       0       0       0       0       0       0       0       0       0
      Locals:         0       1       0       0       0       0       0       0       0       0       0       0       0       0       0       0
      Temps:          0       0       0       0       0       0       0       0       0       0       0       0       0       0       0       0
      Totals:         0       4       0       0       0       0       0       0       0       0       0       0       0       0       0       0
Total ram usage:        4 bytes
 Hardware stack levels used:    1
 Hardware stack levels required when called:    2
 This function calls:
		i2_send_msg
 This function is called by:
		_i2c_int_handler
		_timer0_int_handler
 This function uses a non-reentrant model


 *************** function i2_send_msg *****************
 Defined at:
		line 24 in file "../src/messages.c"
 Parameters:    Size  Location     Type
  qptr            2   10[BANK0 ] PTR struct __msg_queue
		 -> FromMainHigh_MQ(54), FromMainLow_MQ(54), ToMainHigh_MQ(54), ToMainLow_MQ(54), 
  length          1   12[BANK0 ] unsigned char 
  msgtype         1   13[BANK0 ] unsigned char 
  data            2   14[BANK0 ] PTR void 
		 -> NULL(0), timer0_int_handler@val(2), i2c_int_handler@error_buf(3), main@t1thread_data(2), 
		 -> main@ic(28), 
 Auto vars:     Size  Location     Type
  send_msg        2   20[BANK0 ] PTR struct __msg
		 -> FromMainLow_MQ.queue(52), FromMainHigh_MQ.queue(52), ToMainHigh_MQ.queue(52), ToMainLow_MQ.queue(52), 
		 -> FromMainHigh_MQ(54), FromMainLow_MQ(54), ToMainHigh_MQ(54), ToMainLow_MQ(54), 
  send_msg        2   17[BANK0 ] unsigned int 
  send_msg        1   19[BANK0 ] unsigned char 
 Return value:  Size  Location     Type
                  1    wreg      char 
 Registers used:
		wreg, fsr1l, fsr1h, fsr2l, fsr2h, status,2, status,0, prodl, prodh, cstack
 Tracked objects:
		On entry : 
		On exit  : 
		Unchanged: 
 Data sizes:     COMRAM   BANK0   BANK1   BANK2   BANK3   BANK4   BANK5   BANK6   BANK7   BANK8   BANK9  BANK10  BANK11  BANK12  BANK13  BANK14
      Params:         0       6       0       0       0       0       0       0       0       0       0       0       0       0       0       0
      Locals:         0       5       0       0       0       0       0       0       0       0       0       0       0       0       0       0
      Temps:          0       1       0       0       0       0       0       0       0       0       0       0       0       0       0       0
      Totals:         0      12       0       0       0       0       0       0       0       0       0       0       0       0       0       0
Total ram usage:       12 bytes
 Hardware stack levels used:    1
 Hardware stack levels required when called:    1
 This function calls:
		i2_memcpy
 This function is called by:
		_ToMainHigh_sendmsg
 This function uses a non-reentrant model


 *************** function i2_memcpy *****************
 Defined at:
		line 11 in file "C:\Program Files (x86)\Microchip\xc8\v1.32\sources\common\memcpy.c"
 Parameters:    Size  Location     Type
  d1              2    0[BANK0 ] PTR void 
		 -> FromMainLow_MQ.queue(52), FromMainHigh_MQ.queue(52), ToMainHigh_MQ.queue(52), ToMainLow_MQ.queue(52), 
		 -> timer0_int_handler@val(2), FromMainHigh_MQ(54), FromMainLow_MQ(54), ToMainHigh_MQ(54), 
		 -> ToMainLow_MQ(54), main@msgbuffer(11), 
  s1              2    2[BANK0 ] PTR const void 
		 -> ToMainLow_MQ.data(10), ToMainHigh_MQ.data(10), FromMainLow_MQ.data(10), FromMainHigh_MQ.data(10), 
		 -> ToMainLow_MQ.queue.data(10), ToMainHigh_MQ.queue.data(10), FromMainHigh_MQ.queue.data(10), FromMainLow_MQ.queue.data(10), 
		 -> NULL(0), timer0_int_handler@val(2), i2c_int_handler@error_buf(3), FromMainHigh_MQ(54), 
		 -> FromMainLow_MQ(54), ToMainHigh_MQ(54), ToMainLow_MQ(54), main@t1thread_data(2), 
		 -> main@ic(28), 
  n               2    4[BANK0 ] unsigned int 
 Auto vars:     Size  Location     Type
  memcpy          2    8[BANK0 ] PTR const unsigned char 
		 -> ToMainLow_MQ.data(10), ToMainHigh_MQ.data(10), FromMainLow_MQ.data(10), FromMainHigh_MQ.data(10), 
		 -> ToMainLow_MQ.queue.data(10), ToMainHigh_MQ.queue.data(10), FromMainHigh_MQ.queue.data(10), FromMainLow_MQ.queue.data(10), 
		 -> NULL(0), timer0_int_handler@val(2), i2c_int_handler@error_buf(3), FromMainHigh_MQ(54), 
		 -> FromMainLow_MQ(54), ToMainHigh_MQ(54), ToMainLow_MQ(54), main@t1thread_data(2), 
		 -> main@ic(28), 
  memcpy          2    6[BANK0 ] PTR unsigned char 
		 -> FromMainLow_MQ.queue(52), FromMainHigh_MQ.queue(52), ToMainHigh_MQ.queue(52), ToMainLow_MQ.queue(52), 
		 -> timer0_int_handler@val(2), FromMainHigh_MQ(54), FromMainLow_MQ(54), ToMainHigh_MQ(54), 
		 -> ToMainLow_MQ(54), main@msgbuffer(11), 
 Return value:  Size  Location     Type
                  2    0[BANK0 ] PTR void 
 Registers used:
		wreg, fsr1l, fsr1h, fsr2l, fsr2h, status,2, status,0
 Tracked objects:
		On entry : 
		On exit  : 
		Unchanged: 
 Data sizes:     COMRAM   BANK0   BANK1   BANK2   BANK3   BANK4   BANK5   BANK6   BANK7   BANK8   BANK9  BANK10  BANK11  BANK12  BANK13  BANK14
      Params:         0       6       0       0       0       0       0       0       0       0       0       0       0       0       0       0
      Locals:         0       4       0       0       0       0       0       0       0       0       0       0       0       0       0       0
      Temps:          0       0       0       0       0       0       0       0       0       0       0       0       0       0       0       0
      Totals:         0      10       0       0       0       0       0       0       0       0       0       0       0       0       0       0
Total ram usage:       10 bytes
 Hardware stack levels used:    1
 This function calls:
		Nothing
 This function is called by:
		i2_send_msg
		i2_recv_msg
 This function uses a non-reentrant model


 *************** function _SleepIfOkay *****************
 Defined at:
		line 226 in file "../src/messages.c"
 Parameters:    Size  Location     Type
		None
 Auto vars:     Size  Location     Type
		None
 Return value:  Size  Location     Type
		None               void
 Registers used:
		wreg, fsr2l, fsr2h, status,2, status,0, prodl, prodh, cstack
 Tracked objects:
		On entry : 
		On exit  : 
		Unchanged: 
 Data sizes:     COMRAM   BANK0   BANK1   BANK2   BANK3   BANK4   BANK5   BANK6   BANK7   BANK8   BANK9  BANK10  BANK11  BANK12  BANK13  BANK14
      Params:         0       0       0       0       0       0       0       0       0       0       0       0       0       0       0       0
      Locals:         0       0       0       0       0       0       0       0       0       0       0       0       0       0       0       0
      Temps:          0       0       0       0       0       0       0       0       0       0       0       0       0       0       0       0
      Totals:         0       0       0       0       0       0       0       0       0       0       0       0       0       0       0       0
Total ram usage:        0 bytes
 Hardware stack levels used:    1
 Hardware stack levels required when called:    2
 This function calls:
		_enter_sleep_mode
		i2_check_msg
		i2_in_high_int
		i2_in_low_int
 This function is called by:
		_InterruptHandlerHigh
 This function uses a non-reentrant model


 *************** function i2_in_low_int *****************
 Defined at:
		line 33 in file "../src/interrupts.c"
 Parameters:    Size  Location     Type
		None
 Auto vars:     Size  Location     Type
		None
 Return value:  Size  Location     Type
                  2    2[BANK0 ] int 
 Registers used:
		wreg, status,2, status,0, cstack
 Tracked objects:
		On entry : 
		On exit  : 
		Unchanged: 
 Data sizes:     COMRAM   BANK0   BANK1   BANK2   BANK3   BANK4   BANK5   BANK6   BANK7   BANK8   BANK9  BANK10  BANK11  BANK12  BANK13  BANK14
      Params:         0       2       0       0       0       0       0       0       0       0       0       0       0       0       0       0
      Locals:         0       0       0       0       0       0       0       0       0       0       0       0       0       0       0       0
      Temps:          0       0       0       0       0       0       0       0       0       0       0       0       0       0       0       0
      Totals:         0       2       0       0       0       0       0       0       0       0       0       0       0       0       0       0
Total ram usage:        2 bytes
 Hardware stack levels used:    1
 Hardware stack levels required when called:    1
 This function calls:
		i2_in_high_int
 This function is called by:
		_SleepIfOkay
 This function uses a non-reentrant model


 *************** function i2_in_high_int *****************
 Defined at:
		line 25 in file "../src/interrupts.c"
 Parameters:    Size  Location     Type
		None
 Auto vars:     Size  Location     Type
		None
 Return value:  Size  Location     Type
                  2    0[BANK0 ] int 
 Registers used:
		wreg, status,2
 Tracked objects:
		On entry : 
		On exit  : 
		Unchanged: 
 Data sizes:     COMRAM   BANK0   BANK1   BANK2   BANK3   BANK4   BANK5   BANK6   BANK7   BANK8   BANK9  BANK10  BANK11  BANK12  BANK13  BANK14
      Params:         0       2       0       0       0       0       0       0       0       0       0       0       0       0       0       0
      Locals:         0       0       0       0       0       0       0       0       0       0       0       0       0       0       0       0
      Temps:          0       0       0       0       0       0       0       0       0       0       0       0       0       0       0       0
      Totals:         0       2       0       0       0       0       0       0       0       0       0       0       0       0       0       0
Total ram usage:        2 bytes
 Hardware stack levels used:    1
 This function calls:
		Nothing
 This function is called by:
		_SleepIfOkay
		i2_in_low_int
 This function uses a non-reentrant model


 *************** function i2_check_msg *****************
 Defined at:
		line 220 in file "../src/messages.c"
 Parameters:    Size  Location     Type
  qptr            2    0[BANK0 ] PTR struct __msg_queue
		 -> ToMainHigh_MQ(54), ToMainLow_MQ(54), 
 Auto vars:     Size  Location     Type
		None
 Return value:  Size  Location     Type
                  1    wreg      unsigned char 
 Registers used:
		wreg, fsr2l, fsr2h, status,2, status,0, prodl, prodh
 Tracked objects:
		On entry : 
		On exit  : 
		Unchanged: 
 Data sizes:     COMRAM   BANK0   BANK1   BANK2   BANK3   BANK4   BANK5   BANK6   BANK7   BANK8   BANK9  BANK10  BANK11  BANK12  BANK13  BANK14
      Params:         0       2       0       0       0       0       0       0       0       0       0       0       0       0       0       0
      Locals:         0       0       0       0       0       0       0       0       0       0       0       0       0       0       0       0
      Temps:          0       1       0       0       0       0       0       0       0       0       0       0       0       0       0       0
      Totals:         0       3       0       0       0       0       0       0       0       0       0       0       0       0       0       0
Total ram usage:        3 bytes
 Hardware stack levels used:    1
 This function calls:
		Nothing
 This function is called by:
		_SleepIfOkay
 This function uses a non-reentrant model


 *************** function _enter_sleep_mode *****************
 Defined at:
		line 202 in file "../src/messages.c"
 Parameters:    Size  Location     Type
		None
 Auto vars:     Size  Location     Type
		None
 Return value:  Size  Location     Type
		None               void
 Registers used:
		None
 Tracked objects:
		On entry : 
		On exit  : 
		Unchanged: 
 Data sizes:     COMRAM   BANK0   BANK1   BANK2   BANK3   BANK4   BANK5   BANK6   BANK7   BANK8   BANK9  BANK10  BANK11  BANK12  BANK13  BANK14
      Params:         0       0       0       0       0       0       0       0       0       0       0       0       0       0       0       0
      Locals:         0       0       0       0       0       0       0       0       0       0       0       0       0       0       0       0
      Temps:          0       0       0       0       0       0       0       0       0       0       0       0       0       0       0       0
      Totals:         0       0       0       0       0       0       0       0       0       0       0       0       0       0       0       0
Total ram usage:        0 bytes
 Hardware stack levels used:    1
 This function calls:
		Nothing
 This function is called by:
		_SleepIfOkay
 This function uses a non-reentrant model



MODULE INFORMATION

Module		Function		Class		Link	Load	Size
C:\Program Files (x86)\Microchip\xc8\v1.32\sources\common\lwmod.c
		___lwmod       		CODE           	10C2	0000	96

C:\Program Files (x86)\Microchip\xc8\v1.32\sources\common\lwmod.c estimated size: 96

C:\Program Files (x86)\Microchip\xc8\v1.32\sources\pic18\plib\Timers\t0open.c
		_OpenTimer0    		CODE           	1774	0000	38

C:\Program Files (x86)\Microchip\xc8\v1.32\sources\pic18\plib\Timers\t0open.c estimated size: 38

../src/timer0_thread.c
		_timer0_lthread		CODE           	1810	0000	18

../src/timer0_thread.c estimated size: 18

C:\Program Files (x86)\Microchip\xc8\v1.32\sources\pic18\plib\Timers\t1write.c
		_WriteTimer1   		CODE           	1834	0000	18

C:\Program Files (x86)\Microchip\xc8\v1.32\sources\pic18\plib\Timers\t1write.c estimated size: 18

C:\Program Files (x86)\Microchip\xc8\v1.32\sources\pic18\plib\Timers\t1read.c
		_ReadTimer1    		CODE           	1846	0000	18

C:\Program Files (x86)\Microchip\xc8\v1.32\sources\pic18\plib\Timers\t1read.c estimated size: 18

../src/user_interrupts.c
		_timer0_int_han		CODE           	0F82	0000	118
		_timer1_int_han		CODE           	14CA	0000	58

../src/user_interrupts.c estimated size: 176

C:\Program Files (x86)\Microchip\xc8\v1.32\sources\common\memcpy.c
		_memcpy        		CODE           	1298	0000	88

C:\Program Files (x86)\Microchip\xc8\v1.32\sources\common\memcpy.c estimated size: 88

C:\Program Files (x86)\Microchip\xc8\v1.32\sources\pic18\plib\Timers\t0write.c
		_WriteTimer0   		CODE           	1858	0000	18

C:\Program Files (x86)\Microchip\xc8\v1.32\sources\pic18\plib\Timers\t0write.c estimated size: 18

../src/my_i2c.c
		_start_i2c_slav		CODE           	0AB4	0000	260
		_handle_start  		CODE           	0D90	0000	202
		_i2c_configure_		CODE           	174C	0000	40
		_init_i2c      		CODE           	0FF8	0000	102
		_i2c_int_handle		CODE           	00CE	0000	1396

../src/my_i2c.c estimated size: 2000

C:\Program Files (x86)\Microchip\xc8\v1.32\sources\pic18\d1ktcyx.c
		_Delay1KTCYx   		CODE           	17FC	0000	20

C:\Program Files (x86)\Microchip\xc8\v1.32\sources\pic18\d1ktcyx.c estimated size: 20

../src/timer1_thread.c
		_timer1_lthread		CODE           	1180	0000	94
		_init_timer1_lt		CODE           	1822	0000	18

../src/timer1_thread.c estimated size: 112

../src/interrupts.c
		_enable_interru		CODE           	188A	0000	8
		_in_low_int    		CODE           	13D6	0000	62
		_in_main       		CODE           	1452	0000	60
		_in_high_int   		CODE           	186A	0000	16
		_InterruptHandl		CODE           	0018	0000	178
		_InterruptHandl		CODE           	0008	0000	3962

../src/interrupts.c estimated size: 4286

shared
		i1_send_msg    		CODE           	0E5A	0000	170
		i2_send_msg    		CODE           	0CA4	0000	236
		i1_uart_send_by		CODE           	16F6	0000	44
		i2_in_high_int 		CODE           	187A	0000	16
		i2_recv_msg    		CODE           	0996	0000	286
		__initializatio		CODE           	166C	0000	36
		i2_in_low_int  		CODE           	1414	0000	62
		i1_memcpy      		CODE           	1396	0000	64
		i2_memcpy      		CODE           	1346	0000	80
		i2_check_msg   		CODE           	160A	0000	50

shared estimated size: 1044

../src/messages.c
		_ToMainHigh_sen		CODE           	16C8	0000	46
		_ToMainHigh_rec		CODE           	153A	0000	54
		_block_on_To_ms		CODE           	123C	0000	92
		_check_msg     		CODE           	15D8	0000	50
		_ToMainLow_send		CODE           	17BE	0000	34
		_ToMainLow_recv		CODE           	1504	0000	54
		_FromMainHigh_s		CODE           	169A	0000	46
		_enter_sleep_mo		CODE           	1892	0000	6
		_send_msg      		CODE           	0BB8	0000	236
		_FromMainHigh_r		CODE           	1570	0000	54
		_init_queue    		CODE           	105E	0000	100
		_init_queues   		CODE           	12F0	0000	86
		_recv_msg      		CODE           	0878	0000	286
		_SleepIfOkay   		CODE           	11DE	0000	94

../src/messages.c estimated size: 1238

../src/my_uart.c
		_uart_configure		CODE           	1122	0000	94
		_uart_transmit_		CODE           	179A	0000	36
		_uart_receive_b		CODE           	1722	0000	42
		_uart_send_buff		CODE           	17E0	0000	28
		_uart_send_byte		CODE           	163C	0000	48

../src/my_uart.c estimated size: 248

../src/main.c
		_main          		CODE           	0642	0000	566

../src/main.c estimated size: 566

C:\Program Files (x86)\Microchip\xc8\v1.32\sources\pic18\plib\Timers\t1open.c
		_OpenTimer1    		CODE           	148E	0000	60

C:\Program Files (x86)\Microchip\xc8\v1.32\sources\pic18\plib\Timers\t1open.c estimated size: 60

../src/uart_thread.c
		_uart_lthread  		CODE           	15A6	0000	50

../src/uart_thread.c estimated size: 50

