Microchip MPLAB XC8 Compiler V1.32 ()

Linker command line:

--edf=C:\Program Files (x86)\Microchip\xc8\v1.32\dat\en_msgs.txt -cs \
  -h+dist/UseXC8/production\PIC_Master.X.production.sym \
  --cmf=dist/UseXC8/production\PIC_Master.X.production.cmf -z -Q18F46J50 \
  -oC:\Users\alex\AppData\Local\Temp\s2rc.6 \
  -Mdist/UseXC8/production/PIC_Master.X.production.map -E1 -ver=XC8 \
  -ASTACK=01F9h-09ffh -pstack=STACK -ACODE=00h-0FFF7h -ACONST=00h-0FFF7h \
  -ASMALLCONST=0F00h-0FFFhx240,0FF00h-0FFF7h -AMEDIUMCONST=0F00h-0FFF7h \
  -ACOMRAM=01h-05Fh -AABS1=00h-0EBFh -ABIGRAM=01h-0EBFh \
  -ARAM=060h-0FFh,0100h-01FFhx13,0E00h-0EBFh -ABANK0=060h-0FFh \
  -ABANK1=0100h-01FFh -ABANK2=0200h-02FFh -ABANK3=0300h-03FFh \
  -ABANK4=0400h-04FFh -ABANK5=0500h-05FFh -ABANK6=0600h-06FFh \
  -ABANK7=0700h-07FFh -ABANK8=0800h-08FFh -ABANK9=0900h-09FFh \
  -ABANK10=0A00h-0AFFh -ABANK11=0B00h-0BFFh -ABANK12=0C00h-0CFFh \
  -ABANK13=0D00h-0DFFh -ABANK14=0E00h-0EBFh \
  -ASFR=0EC0h-0EFFh,0F00h-0F5Fh,0F60h-0FFFh \
  -preset_vec=00h,intcode=08h,intcodelo=018h,powerup,init,end_init \
  -pramtop=0F00h -psmallconst=SMALLCONST -pmediumconst=MEDIUMCONST \
  -pconst=CONST -AFARRAM=00h-00h -ACONFIG=0FFF8h-0FFFFh -pconfig=CONFIG \
  -pjflash_buffer=0F800h \
  -prdata=COMRAM,nvrram=COMRAM,nvbit=COMRAM,rbss=COMRAM,rbit=COMRAM \
  -pfarbss=FARRAM,fardata=FARRAM,nvFARRAM=FARRAM \
  -pintsave_regs=BIGRAM,bigbss=BIGRAM,bigdata=BIGRAM -pbss=RAM \
  -pidata=CODE,irdata=CODE,ibigdata=CODE,ifardata=CODE \
  C:\Users\alex\AppData\Local\Temp\s2rc.obj \
  dist/UseXC8/production\PIC_Master.X.production.obj 

Object code version is 3.11

Machine type is 18F46J50

Call graph: (short form)




                Name                               Link     Load   Length Selector   Space Scale
C:\Users\alex\AppData\Local\Temp\s2rc.obj
                end_init                             CE       CE        4        C       0
                reset_vec                             0        0        4        0       0
                config                             FFF8     FFF8        8     FFF8       0
dist/UseXC8/production\PIC_Master.X.production.obj
                intcodelo                            18       18       B6        C       0
                intcode                               8        8       10        4       0
                text49                             1622     1622       32        C       0
                text48                             182C     182C        6        C       0
                text47                             17FE     17FE       10        C       0
                text46                             1434     1434       3E        C       0
                text45                             1260     1260       5E        C       0
                text44                             1364     1364       50        C       0
                text43                              D14      D14       EC        C       0
                text42                             16B0     16B0       2E        C       0
                text41                              E00      E00       CA        C       0
                text40                               D2       D2      574        C       0
                text39                              A06      A06      11E        C       0
                text38                             1554     1554       36        C       0
                text37                             17EC     17EC       12        C       0
                text36                              FF2      FF2       76        C       0
                intcode_body                        F74      F74       7E        C       0
                text34                             17DA     17DA       12        C       0
                text33                             13F4     13F4       40        C       0
                text32                              ECA      ECA       AA        C       0
                text31                             1778     1778       22        C       0
                text30                             17C8     17C8       12        C       0
                text29                             158A     158A       34        C       0
                text28                             14AE     14AE       3A        C       0
                text27                             179A     179A       1C        C       0
                text26                             16DE     16DE       2A        C       0
                text24                             1730     1730       26        C       0
                text23                             1472     1472       3C        C       0
                text22                             1314     1314       50        C       0
                text21                              8E8      8E8      11E        C       0
                text20                             151E     151E       36        C       0
                text19                             14E8     14E8       36        C       0
                text18                             1824     1824        8        C       0
                text17                             181C     181C        8        C       0
                text16                             1708     1708       28        C       0
                text15                             10D4     10D4       6A        C       0
                text14                             113E     113E       64        C       0
                text13                             12BE     12BE       56        C       0
                text12                             17B6     17B6       12        C       0
                text11                              B24      B24      104        C       0
                text10                             180E     180E        E        C       0
                text9                               C28      C28       EC        C       0
                text8                              1682     1682       2E        C       0
                text7                              11A2     11A2       60        C       0
                text6                              1202     1202       5E        C       0
                text5                              1068     1068       6C        C       0
                text4                              13B4     13B4       40        C       0
                text3                              15F0     15F0       32        C       0
                text2                              1756     1756       22        C       0
                text1                              15BE     15BE       32        C       0
                text0                               646      646      2A2        C       0
                cstackCOMRAM                          1        1       2D        1       1
                cstackBANK0                          9D       9D       32       60       1
                cstackBANK1                         1A2      1A2       57      100       1
                bssBANK1                            100      100       A2      100       1
                bssBANK0                             60       60       3D       60       1
                bssCOMRAM                            2E       2E        8        1       1
                cinit                              1654     1654       2E        C       0
                nvBANK0                              CF       CF        2       60       1

TOTAL           Name                               Link     Load   Length     Space
        CLASS   STACK          

        CLASS   CODE           
                end_init                             CE       CE        4         0
                intcodelo                            18       18       B6         0
                intcode                               8        8       10         0
                reset_vec                             0        0        4         0
                text49                             1622     1622       32         0
                text48                             182C     182C        6         0
                text47                             17FE     17FE       10         0
                text46                             1434     1434       3E         0
                text45                             1260     1260       5E         0
                text44                             1364     1364       50         0
                text43                              D14      D14       EC         0
                text42                             16B0     16B0       2E         0
                text41                              E00      E00       CA         0
                text40                               D2       D2      574         0
                text39                              A06      A06      11E         0
                text38                             1554     1554       36         0
                text37                             17EC     17EC       12         0
                text36                              FF2      FF2       76         0
                intcode_body                        F74      F74       7E         0
                text34                             17DA     17DA       12         0
                text33                             13F4     13F4       40         0
                text32                              ECA      ECA       AA         0
                text31                             1778     1778       22         0
                text30                             17C8     17C8       12         0
                text29                             158A     158A       34         0
                text28                             14AE     14AE       3A         0
                text27                             179A     179A       1C         0
                text26                             16DE     16DE       2A         0
                text24                             1730     1730       26         0
                text23                             1472     1472       3C         0
                text22                             1314     1314       50         0
                text21                              8E8      8E8      11E         0
                text20                             151E     151E       36         0
                text19                             14E8     14E8       36         0
                text18                             1824     1824        8         0
                text17                             181C     181C        8         0
                text16                             1708     1708       28         0
                text15                             10D4     10D4       6A         0
                text14                             113E     113E       64         0
                text13                             12BE     12BE       56         0
                text12                             17B6     17B6       12         0
                text11                              B24      B24      104         0
                text10                             180E     180E        E         0
                text9                               C28      C28       EC         0
                text8                              1682     1682       2E         0
                text7                              11A2     11A2       60         0
                text6                              1202     1202       5E         0
                text5                              1068     1068       6C         0
                text4                              13B4     13B4       40         0
                text3                              15F0     15F0       32         0
                text2                              1756     1756       22         0
                text1                              15BE     15BE       32         0
                text0                               646      646      2A2         0
                cinit                              1654     1654       2E         0

        CLASS   CONST          

        CLASS   SMALLCONST     

        CLASS   MEDIUMCONST    

        CLASS   COMRAM         
                cstackCOMRAM                          1        1       2D         1
                bssCOMRAM                            2E       2E        8         1

        CLASS   ABS1           

        CLASS   BIGRAM         

        CLASS   RAM            

        CLASS   BANK0          
                cstackBANK0                          9D       9D       32         1
                bssBANK0                             60       60       3D         1
                nvBANK0                              CF       CF        2         1

        CLASS   BANK1          
                cstackBANK1                         1A2      1A2       57         1
                bssBANK1                            100      100       A2         1

        CLASS   BANK2          

        CLASS   BANK3          

        CLASS   BANK4          

        CLASS   BANK5          

        CLASS   BANK6          

        CLASS   BANK7          

        CLASS   BANK8          

        CLASS   BANK9          

        CLASS   BANK10         

        CLASS   BANK11         

        CLASS   BANK12         

        CLASS   BANK13         

        CLASS   BANK14         

        CLASS   SFR            

        CLASS   FARRAM         

        CLASS   CONFIG         
                config                             FFF8     FFF8        8         0

        CLASS   IDLOC          



SEGMENTS        Name                           Load    Length   Top    Selector   Space  Class

                reset_vec                      000000  000004  000004         0       0  CODE    
                cstackCOMRAM                   000001  000035  000036         1       1  COMRAM  
                intcode                        000008  000010  000018         4       0  CODE    
                intcodelo                      000018  00181A  001832         C       0  CODE    
                bssBANK0                       000060  000071  0000D1        60       1  BANK0   
                bssBANK1                       000100  0000F9  0001F9       100       1  BANK1   
                config                         00FFF8  000008  010000      FFF8       0  CONFIG  


UNUSED ADDRESS RANGES

        Name                Unused          Largest block    Delta
        BANK0            000D1-000FF              2F
        BANK1            001F9-001FF               7
        BANK10           00A00-00AFF             100
        BANK11           00B00-00BFF             100
        BANK12           00C00-00CFF             100
        BANK13           00D00-00DFF             100
        BANK14           00E00-00EBF              C0
        BANK2            00200-002FF             100
        BANK3            00300-003FF             100
        BANK4            00400-004FF             100
        BANK5            00500-005FF             100
        BANK6            00600-006FF             100
        BANK7            00700-007FF             100
        BANK8            00800-008FF             100
        BANK9            00900-009FF             100
        BIGRAM           00036-0005F              2A
                         000D1-000FF              2F
                         001F9-00EBF             CC7
        CODE             00004-00007               4
                         01832-0FFF7            E7C6
        COMRAM           00036-0005F              2A
        CONST            00004-00007               4
                         01832-0FFF7            E7C6
        MEDIUMCONST      01832-0FFF7            E7C6
        RAM              000D1-000FF              2F
                         001F9-00EBF             100
        SFR              00EC0-00FFF              60
        SMALLCONST       01832-0FFF7             100
        STACK            001F9-009FF             807

                                  Symbol Table

?_ReadTimer1                        cstackCOMRAM  00001
?___lwmod                           cstackBANK1   001A2
?_in_high_int                       cstackBANK0   0009D
?_in_low_int                        cstackBANK0   0009F
?_uart_receive_buffer_empty         cstackBANK1   001A2
?_uart_send_buffer_empty            cstackCOMRAM  00001
FromMainHigh_recvmsg@data           cstackBANK0   000B7
FromMainHigh_recvmsg@maxlength      cstackBANK0   000B9
FromMainHigh_recvmsg@msgtype        cstackBANK0   000B5
FromMainHigh_sendmsg@data           cstackBANK1   001B9
FromMainHigh_sendmsg@length         cstackBANK1   001BB
FromMainHigh_sendmsg@msgtype        cstackBANK1   001B8
OpenTimer0@config                   cstackBANK1   001A2
OpenTimer1@config                   cstackBANK1   001A4
OpenTimer1@config1                  cstackBANK1   001A2
ReadTimer1@timer                    cstackCOMRAM  00003
ToMainHigh_recvmsg@data             cstackBANK1   001BC
ToMainHigh_recvmsg@maxlength        cstackBANK1   001BE
ToMainHigh_recvmsg@msgtype          cstackBANK1   001BA
ToMainHigh_sendmsg@data             cstackBANK0   000B4
ToMainHigh_sendmsg@length           cstackBANK0   000B6
ToMainHigh_sendmsg@msgtype          cstackBANK0   000B3
ToMainLow_recvmsg@data              cstackBANK1   001BC
ToMainLow_recvmsg@maxlength         cstackBANK1   001BE
ToMainLow_recvmsg@msgtype           cstackBANK1   001BA
ToMainLow_sendmsg@data              cstackCOMRAM  00018
ToMainLow_sendmsg@length            cstackCOMRAM  0001A
ToMainLow_sendmsg@msgtype           cstackCOMRAM  00017
WriteTimer0@timer                   cstackBANK0   0009F
WriteTimer0@timer0                  cstackBANK0   0009D
WriteTimer1@timer                   cstackCOMRAM  00003
WriteTimer1@timer1                  cstackCOMRAM  00001
_BAUDCONbits                        (abs)         00F7E
_FromMainHigh_MQ                    bssBANK1      00100
_FromMainHigh_recvmsg               text38        01554
_FromMainHigh_sendmsg               text8         01682
_FromMainLow_MQ                     bssBANK1      00136
_INTCONbits                         (abs)         00FF2
_IPR1bits                           (abs)         00F9F
_InterruptHandlerHigh               intcode       00008
_InterruptHandlerLow                intcodelo     00018
_LATB                               (abs)         00F8A
_LATD                               (abs)         00F8C
_LATDbits                           (abs)         00F8C
_MQ_Main_Willing_to_block           bssCOMRAM     0002E
_OSCCON                             (abs)         00FD3
_OSCCONbits                         (abs)         00FD3
_OSCTUNEbits                        (abs)         00F9B
_OpenTimer0                         text24        01730
_OpenTimer1                         text23        01472
_PIE1bits                           (abs)         00F9D
_PIR1bits                           (abs)         00F9E
_PORTBbits                          (abs)         00F81
_RCONbits                           (abs)         00FD0
_RCREG1                             (abs)         00FAF
_RCSTA1bits                         (abs)         00FAC
_ReadTimer1                         text34        017DA
_SPBRG1                             (abs)         00FB0
_SPBRGH1                            (abs)         00F7F
_SSPADD                             (abs)         00FC8
_SSPBUF                             (abs)         00FC9
_SSPCON1                            (abs)         00FC6
_SSPCON1bits                        (abs)         00FC6
_SSPCON2                            (abs)         00FC5
_SSPCON2bits                        (abs)         00FC5
_SSPSTAT                            (abs)         00FC7
_SSPSTATbits                        (abs)         00FC7
_SleepIfOkay                        text45        01260
_T0CON                              (abs)         00FD5
_T0CONbits                          (abs)         00FD5
_T1CON                              (abs)         00FCD
_T1CONbits                          (abs)         00FCD
_T1GCON                             (abs)         00F9A
_T1GCONbits                         (abs)         00F9A
_TMR0H                              (abs)         00FD7
_TMR0L                              (abs)         00FD6
_TMR1H                              (abs)         00FCF
_TMR1L                              (abs)         00FCE
_TRISB                              (abs)         00F93
_TRISBbits                          (abs)         00F93
_TRISCbits                          (abs)         00F94
_TRISD                              (abs)         00F95
_TXREG1                             (abs)         00FAE
_TXSTA1bits                         (abs)         00FAD
_ToMainHigh_MQ                      bssBANK1      0016C
_ToMainHigh_recvmsg                 text20        0151E
_ToMainHigh_sendmsg                 text42        016B0
_ToMainLow_MQ                       bssBANK0      00060
_ToMainLow_recvmsg                  text19        014E8
_ToMainLow_sendmsg                  text31        01778
_WriteTimer0                        text37        017EC
_WriteTimer1                        text30        017C8
__CFG_CP0$OFF                       (abs)         00000
__CFG_CPUDIV$OSC1                   (abs)         00000
__CFG_DSBOREN$OFF                   (abs)         00000
__CFG_DSWDTEN$OFF                   (abs)         00000
__CFG_DSWDTOSC$T1OSCREF             (abs)         00000
__CFG_DSWDTPS$G2                    (abs)         00000
__CFG_FCMEN$OFF                     (abs)         00000
__CFG_IESO$ON                       (abs)         00000
__CFG_IOL1WAY$ON                    (abs)         00000
__CFG_LPT1OSC$OFF                   (abs)         00000
__CFG_MSSP7B_EN$MSK7                (abs)         00000
__CFG_OSC$HSPLL                     (abs)         00000
__CFG_PLLDIV$3                      (abs)         00000
__CFG_RTCOSC$T1OSCREF               (abs)         00000
__CFG_STVREN$OFF                    (abs)         00000
__CFG_T1DIG$OFF                     (abs)         00000
__CFG_WDTEN$OFF                     (abs)         00000
__CFG_WDTPS$32768                   (abs)         00000
__CFG_WPCFG$OFF                     (abs)         00000
__CFG_WPDIS$OFF                     (abs)         00000
__CFG_WPEND$PAGE_WPFP               (abs)         00000
__CFG_WPFP$PAGE_63                  (abs)         00000
__CFG_XINST$OFF                     (abs)         00000
__HRAM                              (abs)         00000
__Habs1                             abs1          00000
__Hbank0                            bank0         00000
__Hbank1                            bank1         00000
__Hbank10                           bank10        00000
__Hbank11                           bank11        00000
__Hbank12                           bank12        00000
__Hbank13                           bank13        00000
__Hbank14                           bank14        00000
__Hbank2                            bank2         00000
__Hbank3                            bank3         00000
__Hbank4                            bank4         00000
__Hbank5                            bank5         00000
__Hbank6                            bank6         00000
__Hbank7                            bank7         00000
__Hbank8                            bank8         00000
__Hbank9                            bank9         00000
__Hbigbss                           bigbss        00000
__Hbigdata                          bigdata       00000
__Hbigram                           bigram        00000
__Hbss                              bss           00000
__HbssBANK0                         bssBANK0      00000
__HbssBANK1                         bssBANK1      00000
__HbssCOMRAM                        bssCOMRAM     00000
__Hcinit                            cinit         00000
__Hclrtext                          clrtext       00000
__Hcomram                           comram        00000
__Hconfig                           config        10000
__Hconst                            const         00000
__HcstackBANK0                      cstackBANK0   00000
__HcstackBANK1                      cstackBANK1   00000
__HcstackCOMRAM                     cstackCOMRAM  00000
__Hdata                             data          00000
__Hend_init                         end_init      000D2
__Hfarbss                           farbss        00000
__Hfardata                          fardata       00000
__Hibigdata                         ibigdata      00000
__Hidata                            idata         00000
__Hidloc                            idloc         00000
__Hifardata                         ifardata      00000
__Hinit                             init          000CE
__Hintcode                          intcode       00018
__Hintcode_body                     intcode_body  00000
__Hintcodelo                        intcodelo     000CE
__Hintentry                         intentry      00000
__Hintret                           intret        00000
__Hintsave_regs                     intsave_regs  00000
__Hirdata                           irdata        00000
__Hjflash_buffer                    jflash_buffer 0F800
__Hmediumconst                      mediumconst   00000
__HnvBANK0                          nvBANK0       00000
__HnvFARRAM                         nvFARRAM      00000
__Hnvbit                            nvbit         00000
__Hnvrram                           nvrram        00000
__Hparam                            param0        00000
__Hparam0                           param0        00000
__Hpowerup                          powerup       000CE
__Hram                              ram           00000
__Hramtop                           ramtop        00F00
__Hrbit                             rbit          00000
__Hrbss                             rbss          00000
__Hrdata                            rdata         00000
__Hreset_vec                        reset_vec     00004
__Hsfr                              sfr           00000
__Hsmallconst                       smallconst    00000
__Hspace_0                          (abs)         10000
__Hspace_1                          (abs)         001F9
__Hspace_2                          (abs)         00000
__Hstack                            stack         00000
__Hstruct                           struct        00000
__Htemp                             temp          00000
__Htext                             text          00000
__Htext0                            text0         00000
__Htext1                            text1         00000
__Htext10                           text10        00000
__Htext11                           text11        00000
__Htext12                           text12        00000
__Htext13                           text13        00000
__Htext14                           text14        00000
__Htext15                           text15        00000
__Htext16                           text16        00000
__Htext17                           text17        00000
__Htext18                           text18        00000
__Htext19                           text19        00000
__Htext2                            text2         00000
__Htext20                           text20        00000
__Htext21                           text21        00000
__Htext22                           text22        00000
__Htext23                           text23        00000
__Htext24                           text24        00000
__Htext26                           text26        00000
__Htext27                           text27        00000
__Htext28                           text28        00000
__Htext29                           text29        00000
__Htext3                            text3         00000
__Htext30                           text30        00000
__Htext31                           text31        00000
__Htext32                           text32        00000
__Htext33                           text33        00000
__Htext34                           text34        00000
__Htext36                           text36        00000
__Htext37                           text37        00000
__Htext38                           text38        00000
__Htext39                           text39        00000
__Htext4                            text4         00000
__Htext40                           text40        00000
__Htext41                           text41        00000
__Htext42                           text42        00000
__Htext43                           text43        00000
__Htext44                           text44        00000
__Htext45                           text45        00000
__Htext46                           text46        00000
__Htext47                           text47        00000
__Htext48                           text48        00000
__Htext49                           text49        00000
__Htext5                            text5         00000
__Htext6                            text6         00000
__Htext7                            text7         00000
__Htext8                            text8         00000
__Htext9                            text9         00000
__LRAM                              (abs)         00001
__Labs1                             abs1          00000
__Lbank0                            bank0         00000
__Lbank1                            bank1         00000
__Lbank10                           bank10        00000
__Lbank11                           bank11        00000
__Lbank12                           bank12        00000
__Lbank13                           bank13        00000
__Lbank14                           bank14        00000
__Lbank2                            bank2         00000
__Lbank3                            bank3         00000
__Lbank4                            bank4         00000
__Lbank5                            bank5         00000
__Lbank6                            bank6         00000
__Lbank7                            bank7         00000
__Lbank8                            bank8         00000
__Lbank9                            bank9         00000
__Lbigbss                           bigbss        00000
__Lbigdata                          bigdata       00000
__Lbigram                           bigram        00000
__Lbss                              bss           00000
__LbssBANK0                         bssBANK0      00000
__LbssBANK1                         bssBANK1      00000
__LbssCOMRAM                        bssCOMRAM     00000
__Lcinit                            cinit         00000
__Lclrtext                          clrtext       00000
__Lcomram                           comram        00000
__Lconfig                           config        0FFF8
__Lconst                            const         00000
__LcstackBANK0                      cstackBANK0   00000
__LcstackBANK1                      cstackBANK1   00000
__LcstackCOMRAM                     cstackCOMRAM  00000
__Ldata                             data          00000
__Lend_init                         end_init      000CE
__Lfarbss                           farbss        00000
__Lfardata                          fardata       00000
__Libigdata                         ibigdata      00000
__Lidata                            idata         00000
__Lidloc                            idloc         00000
__Lifardata                         ifardata      00000
__Linit                             init          000CE
__Lintcode                          intcode       00008
__Lintcode_body                     intcode_body  00000
__Lintcodelo                        intcodelo     00018
__Lintentry                         intentry      00000
__Lintret                           intret        00000
__Lintsave_regs                     intsave_regs  00000
__Lirdata                           irdata        00000
__Ljflash_buffer                    jflash_buffer 0F800
__Lmediumconst                      mediumconst   00000
__LnvBANK0                          nvBANK0       00000
__LnvFARRAM                         nvFARRAM      00000
__Lnvbit                            nvbit         00000
__Lnvrram                           nvrram        00000
__Lparam                            param0        00000
__Lparam0                           param0        00000
__Lpowerup                          powerup       000CE
__Lram                              ram           00000
__Lramtop                           ramtop        00F00
__Lrbit                             rbit          00000
__Lrbss                             rbss          00000
__Lrdata                            rdata         00000
__Lreset_vec                        reset_vec     00000
__Lsfr                              sfr           00000
__Lsmallconst                       smallconst    00000
__Lspace_0                          (abs)         00000
__Lspace_1                          (abs)         00000
__Lspace_2                          (abs)         00000
__Lstack                            stack         00000
__Lstruct                           struct        00000
__Ltemp                             temp          00000
__Ltext                             text          00000
__Ltext0                            text0         00000
__Ltext1                            text1         00000
__Ltext10                           text10        00000
__Ltext11                           text11        00000
__Ltext12                           text12        00000
__Ltext13                           text13        00000
__Ltext14                           text14        00000
__Ltext15                           text15        00000
__Ltext16                           text16        00000
__Ltext17                           text17        00000
__Ltext18                           text18        00000
__Ltext19                           text19        00000
__Ltext2                            text2         00000
__Ltext20                           text20        00000
__Ltext21                           text21        00000
__Ltext22                           text22        00000
__Ltext23                           text23        00000
__Ltext24                           text24        00000
__Ltext26                           text26        00000
__Ltext27                           text27        00000
__Ltext28                           text28        00000
__Ltext29                           text29        00000
__Ltext3                            text3         00000
__Ltext30                           text30        00000
__Ltext31                           text31        00000
__Ltext32                           text32        00000
__Ltext33                           text33        00000
__Ltext34                           text34        00000
__Ltext36                           text36        00000
__Ltext37                           text37        00000
__Ltext38                           text38        00000
__Ltext39                           text39        00000
__Ltext4                            text4         00000
__Ltext40                           text40        00000
__Ltext41                           text41        00000
__Ltext42                           text42        00000
__Ltext43                           text43        00000
__Ltext44                           text44        00000
__Ltext45                           text45        00000
__Ltext46                           text46        00000
__Ltext47                           text47        00000
__Ltext48                           text48        00000
__Ltext49                           text49        00000
__Ltext5                            text5         00000
__Ltext6                            text6         00000
__Ltext7                            text7         00000
__Ltext8                            text8         00000
__Ltext9                            text9         00000
__S0                                (abs)         10000
__S1                                (abs)         001F9
__S2                                (abs)         00000
___inthi_sp                         stack         00000
___intlo_sp                         stack         00000
___lwmod                            text7         011A2
___lwmod@counter                    cstackBANK1   001A6
___lwmod@dividend                   cstackBANK1   001A2
___lwmod@divisor                    cstackBANK1   001A4
___sp                               stack         00000
__accesstop                         (abs)         00060
__activetblptr                      (abs)         00002
__end_of_FromMainHigh_recvmsg       text38        0158A
__end_of_FromMainHigh_sendmsg       text8         016B0
__end_of_InterruptHandlerHigh       intcode_body  00FF2
__end_of_InterruptHandlerLow        intcodelo     000CE
__end_of_OpenTimer0                 text24        01756
__end_of_OpenTimer1                 text23        014AE
__end_of_ReadTimer1                 text34        017EC
__end_of_SleepIfOkay                text45        012BE
__end_of_ToMainHigh_recvmsg         text20        01554
__end_of_ToMainHigh_sendmsg         text42        016DE
__end_of_ToMainLow_recvmsg          text19        0151E
__end_of_ToMainLow_sendmsg          text31        0179A
__end_of_WriteTimer0                text37        017FE
__end_of_WriteTimer1                text30        017DA
__end_of___lwmod                    text7         01202
__end_of__initialization            cinit         01678
__end_of_blip                       text18        0182C
__end_of_check_msg                  text49        01654
__end_of_enable_interrupts          text17        01824
__end_of_enter_sleep_mode           text48        01832
__end_of_handle_start               text41        00ECA
__end_of_i2c_configure_slave        text16        01730
__end_of_i2c_int_handler            text40        00646
__end_of_in_high_int                text47        0180E
__end_of_in_low_int                 text46        01472
__end_of_init_i2c                   text15        0113E
__end_of_init_queue                 text14        011A2
__end_of_init_queues                text13        01314
__end_of_init_timer1_lthread        text12        017C8
__end_of_main                       text0         008E8
__end_of_memcpy                     text22        01364
__end_of_recv_msg                   text21        00A06
__end_of_send_msg                   text9         00D14
__end_of_start_i2c_slave_reply      text11        00C28
__end_of_timer0_int_handler         text36        01068
__end_of_timer0_lthread             text10        0181C
__end_of_timer1_int_handler         text29        015BE
__end_of_timer1_lthread             text6         01260
__end_of_uart_configure             text5         010D4
__end_of_uart_get_byte              text4         013F4
__end_of_uart_lthread               text3         01622
__end_of_uart_receive_buffer_empty  text2         01778
__end_of_uart_receive_byte          text28        014E8
__end_of_uart_send_buffer_empty     text27        017B6
__end_of_uart_send_byte             text1         015F0
__end_of_uart_transmit_byte         text26        01708
__end_ofi1_memcpy                   text33        01434
__end_ofi1_send_msg                 text32        00F74
__end_ofi2_memcpy                   text44        013B4
__end_ofi2_recv_msg                 text39        00B24
__end_ofi2_send_msg                 text43        00E00
__initialization                    cinit         01654
__mediumconst                       mediumconst   00000
__pbssBANK0                         bssBANK0      00060
__pbssBANK1                         bssBANK1      00100
__pbssCOMRAM                        bssCOMRAM     0002E
__pcinit                            cinit         01654
__pcstackBANK0                      cstackBANK0   0009D
__pcstackBANK1                      cstackBANK1   001A2
__pcstackCOMRAM                     cstackCOMRAM  00001
__pintcode                          intcode       00008
__pintcode_body                     intcode_body  00F74
__pintcodelo                        intcodelo     00018
__pnvBANK0                          nvBANK0       000CF
__ptext0                            text0         00646
__ptext1                            text1         015BE
__ptext10                           text10        0180E
__ptext11                           text11        00B24
__ptext12                           text12        017B6
__ptext13                           text13        012BE
__ptext14                           text14        0113E
__ptext15                           text15        010D4
__ptext16                           text16        01708
__ptext17                           text17        0181C
__ptext18                           text18        01824
__ptext19                           text19        014E8
__ptext2                            text2         01756
__ptext20                           text20        0151E
__ptext21                           text21        008E8
__ptext22                           text22        01314
__ptext23                           text23        01472
__ptext24                           text24        01730
__ptext26                           text26        016DE
__ptext27                           text27        0179A
__ptext28                           text28        014AE
__ptext29                           text29        0158A
__ptext3                            text3         015F0
__ptext30                           text30        017C8
__ptext31                           text31        01778
__ptext32                           text32        00ECA
__ptext33                           text33        013F4
__ptext34                           text34        017DA
__ptext36                           text36        00FF2
__ptext37                           text37        017EC
__ptext38                           text38        01554
__ptext39                           text39        00A06
__ptext4                            text4         013B4
__ptext40                           text40        000D2
__ptext41                           text41        00E00
__ptext42                           text42        016B0
__ptext43                           text43        00D14
__ptext44                           text44        01364
__ptext45                           text45        01260
__ptext46                           text46        01434
__ptext47                           text47        017FE
__ptext48                           text48        0182C
__ptext49                           text49        01622
__ptext5                            text5         01068
__ptext6                            text6         01202
__ptext7                            text7         011A2
__ptext8                            text8         01682
__ptext9                            text9         00C28
__ramtop                            ramtop        00F00
__size_of_FromMainHigh_recvmsg      (abs)         00000
__size_of_FromMainHigh_sendmsg      (abs)         00000
__size_of_InterruptHandlerHigh      (abs)         00000
__size_of_InterruptHandlerLow       (abs)         00000
__size_of_OpenTimer0                (abs)         00000
__size_of_OpenTimer1                (abs)         00000
__size_of_ReadTimer1                (abs)         00000
__size_of_SleepIfOkay               (abs)         00000
__size_of_ToMainHigh_recvmsg        (abs)         00000
__size_of_ToMainHigh_sendmsg        (abs)         00000
__size_of_ToMainLow_recvmsg         (abs)         00000
__size_of_ToMainLow_sendmsg         (abs)         00000
__size_of_WriteTimer0               (abs)         00000
__size_of_WriteTimer1               (abs)         00000
__size_of___lwmod                   (abs)         00000
__size_of_blip                      (abs)         00000
__size_of_check_msg                 (abs)         00000
__size_of_enable_interrupts         (abs)         00000
__size_of_enter_sleep_mode          (abs)         00000
__size_of_handle_start              (abs)         00000
__size_of_i2c_configure_slave       (abs)         00000
__size_of_i2c_int_handler           (abs)         00000
__size_of_in_high_int               (abs)         00000
__size_of_in_low_int                (abs)         00000
__size_of_init_i2c                  (abs)         00000
__size_of_init_queue                (abs)         00000
__size_of_init_queues               (abs)         00000
__size_of_init_timer1_lthread       (abs)         00000
__size_of_main                      (abs)         00000
__size_of_memcpy                    (abs)         00000
__size_of_recv_msg                  (abs)         00000
__size_of_send_msg                  (abs)         00000
__size_of_start_i2c_slave_reply     (abs)         00000
__size_of_timer0_int_handler        (abs)         00000
__size_of_timer0_lthread            (abs)         00000
__size_of_timer1_int_handler        (abs)         00000
__size_of_timer1_lthread            (abs)         00000
__size_of_uart_configure            (abs)         00000
__size_of_uart_get_byte             (abs)         00000
__size_of_uart_lthread              (abs)         00000
__size_of_uart_receive_buffer_empty (abs)         00000
__size_of_uart_receive_byte         (abs)         00000
__size_of_uart_send_buffer_empty    (abs)         00000
__size_of_uart_send_byte            (abs)         00000
__size_of_uart_transmit_byte        (abs)         00000
__size_ofi1_memcpy                  (abs)         00000
__size_ofi1_send_msg                (abs)         00000
__size_ofi2_memcpy                  (abs)         00000
__size_ofi2_recv_msg                (abs)         00000
__size_ofi2_send_msg                (abs)         00000
__smallconst                        smallconst    00000
_blip                               text18        01824
_check_msg                          text49        01622
_enable_interrupts                  text17        0181C
_enter_sleep_mode                   text48        0182C
_handle_start                       text41        00E00
_i2c_configure_slave                text16        01708
_i2c_int_handler                    text40        000D2
_ic_ptr                             nvBANK0       000CF
_in_high_int                        text47        017FE
_in_low_int                         text46        01434
_init_i2c                           text15        010D4
_init_queue                         text14        0113E
_init_queues                        text13        012BE
_init_timer1_lthread                text12        017B6
_main                               text0         00646
_memcpy                             text22        01314
_recv_msg                           text21        008E8
_send_msg                           text9         00C28
_start_i2c_slave_reply              text11        00B24
_timer0_int_handler                 text36        00FF2
_timer0_lthread                     text10        0180E
_timer1_int_handler                 text29        0158A
_timer1_lthread                     text6         01202
_uart_configure                     text5         01068
_uart_get_byte                      text4         013B4
_uart_lthread                       text3         015F0
_uart_receive_buffer                bssBANK0      00096
_uart_receive_buffer_empty          text2         01756
_uart_receive_byte                  text28        014AE
_uart_send_buffer                   bssCOMRAM     0002F
_uart_send_buffer_empty             text27        0179A
_uart_send_byte                     text1         015BE
_uart_transmit_byte                 text26        016DE
check_msg@qptr                      cstackBANK0   0009D
end_of_initialization               cinit         01678
handle_start@data_read              cstackBANK0   0009D
i1_memcpy                           text33        013F4
i1_send_msg                         text32        00ECA
i1memcpy@d                          cstackCOMRAM  00007
i1memcpy@d1                         cstackCOMRAM  00001
i1memcpy@n                          cstackCOMRAM  00005
i1memcpy@s                          cstackCOMRAM  00009
i1memcpy@s1                         cstackCOMRAM  00003
i1send_msg@data                     cstackCOMRAM  0000F
i1send_msg@length                   cstackCOMRAM  0000D
i1send_msg@msgtype                  cstackCOMRAM  0000E
i1send_msg@qmsg                     cstackCOMRAM  00015
i1send_msg@qptr                     cstackCOMRAM  0000B
i1send_msg@slot                     cstackCOMRAM  00014
i1send_msg@tlength                  cstackCOMRAM  00012
i2_memcpy                           text44        01364
i2_recv_msg                         text39        00A06
i2_send_msg                         text43        00D14
i2c_configure_slave@addr            cstackBANK1   001A2
i2c_int_handler@data_read           cstackBANK0   000C0
i2c_int_handler@data_written        cstackBANK0   000BB
i2c_int_handler@error_buf           cstackBANK0   000B8
i2c_int_handler@i2c_data            cstackBANK0   000BD
i2c_int_handler@msg_ready           cstackBANK0   000BF
i2c_int_handler@msg_to_send         cstackBANK0   000BE
i2c_int_handler@overrun_error       cstackBANK0   000BC
i2memcpy@d                          cstackBANK0   000A3
i2memcpy@d1                         cstackBANK0   0009D
i2memcpy@n                          cstackBANK0   000A1
i2memcpy@s                          cstackBANK0   000A5
i2memcpy@s1                         cstackBANK0   0009F
i2recv_msg@data                     cstackBANK0   000AC
i2recv_msg@maxlength                cstackBANK0   000A9
i2recv_msg@msgtype                  cstackBANK0   000AA
i2recv_msg@qmsg                     cstackBANK0   000B3
i2recv_msg@qptr                     cstackBANK0   000A7
i2recv_msg@slot                     cstackBANK0   000B0
i2recv_msg@tlength                  cstackBANK0   000B1
i2send_msg@data                     cstackBANK0   000AB
i2send_msg@length                   cstackBANK0   000A9
i2send_msg@msgtype                  cstackBANK0   000AA
i2send_msg@qmsg                     cstackBANK0   000B1
i2send_msg@qptr                     cstackBANK0   000A7
i2send_msg@slot                     cstackBANK0   000B0
i2send_msg@tlength                  cstackBANK0   000AE
init_i2c@ic                         cstackBANK1   001A2
init_queue@i                        cstackBANK1   001A4
init_queue@qptr                     cstackBANK1   001A2
init_timer1_lthread@tptr            cstackBANK1   001A2
int_func                            intcode_body  00F74
intlevel0                           text          00000
intlevel1                           text          00000
intlevel2                           text          00000
intlevel3                           text          00000
main@alex_counter                   cstackBANK1   001C5
main@ic                             cstackBANK1   001DD
main@last_reg_recvd                 cstackBANK1   001D5
main@length                         cstackBANK1   001DC
main@msgbuffer                      cstackBANK1   001C6
main@msgtype                        cstackBANK1   001DB
main@myByte1                        cstackBANK1   001D8
main@myByte2                        cstackBANK1   001D6
main@myByte3                        cstackBANK1   001D7
main@t0thread_data                  cstackBANK1   001D3
main@t1thread_data                  cstackBANK1   001D9
main@uthread_data                   cstackBANK1   001D1
memcpy@d                            cstackBANK1   001A8
memcpy@d1                           cstackBANK1   001A2
memcpy@n                            cstackBANK1   001A6
memcpy@s                            cstackBANK1   001AA
memcpy@s1                           cstackBANK1   001A4
recv_msg@data                       cstackBANK1   001B1
recv_msg@maxlength                  cstackBANK1   001AE
recv_msg@msgtype                    cstackBANK1   001AF
recv_msg@qmsg                       cstackBANK1   001B8
recv_msg@qptr                       cstackBANK1   001AC
recv_msg@slot                       cstackBANK1   001B5
recv_msg@tlength                    cstackBANK1   001B6
send_msg@data                       cstackBANK1   001B0
send_msg@length                     cstackBANK1   001AE
send_msg@msgtype                    cstackBANK1   001AF
send_msg@qmsg                       cstackBANK1   001B6
send_msg@qptr                       cstackBANK1   001AC
send_msg@slot                       cstackBANK1   001B5
send_msg@tlength                    cstackBANK1   001B3
stackhi                             (abs)         009FF
stacklo                             (abs)         001F9
start                               init          000CE
start_i2c_slave_reply@length        cstackBANK1   001A6
start_i2c_slave_reply@msg           cstackBANK1   001A2
start_initialization                cinit         01654
timer0_int_handler@length           cstackBANK0   000BA
timer0_int_handler@msgtype          cstackBANK0   000BC
timer0_int_handler@val              cstackBANK0   000BE
timer0_lthread@length               cstackBANK1   001A6
timer0_lthread@msgbuffer            cstackBANK1   001A8
timer0_lthread@msgtype              cstackBANK1   001A4
timer0_lthread@msgval               cstackBANK1   001AA
timer0_lthread@tptr                 cstackBANK1   001A2
timer1_int_handler@result           cstackCOMRAM  0001B
timer1_lthread@length               cstackBANK1   001C0
timer1_lthread@msgbuffer            cstackBANK1   001C2
timer1_lthread@msgtype              cstackBANK1   001BE
timer1_lthread@retval               cstackBANK1   001C4
timer1_lthread@tptr                 cstackBANK1   001BC
uart_get_byte@return_value          cstackBANK1   001A2
uart_lthread@length                 cstackBANK1   001A6
uart_lthread@msgbuffer              cstackBANK1   001A8
uart_lthread@msgtype                cstackBANK1   001A4
uart_lthread@uptr                   cstackBANK1   001A2
uart_send_byte@sendByte             cstackBANK1   001A2


FUNCTION INFORMATION:

 *************** function _main *****************
 Defined at:
		line 187 in file "../src/main.c"
 Parameters:    Size  Location     Type
		None
 Auto vars:     Size  Location     Type
  ic             28   59[BANK1 ] struct __i2c_comm
  msgbuffer      11   36[BANK1 ] unsigned char [11]
  t1thread_dat    2   55[BANK1 ] struct __timer1_thread_s
  t0thread_dat    2   49[BANK1 ] struct __timer0_thread_s
  uthread_data    2   47[BANK1 ] struct __uart_thread_str
  length          1   58[BANK1 ] char 
  msgtype         1   57[BANK1 ] unsigned char 
  myByte1         1   54[BANK1 ] unsigned char 
  myByte3         1   53[BANK1 ] unsigned char 
  myByte2         1   52[BANK1 ] unsigned char 
  last_reg_rec    1   51[BANK1 ] unsigned char 
  alex_counter    1   35[BANK1 ] unsigned char 
  i               1    0        unsigned char 
  c               1    0        unsigned char 
 Return value:  Size  Location     Type
		None               void
 Registers used:
		wreg, fsr1l, fsr1h, fsr2l, fsr2h, status,2, status,0, prodl, prodh, cstack
 Tracked objects:
		On entry : 
		On exit  : 
		Unchanged: 
 Data sizes:     COMRAM   BANK0   BANK1   BANK2   BANK3   BANK4   BANK5   BANK6   BANK7   BANK8   BANK9  BANK10  BANK11  BANK12  BANK13  BANK14
      Params:         0       0       0       0       0       0       0       0       0       0       0       0       0       0       0       0
      Locals:         0       0      52       0       0       0       0       0       0       0       0       0       0       0       0       0
      Temps:          0       0       0       0       0       0       0       0       0       0       0       0       0       0       0       0
      Totals:         0       0      52       0       0       0       0       0       0       0       0       0       0       0       0       0
Total ram usage:       52 bytes
 Hardware stack levels required when called:   14
 This function calls:
		_OpenTimer0
		_OpenTimer1
		_ToMainHigh_recvmsg
		_ToMainLow_recvmsg
		_blip
		_enable_interrupts
		_i2c_configure_slave
		_init_i2c
		_init_queues
		_init_timer1_lthread
		_start_i2c_slave_reply
		_timer0_lthread
		_timer1_lthread
		_uart_configure
		_uart_get_byte
		_uart_lthread
		_uart_receive_buffer_empty
		_uart_send_byte
 This function is called by:
		Startup code after reset
 This function uses a non-reentrant model


 *************** function _uart_send_byte *****************
 Defined at:
		line 54 in file "../src/my_uart.c"
 Parameters:    Size  Location     Type
  sendByte        1    wreg     unsigned char 
 Auto vars:     Size  Location     Type
  sendByte        1    0[BANK1 ] unsigned char 
 Return value:  Size  Location     Type
                  2   93[COMRAM] int 
 Registers used:
		wreg, fsr2l, fsr2h, status,2, status,0, prodl, prodh
 Tracked objects:
		On entry : 
		On exit  : 
		Unchanged: 
 Data sizes:     COMRAM   BANK0   BANK1   BANK2   BANK3   BANK4   BANK5   BANK6   BANK7   BANK8   BANK9  BANK10  BANK11  BANK12  BANK13  BANK14
      Params:         0       0       0       0       0       0       0       0       0       0       0       0       0       0       0       0
      Locals:         0       0       1       0       0       0       0       0       0       0       0       0       0       0       0       0
      Temps:          0       0       0       0       0       0       0       0       0       0       0       0       0       0       0       0
      Totals:         0       0       1       0       0       0       0       0       0       0       0       0       0       0       0       0
Total ram usage:        1 bytes
 Hardware stack levels used:    1
 Hardware stack levels required when called:   10
 This function calls:
		Nothing
 This function is called by:
		_main
 This function uses a non-reentrant model


 *************** function _uart_receive_buffer_empty *****************
 Defined at:
		line 138 in file "../src/my_uart.c"
 Parameters:    Size  Location     Type
		None
 Auto vars:     Size  Location     Type
		None
 Return value:  Size  Location     Type
                  2    0[BANK1 ] int 
 Registers used:
		wreg, status,2
 Tracked objects:
		On entry : 
		On exit  : 
		Unchanged: 
 Data sizes:     COMRAM   BANK0   BANK1   BANK2   BANK3   BANK4   BANK5   BANK6   BANK7   BANK8   BANK9  BANK10  BANK11  BANK12  BANK13  BANK14
      Params:         0       0       2       0       0       0       0       0       0       0       0       0       0       0       0       0
      Locals:         0       0       0       0       0       0       0       0       0       0       0       0       0       0       0       0
      Temps:          0       0       0       0       0       0       0       0       0       0       0       0       0       0       0       0
      Totals:         0       0       2       0       0       0       0       0       0       0       0       0       0       0       0       0
Total ram usage:        2 bytes
 Hardware stack levels used:    1
 Hardware stack levels required when called:   10
 This function calls:
		Nothing
 This function is called by:
		_main
 This function uses a non-reentrant model


 *************** function _uart_lthread *****************
 Defined at:
		line 9 in file "../src/uart_thread.c"
 Parameters:    Size  Location     Type
  uptr            2    0[BANK1 ] PTR struct __uart_thread
		 -> main@uthread_data(2), 
  msgtype         2    2[BANK1 ] int 
  length          2    4[BANK1 ] int 
  msgbuffer       2    6[BANK1 ] PTR unsigned char 
		 -> main@msgbuffer(11), 
 Auto vars:     Size  Location     Type
		None
 Return value:  Size  Location     Type
                  2    0[BANK1 ] int 
 Registers used:
		wreg, fsr2l, fsr2h, status,2, status,0
 Tracked objects:
		On entry : 
		On exit  : 
		Unchanged: 
 Data sizes:     COMRAM   BANK0   BANK1   BANK2   BANK3   BANK4   BANK5   BANK6   BANK7   BANK8   BANK9  BANK10  BANK11  BANK12  BANK13  BANK14
      Params:         0       0       8       0       0       0       0       0       0       0       0       0       0       0       0       0
      Locals:         0       0       0       0       0       0       0       0       0       0       0       0       0       0       0       0
      Temps:          0       0       0       0       0       0       0       0       0       0       0       0       0       0       0       0
      Totals:         0       0       8       0       0       0       0       0       0       0       0       0       0       0       0       0
Total ram usage:        8 bytes
 Hardware stack levels used:    1
 Hardware stack levels required when called:   10
 This function calls:
		Nothing
 This function is called by:
		_main
 This function uses a non-reentrant model


 *************** function _uart_get_byte *****************
 Defined at:
		line 105 in file "../src/my_uart.c"
 Parameters:    Size  Location     Type
		None
 Auto vars:     Size  Location     Type
  return_value    1    0[BANK1 ] unsigned char 
 Return value:  Size  Location     Type
                  1    wreg      unsigned char 
 Registers used:
		wreg, fsr2l, fsr2h, status,2, status,0, prodl, prodh
 Tracked objects:
		On entry : 
		On exit  : 
		Unchanged: 
 Data sizes:     COMRAM   BANK0   BANK1   BANK2   BANK3   BANK4   BANK5   BANK6   BANK7   BANK8   BANK9  BANK10  BANK11  BANK12  BANK13  BANK14
      Params:         0       0       0       0       0       0       0       0       0       0       0       0       0       0       0       0
      Locals:         0       0       1       0       0       0       0       0       0       0       0       0       0       0       0       0
      Temps:          0       0       0       0       0       0       0       0       0       0       0       0       0       0       0       0
      Totals:         0       0       1       0       0       0       0       0       0       0       0       0       0       0       0       0
Total ram usage:        1 bytes
 Hardware stack levels used:    1
 Hardware stack levels required when called:   10
 This function calls:
		Nothing
 This function is called by:
		_main
 This function uses a non-reentrant model


 *************** function _uart_configure *****************
 Defined at:
		line 14 in file "../src/my_uart.c"
 Parameters:    Size  Location     Type
		None
 Auto vars:     Size  Location     Type
		None
 Return value:  Size  Location     Type
		None               void
 Registers used:
		wreg, fsr2l, fsr2h, status,2, status,0, prodl, prodh
 Tracked objects:
		On entry : 
		On exit  : 
		Unchanged: 
 Data sizes:     COMRAM   BANK0   BANK1   BANK2   BANK3   BANK4   BANK5   BANK6   BANK7   BANK8   BANK9  BANK10  BANK11  BANK12  BANK13  BANK14
      Params:         0       0       0       0       0       0       0       0       0       0       0       0       0       0       0       0
      Locals:         0       0       0       0       0       0       0       0       0       0       0       0       0       0       0       0
      Temps:          0       0       0       0       0       0       0       0       0       0       0       0       0       0       0       0
      Totals:         0       0       0       0       0       0       0       0       0       0       0       0       0       0       0       0
Total ram usage:        0 bytes
 Hardware stack levels used:    1
 Hardware stack levels required when called:   10
 This function calls:
		Nothing
 This function is called by:
		_main
 This function uses a non-reentrant model


 *************** function _timer1_lthread *****************
 Defined at:
		line 14 in file "../src/timer1_thread.c"
 Parameters:    Size  Location     Type
  tptr            2   26[BANK1 ] PTR struct __timer1_thre
		 -> main@t1thread_data(2), 
  msgtype         2   28[BANK1 ] int 
  length          2   30[BANK1 ] int 
  msgbuffer       2   32[BANK1 ] PTR unsigned char 
		 -> main@msgbuffer(11), 
 Auto vars:     Size  Location     Type
  retval          1   34[BANK1 ] char 
 Return value:  Size  Location     Type
                  2   26[BANK1 ] int 
 Registers used:
		wreg, fsr1l, fsr1h, fsr2l, fsr2h, status,2, status,0, prodl, prodh, cstack
 Tracked objects:
		On entry : 
		On exit  : 
		Unchanged: 
 Data sizes:     COMRAM   BANK0   BANK1   BANK2   BANK3   BANK4   BANK5   BANK6   BANK7   BANK8   BANK9  BANK10  BANK11  BANK12  BANK13  BANK14
      Params:         0       0       8       0       0       0       0       0       0       0       0       0       0       0       0       0
      Locals:         0       0       1       0       0       0       0       0       0       0       0       0       0       0       0       0
      Temps:          0       0       0       0       0       0       0       0       0       0       0       0       0       0       0       0
      Totals:         0       0       9       0       0       0       0       0       0       0       0       0       0       0       0       0
Total ram usage:        9 bytes
 Hardware stack levels used:    1
 Hardware stack levels required when called:   13
 This function calls:
		_FromMainHigh_sendmsg
		___lwmod
 This function is called by:
		_main
 This function uses a non-reentrant model


 *************** function ___lwmod *****************
 Defined at:
		line 8 in file "C:\Program Files (x86)\Microchip\xc8\v1.32\sources\common\lwmod.c"
 Parameters:    Size  Location     Type
  dividend        2    0[BANK1 ] unsigned int 
  divisor         2    2[BANK1 ] unsigned int 
 Auto vars:     Size  Location     Type
  counter         1    4[BANK1 ] unsigned char 
 Return value:  Size  Location     Type
                  2    0[BANK1 ] unsigned int 
 Registers used:
		wreg, status,2, status,0
 Tracked objects:
		On entry : 
		On exit  : 
		Unchanged: 
 Data sizes:     COMRAM   BANK0   BANK1   BANK2   BANK3   BANK4   BANK5   BANK6   BANK7   BANK8   BANK9  BANK10  BANK11  BANK12  BANK13  BANK14
      Params:         0       0       4       0       0       0       0       0       0       0       0       0       0       0       0       0
      Locals:         0       0       1       0       0       0       0       0       0       0       0       0       0       0       0       0
      Temps:          0       0       0       0       0       0       0       0       0       0       0       0       0       0       0       0
      Totals:         0       0       5       0       0       0       0       0       0       0       0       0       0       0       0       0
Total ram usage:        5 bytes
 Hardware stack levels used:    1
 Hardware stack levels required when called:   10
 This function calls:
		Nothing
 This function is called by:
		_timer1_lthread
 This function uses a non-reentrant model


 *************** function _FromMainHigh_sendmsg *****************
 Defined at:
		line 174 in file "../src/messages.c"
 Parameters:    Size  Location     Type
  length          1    wreg     unsigned char 
  msgtype         1   22[BANK1 ] unsigned char 
  data            2   23[BANK1 ] PTR void 
		 -> main@t1thread_data(2), 
 Auto vars:     Size  Location     Type
  length          1   25[BANK1 ] unsigned char 
 Return value:  Size  Location     Type
                  1    wreg      char 
 Registers used:
		wreg, fsr1l, fsr1h, fsr2l, fsr2h, status,2, status,0, prodl, prodh, cstack
 Tracked objects:
		On entry : 
		On exit  : 
		Unchanged: 
 Data sizes:     COMRAM   BANK0   BANK1   BANK2   BANK3   BANK4   BANK5   BANK6   BANK7   BANK8   BANK9  BANK10  BANK11  BANK12  BANK13  BANK14
      Params:         0       0       3       0       0       0       0       0       0       0       0       0       0       0       0       0
      Locals:         0       0       1       0       0       0       0       0       0       0       0       0       0       0       0       0
      Temps:          0       0       0       0       0       0       0       0       0       0       0       0       0       0       0       0
      Totals:         0       0       4       0       0       0       0       0       0       0       0       0       0       0       0       0
Total ram usage:        4 bytes
 Hardware stack levels used:    1
 Hardware stack levels required when called:   12
 This function calls:
		_send_msg
 This function is called by:
		_timer1_lthread
 This function uses a non-reentrant model


 *************** function _send_msg *****************
 Defined at:
		line 24 in file "../src/messages.c"
 Parameters:    Size  Location     Type
  qptr            2   10[BANK1 ] PTR struct __msg_queue
		 -> FromMainHigh_MQ(54), FromMainLow_MQ(54), ToMainHigh_MQ(54), ToMainLow_MQ(54), 
  length          1   12[BANK1 ] unsigned char 
  msgtype         1   13[BANK1 ] unsigned char 
  data            2   14[BANK1 ] PTR void 
		 -> NULL(0), timer0_int_handler@val(2), i2c_int_handler@error_buf(3), main@t1thread_data(2), 
		 -> main@ic(28), 
 Auto vars:     Size  Location     Type
  qmsg            2   20[BANK1 ] PTR struct __msg
		 -> FromMainLow_MQ.queue(52), FromMainHigh_MQ.queue(52), ToMainHigh_MQ.queue(52), ToMainLow_MQ.queue(52), 
		 -> FromMainHigh_MQ(54), FromMainLow_MQ(54), ToMainHigh_MQ(54), ToMainLow_MQ(54), 
  tlength         2   17[BANK1 ] unsigned int 
  slot            1   19[BANK1 ] unsigned char 
 Return value:  Size  Location     Type
                  1    wreg      char 
 Registers used:
		wreg, fsr1l, fsr1h, fsr2l, fsr2h, status,2, status,0, prodl, prodh, cstack
 Tracked objects:
		On entry : 
		On exit  : 
		Unchanged: 
 Data sizes:     COMRAM   BANK0   BANK1   BANK2   BANK3   BANK4   BANK5   BANK6   BANK7   BANK8   BANK9  BANK10  BANK11  BANK12  BANK13  BANK14
      Params:         0       0       6       0       0       0       0       0       0       0       0       0       0       0       0       0
      Locals:         0       0       5       0       0       0       0       0       0       0       0       0       0       0       0       0
      Temps:          0       0       1       0       0       0       0       0       0       0       0       0       0       0       0       0
      Totals:         0       0      12       0       0       0       0       0       0       0       0       0       0       0       0       0
Total ram usage:       12 bytes
 Hardware stack levels used:    1
 Hardware stack levels required when called:   11
 This function calls:
		_memcpy
 This function is called by:
		_FromMainHigh_sendmsg
		_FromMainLow_sendmsg
 This function uses a non-reentrant model


 *************** function _timer0_lthread *****************
 Defined at:
		line 9 in file "../src/timer0_thread.c"
 Parameters:    Size  Location     Type
  tptr            2    0[BANK1 ] PTR struct __timer0_thre
		 -> main@t0thread_data(2), 
  msgtype         2    2[BANK1 ] int 
  length          2    4[BANK1 ] int 
  msgbuffer       2    6[BANK1 ] PTR unsigned char 
		 -> main@msgbuffer(11), 
 Auto vars:     Size  Location     Type
  msgval          2    8[BANK1 ] PTR unsigned int 
		 -> main@msgbuffer(11), 
 Return value:  Size  Location     Type
                  2    0[BANK1 ] int 
 Registers used:
		wreg, status,2, status,0
 Tracked objects:
		On entry : 
		On exit  : 
		Unchanged: 
 Data sizes:     COMRAM   BANK0   BANK1   BANK2   BANK3   BANK4   BANK5   BANK6   BANK7   BANK8   BANK9  BANK10  BANK11  BANK12  BANK13  BANK14
      Params:         0       0       8       0       0       0       0       0       0       0       0       0       0       0       0       0
      Locals:         0       0       2       0       0       0       0       0       0       0       0       0       0       0       0       0
      Temps:          0       0       0       0       0       0       0       0       0       0       0       0       0       0       0       0
      Totals:         0       0      10       0       0       0       0       0       0       0       0       0       0       0       0       0
Total ram usage:       10 bytes
 Hardware stack levels used:    1
 Hardware stack levels required when called:   10
 This function calls:
		Nothing
 This function is called by:
		_main
 This function uses a non-reentrant model


 *************** function _start_i2c_slave_reply *****************
 Defined at:
		line 53 in file "../src/my_i2c.c"
 Parameters:    Size  Location     Type
  length          1    wreg     unsigned char 
  msg             2    0[BANK1 ] PTR unsigned char 
		 -> main@msgbuffer(11), 
 Auto vars:     Size  Location     Type
  length          1    4[BANK1 ] unsigned char 
 Return value:  Size  Location     Type
		None               void
 Registers used:
		wreg, fsr1l, fsr1h, fsr2l, fsr2h, status,2, status,0, prodl, prodh
 Tracked objects:
		On entry : 
		On exit  : 
		Unchanged: 
 Data sizes:     COMRAM   BANK0   BANK1   BANK2   BANK3   BANK4   BANK5   BANK6   BANK7   BANK8   BANK9  BANK10  BANK11  BANK12  BANK13  BANK14
      Params:         0       0       2       0       0       0       0       0       0       0       0       0       0       0       0       0
      Locals:         0       0       1       0       0       0       0       0       0       0       0       0       0       0       0       0
      Temps:          0       0       2       0       0       0       0       0       0       0       0       0       0       0       0       0
      Totals:         0       0       5       0       0       0       0       0       0       0       0       0       0       0       0       0
Total ram usage:        5 bytes
 Hardware stack levels used:    1
 Hardware stack levels required when called:   10
 This function calls:
		Nothing
 This function is called by:
		_main
 This function uses a non-reentrant model


 *************** function _init_timer1_lthread *****************
 Defined at:
		line 6 in file "../src/timer1_thread.c"
 Parameters:    Size  Location     Type
  tptr            2    0[BANK1 ] PTR struct __timer1_thre
		 -> main@t1thread_data(2), 
 Auto vars:     Size  Location     Type
		None
 Return value:  Size  Location     Type
		None               void
 Registers used:
		wreg, fsr2l, fsr2h
 Tracked objects:
		On entry : 
		On exit  : 
		Unchanged: 
 Data sizes:     COMRAM   BANK0   BANK1   BANK2   BANK3   BANK4   BANK5   BANK6   BANK7   BANK8   BANK9  BANK10  BANK11  BANK12  BANK13  BANK14
      Params:         0       0       2       0       0       0       0       0       0       0       0       0       0       0       0       0
      Locals:         0       0       0       0       0       0       0       0       0       0       0       0       0       0       0       0
      Temps:          0       0       0       0       0       0       0       0       0       0       0       0       0       0       0       0
      Totals:         0       0       2       0       0       0       0       0       0       0       0       0       0       0       0       0
Total ram usage:        2 bytes
 Hardware stack levels used:    1
 Hardware stack levels required when called:   10
 This function calls:
		Nothing
 This function is called by:
		_main
 This function uses a non-reentrant model


 *************** function _init_queues *****************
 Defined at:
		line 194 in file "../src/messages.c"
 Parameters:    Size  Location     Type
		None
 Auto vars:     Size  Location     Type
		None
 Return value:  Size  Location     Type
		None               void
 Registers used:
		wreg, fsr2l, fsr2h, status,2, status,0, prodl, prodh, cstack
 Tracked objects:
		On entry : 
		On exit  : 
		Unchanged: 
 Data sizes:     COMRAM   BANK0   BANK1   BANK2   BANK3   BANK4   BANK5   BANK6   BANK7   BANK8   BANK9  BANK10  BANK11  BANK12  BANK13  BANK14
      Params:         0       0       0       0       0       0       0       0       0       0       0       0       0       0       0       0
      Locals:         0       0       0       0       0       0       0       0       0       0       0       0       0       0       0       0
      Temps:          0       0       0       0       0       0       0       0       0       0       0       0       0       0       0       0
      Totals:         0       0       0       0       0       0       0       0       0       0       0       0       0       0       0       0
Total ram usage:        0 bytes
 Hardware stack levels used:    1
 Hardware stack levels required when called:   11
 This function calls:
		_init_queue
 This function is called by:
		_main
 This function uses a non-reentrant model


 *************** function _init_queue *****************
 Defined at:
		line 14 in file "../src/messages.c"
 Parameters:    Size  Location     Type
  qptr            2    0[BANK1 ] PTR struct __msg_queue
		 -> FromMainHigh_MQ(54), FromMainLow_MQ(54), ToMainHigh_MQ(54), ToMainLow_MQ(54), 
 Auto vars:     Size  Location     Type
  i               1    2[BANK1 ] unsigned char 
 Return value:  Size  Location     Type
		None               void
 Registers used:
		wreg, fsr2l, fsr2h, status,2, status,0, prodl, prodh
 Tracked objects:
		On entry : 
		On exit  : 
		Unchanged: 
 Data sizes:     COMRAM   BANK0   BANK1   BANK2   BANK3   BANK4   BANK5   BANK6   BANK7   BANK8   BANK9  BANK10  BANK11  BANK12  BANK13  BANK14
      Params:         0       0       2       0       0       0       0       0       0       0       0       0       0       0       0       0
      Locals:         0       0       1       0       0       0       0       0       0       0       0       0       0       0       0       0
      Temps:          0       0       0       0       0       0       0       0       0       0       0       0       0       0       0       0
      Totals:         0       0       3       0       0       0       0       0       0       0       0       0       0       0       0       0
Total ram usage:        3 bytes
 Hardware stack levels used:    1
 Hardware stack levels required when called:   10
 This function calls:
		Nothing
 This function is called by:
		_init_queues
 This function uses a non-reentrant model


 *************** function _init_i2c *****************
 Defined at:
		line 282 in file "../src/my_i2c.c"
 Parameters:    Size  Location     Type
  ic              2    0[BANK1 ] PTR struct __i2c_comm
		 -> main@ic(28), 
 Auto vars:     Size  Location     Type
		None
 Return value:  Size  Location     Type
		None               void
 Registers used:
		wreg, fsr2l, fsr2h, status,2, status,0
 Tracked objects:
		On entry : 
		On exit  : 
		Unchanged: 
 Data sizes:     COMRAM   BANK0   BANK1   BANK2   BANK3   BANK4   BANK5   BANK6   BANK7   BANK8   BANK9  BANK10  BANK11  BANK12  BANK13  BANK14
      Params:         0       0       2       0       0       0       0       0       0       0       0       0       0       0       0       0
      Locals:         0       0       0       0       0       0       0       0       0       0       0       0       0       0       0       0
      Temps:          0       0       0       0       0       0       0       0       0       0       0       0       0       0       0       0
      Totals:         0       0       2       0       0       0       0       0       0       0       0       0       0       0       0       0
Total ram usage:        2 bytes
 Hardware stack levels used:    1
 Hardware stack levels required when called:   10
 This function calls:
		Nothing
 This function is called by:
		_main
 This function uses a non-reentrant model


 *************** function _i2c_configure_slave *****************
 Defined at:
		line 293 in file "../src/my_i2c.c"
 Parameters:    Size  Location     Type
  addr            1    wreg     unsigned char 
 Auto vars:     Size  Location     Type
  addr            1    0[BANK1 ] unsigned char 
 Return value:  Size  Location     Type
		None               void
 Registers used:
		wreg, status,2, status,0
 Tracked objects:
		On entry : 
		On exit  : 
		Unchanged: 
[...]
      Temps:          0       1       0       0       0       0       0       0       0       0       0       0       0       0       0       0
      Totals:         0      10       0       0       0       0       0       0       0       0       0       0       0       0       0       0
Total ram usage:       10 bytes
 Hardware stack levels used:    1
 Hardware stack levels required when called:    3
 This function calls:
		_ToMainHigh_sendmsg
		_handle_start
 This function is called by:
		_InterruptHandlerHigh
 This function uses a non-reentrant model


 *************** function _handle_start *****************
 Defined at:
		line 71 in file "../src/my_i2c.c"
 Parameters:    Size  Location     Type
  data_read       1    wreg     unsigned char 
 Auto vars:     Size  Location     Type
  data_read       1    0[BANK0 ] unsigned char 
 Return value:  Size  Location     Type
		None               void
 Registers used:
		wreg, fsr2l, fsr2h, status,2, status,0
 Tracked objects:
		On entry : 
		On exit  : 
		Unchanged: 
 Data sizes:     COMRAM   BANK0   BANK1   BANK2   BANK3   BANK4   BANK5   BANK6   BANK7   BANK8   BANK9  BANK10  BANK11  BANK12  BANK13  BANK14
      Params:         0       0       0       0       0       0       0       0       0       0       0       0       0       0       0       0
      Locals:         0       1       0       0       0       0       0       0       0       0       0       0       0       0       0       0
      Temps:          0       0       0       0       0       0       0       0       0       0       0       0       0       0       0       0
      Totals:         0       1       0       0       0       0       0       0       0       0       0       0       0       0       0       0
Total ram usage:        1 bytes
 Hardware stack levels used:    1
 This function calls:
		Nothing
 This function is called by:
		_i2c_int_handler
 This function uses a non-reentrant model


 *************** function _ToMainHigh_sendmsg *****************
 Defined at:
		line 126 in file "../src/messages.c"
 Parameters:    Size  Location     Type
  length          1    wreg     unsigned char 
  msgtype         1   22[BANK0 ] unsigned char 
  data            2   23[BANK0 ] PTR void 
		 -> NULL(0), timer0_int_handler@val(2), i2c_int_handler@error_buf(3), main@ic(28), 
 Auto vars:     Size  Location     Type
  length          1   25[BANK0 ] unsigned char 
 Return value:  Size  Location     Type
                  1    wreg      char 
 Registers used:
		wreg, fsr1l, fsr1h, fsr2l, fsr2h, status,2, status,0, prodl, prodh, cstack
 Tracked objects:
		On entry : 
		On exit  : 
		Unchanged: 
 Data sizes:     COMRAM   BANK0   BANK1   BANK2   BANK3   BANK4   BANK5   BANK6   BANK7   BANK8   BANK9  BANK10  BANK11  BANK12  BANK13  BANK14
      Params:         0       3       0       0       0       0       0       0       0       0       0       0       0       0       0       0
      Locals:         0       1       0       0       0       0       0       0       0       0       0       0       0       0       0       0
      Temps:          0       0       0       0       0       0       0       0       0       0       0       0       0       0       0       0
      Totals:         0       4       0       0       0       0       0       0       0       0       0       0       0       0       0       0
Total ram usage:        4 bytes
 Hardware stack levels used:    1
 Hardware stack levels required when called:    2
 This function calls:
		i2_send_msg
 This function is called by:
		_i2c_int_handler
		_timer0_int_handler
 This function uses a non-reentrant model


 *************** function i2_send_msg *****************
 Defined at:
		line 24 in file "../src/messages.c"
 Parameters:    Size  Location     Type
  qptr            2   10[BANK0 ] PTR struct __msg_queue
		 -> FromMainHigh_MQ(54), FromMainLow_MQ(54), ToMainHigh_MQ(54), ToMainLow_MQ(54), 
  length          1   12[BANK0 ] unsigned char 
  msgtype         1   13[BANK0 ] unsigned char 
  data            2   14[BANK0 ] PTR void 
		 -> NULL(0), timer0_int_handler@val(2), i2c_int_handler@error_buf(3), main@t1thread_data(2), 
		 -> main@ic(28), 
 Auto vars:     Size  Location     Type
  send_msg        2   20[BANK0 ] PTR struct __msg
		 -> FromMainLow_MQ.queue(52), FromMainHigh_MQ.queue(52), ToMainHigh_MQ.queue(52), ToMainLow_MQ.queue(52), 
		 -> FromMainHigh_MQ(54), FromMainLow_MQ(54), ToMainHigh_MQ(54), ToMainLow_MQ(54), 
  send_msg        2   17[BANK0 ] unsigned int 
  send_msg        1   19[BANK0 ] unsigned char 
 Return value:  Size  Location     Type
                  1    wreg      char 
 Registers used:
		wreg, fsr1l, fsr1h, fsr2l, fsr2h, status,2, status,0, prodl, prodh, cstack
 Tracked objects:
		On entry : 
		On exit  : 
		Unchanged: 
 Data sizes:     COMRAM   BANK0   BANK1   BANK2   BANK3   BANK4   BANK5   BANK6   BANK7   BANK8   BANK9  BANK10  BANK11  BANK12  BANK13  BANK14
      Params:         0       6       0       0       0       0       0       0       0       0       0       0       0       0       0       0
      Locals:         0       5       0       0       0       0       0       0       0       0       0       0       0       0       0       0
      Temps:          0       1       0       0       0       0       0       0       0       0       0       0       0       0       0       0
      Totals:         0      12       0       0       0       0       0       0       0       0       0       0       0       0       0       0
Total ram usage:       12 bytes
 Hardware stack levels used:    1
 Hardware stack levels required when called:    1
 This function calls:
		i2_memcpy
 This function is called by:
		_ToMainHigh_sendmsg
 This function uses a non-reentrant model


 *************** function i2_memcpy *****************
 Defined at:
		line 11 in file "C:\Program Files (x86)\Microchip\xc8\v1.32\sources\common\memcpy.c"
 Parameters:    Size  Location     Type
  d1              2    0[BANK0 ] PTR void 
		 -> FromMainLow_MQ.queue(52), FromMainHigh_MQ.queue(52), ToMainHigh_MQ.queue(52), ToMainLow_MQ.queue(52), 
		 -> timer0_int_handler@val(2), FromMainHigh_MQ(54), FromMainLow_MQ(54), ToMainHigh_MQ(54), 
		 -> ToMainLow_MQ(54), main@msgbuffer(11), 
  s1              2    2[BANK0 ] PTR const void 
		 -> ToMainLow_MQ.data(10), ToMainHigh_MQ.data(10), FromMainLow_MQ.data(10), FromMainHigh_MQ.data(10), 
		 -> ToMainLow_MQ.queue.data(10), ToMainHigh_MQ.queue.data(10), FromMainHigh_MQ.queue.data(10), FromMainLow_MQ.queue.data(10), 
		 -> NULL(0), timer0_int_handler@val(2), i2c_int_handler@error_buf(3), FromMainHigh_MQ(54), 
		 -> FromMainLow_MQ(54), ToMainHigh_MQ(54), ToMainLow_MQ(54), main@t1thread_data(2), 
		 -> main@ic(28), 
  n               2    4[BANK0 ] unsigned int 
 Auto vars:     Size  Location     Type
  memcpy          2    8[BANK0 ] PTR const unsigned char 
		 -> ToMainLow_MQ.data(10), ToMainHigh_MQ.data(10), FromMainLow_MQ.data(10), FromMainHigh_MQ.data(10), 
		 -> ToMainLow_MQ.queue.data(10), ToMainHigh_MQ.queue.data(10), FromMainHigh_MQ.queue.data(10), FromMainLow_MQ.queue.data(10), 
		 -> NULL(0), timer0_int_handler@val(2), i2c_int_handler@error_buf(3), FromMainHigh_MQ(54), 
		 -> FromMainLow_MQ(54), ToMainHigh_MQ(54), ToMainLow_MQ(54), main@t1thread_data(2), 
		 -> main@ic(28), 
  memcpy          2    6[BANK0 ] PTR unsigned char 
		 -> FromMainLow_MQ.queue(52), FromMainHigh_MQ.queue(52), ToMainHigh_MQ.queue(52), ToMainLow_MQ.queue(52), 
		 -> timer0_int_handler@val(2), FromMainHigh_MQ(54), FromMainLow_MQ(54), ToMainHigh_MQ(54), 
		 -> ToMainLow_MQ(54), main@msgbuffer(11), 
 Return value:  Size  Location     Type
                  2    0[BANK0 ] PTR void 
 Registers used:
		wreg, fsr1l, fsr1h, fsr2l, fsr2h, status,2, status,0
 Tracked objects:
		On entry : 
		On exit  : 
		Unchanged: 
 Data sizes:     COMRAM   BANK0   BANK1   BANK2   BANK3   BANK4   BANK5   BANK6   BANK7   BANK8   BANK9  BANK10  BANK11  BANK12  BANK13  BANK14
      Params:         0       6       0       0       0       0       0       0       0       0       0       0       0       0       0       0
      Locals:         0       4       0       0       0       0       0       0       0       0       0       0       0       0       0       0
      Temps:          0       0       0       0       0       0       0       0       0       0       0       0       0       0       0       0
      Totals:         0      10       0       0       0       0       0       0       0       0       0       0       0       0       0       0
Total ram usage:       10 bytes
 Hardware stack levels used:    1
 This function calls:
		Nothing
 This function is called by:
		i2_send_msg
		i2_recv_msg
 This function uses a non-reentrant model


 *************** function _SleepIfOkay *****************
 Defined at:
		line 226 in file "../src/messages.c"
 Parameters:    Size  Location     Type
		None
 Auto vars:     Size  Location     Type
		None
 Return value:  Size  Location     Type
		None               void
 Registers used:
		wreg, fsr2l, fsr2h, status,2, status,0, prodl, prodh, cstack
 Tracked objects:
		On entry : 
		On exit  : 
		Unchanged: 
 Data sizes:     COMRAM   BANK0   BANK1   BANK2   BANK3   BANK4   BANK5   BANK6   BANK7   BANK8   BANK9  BANK10  BANK11  BANK12  BANK13  BANK14
      Params:         0       0       0       0       0       0       0       0       0       0       0       0       0       0       0       0
      Locals:         0       0       0       0       0       0       0       0       0       0       0       0       0       0       0       0
      Temps:          0       0       0       0       0       0       0       0       0       0       0       0       0       0       0       0
      Totals:         0       0       0       0       0       0       0       0       0       0       0       0       0       0       0       0
Total ram usage:        0 bytes
 Hardware stack levels used:    1
 Hardware stack levels required when called:    2
 This function calls:
		_check_msg
		_enter_sleep_mode
		_in_high_int
		_in_low_int
 This function is called by:
		_InterruptHandlerHigh
 This function uses a non-reentrant model


 *************** function _in_low_int *****************
 Defined at:
		line 33 in file "../src/interrupts.c"
 Parameters:    Size  Location     Type
		None
 Auto vars:     Size  Location     Type
		None
 Return value:  Size  Location     Type
                  2    2[BANK0 ] int 
 Registers used:
		wreg, status,2, status,0, cstack
 Tracked objects:
		On entry : 
		On exit  : 
		Unchanged: 
 Data sizes:     COMRAM   BANK0   BANK1   BANK2   BANK3   BANK4   BANK5   BANK6   BANK7   BANK8   BANK9  BANK10  BANK11  BANK12  BANK13  BANK14
      Params:         0       2       0       0       0       0       0       0       0       0       0       0       0       0       0       0
      Locals:         0       0       0       0       0       0       0       0       0       0       0       0       0       0       0       0
      Temps:          0       0       0       0       0       0       0       0       0       0       0       0       0       0       0       0
      Totals:         0       2       0       0       0       0       0       0       0       0       0       0       0       0       0       0
Total ram usage:        2 bytes
 Hardware stack levels used:    1
 Hardware stack levels required when called:    1
 This function calls:
		_in_high_int
 This function is called by:
		_SleepIfOkay
		_in_main
 This function uses a non-reentrant model


 *************** function _in_high_int *****************
 Defined at:
		line 25 in file "../src/interrupts.c"
 Parameters:    Size  Location     Type
		None
 Auto vars:     Size  Location     Type
		None
 Return value:  Size  Location     Type
                  2    0[BANK0 ] int 
 Registers used:
		wreg, status,2
 Tracked objects:
		On entry : 
		On exit  : 
		Unchanged: 
 Data sizes:     COMRAM   BANK0   BANK1   BANK2   BANK3   BANK4   BANK5   BANK6   BANK7   BANK8   BANK9  BANK10  BANK11  BANK12  BANK13  BANK14
      Params:         0       2       0       0       0       0       0       0       0       0       0       0       0       0       0       0
      Locals:         0       0       0       0       0       0       0       0       0       0       0       0       0       0       0       0
      Temps:          0       0       0       0       0       0       0       0       0       0       0       0       0       0       0       0
      Totals:         0       2       0       0       0       0       0       0       0       0       0       0       0       0       0       0
Total ram usage:        2 bytes
 Hardware stack levels used:    1
 This function calls:
		Nothing
 This function is called by:
		_in_low_int
		_SleepIfOkay
		_in_main
 This function uses a non-reentrant model


 *************** function _enter_sleep_mode *****************
 Defined at:
		line 202 in file "../src/messages.c"
 Parameters:    Size  Location     Type
		None
 Auto vars:     Size  Location     Type
		None
 Return value:  Size  Location     Type
		None               void
 Registers used:
		None
 Tracked objects:
		On entry : 
		On exit  : 
		Unchanged: 
 Data sizes:     COMRAM   BANK0   BANK1   BANK2   BANK3   BANK4   BANK5   BANK6   BANK7   BANK8   BANK9  BANK10  BANK11  BANK12  BANK13  BANK14
      Params:         0       0       0       0       0       0       0       0       0       0       0       0       0       0       0       0
      Locals:         0       0       0       0       0       0       0       0       0       0       0       0       0       0       0       0
      Temps:          0       0       0       0       0       0       0       0       0       0       0       0       0       0       0       0
      Totals:         0       0       0       0       0       0       0       0       0       0       0       0       0       0       0       0
Total ram usage:        0 bytes
 Hardware stack levels used:    1
 This function calls:
		Nothing
 This function is called by:
		_SleepIfOkay
 This function uses a non-reentrant model


 *************** function _check_msg *****************
 Defined at:
		line 220 in file "../src/messages.c"
 Parameters:    Size  Location     Type
  qptr            2    0[BANK0 ] PTR struct __msg_queue
		 -> ToMainHigh_MQ(54), ToMainLow_MQ(54), 
 Auto vars:     Size  Location     Type
		None
 Return value:  Size  Location     Type
                  1    wreg      unsigned char 
 Registers used:
		wreg, fsr2l, fsr2h, status,2, status,0, prodl, prodh
 Tracked objects:
		On entry : 
		On exit  : 
		Unchanged: 
 Data sizes:     COMRAM   BANK0   BANK1   BANK2   BANK3   BANK4   BANK5   BANK6   BANK7   BANK8   BANK9  BANK10  BANK11  BANK12  BANK13  BANK14
      Params:         0       2       0       0       0       0       0       0       0       0       0       0       0       0       0       0
      Locals:         0       0       0       0       0       0       0       0       0       0       0       0       0       0       0       0
      Temps:          0       1       0       0       0       0       0       0       0       0       0       0       0       0       0       0
      Totals:         0       3       0       0       0       0       0       0       0       0       0       0       0       0       0       0
Total ram usage:        3 bytes
 Hardware stack levels used:    1
 This function calls:
		Nothing
 This function is called by:
		_SleepIfOkay
		_block_on_To_msgqueues
 This function uses a non-reentrant model



MODULE INFORMATION

Module		Function		Class		Link	Load	Size
C:\Program Files (x86)\Microchip\xc8\v1.32\sources\common\lwmod.c
		___lwmod       		CODE           	11A2	0000	96

C:\Program Files (x86)\Microchip\xc8\v1.32\sources\common\lwmod.c estimated size: 96

C:\Program Files (x86)\Microchip\xc8\v1.32\sources\pic18\plib\Timers\t0open.c
		_OpenTimer0    		CODE           	1730	0000	38

C:\Program Files (x86)\Microchip\xc8\v1.32\sources\pic18\plib\Timers\t0open.c estimated size: 38

../src/timer0_thread.c
		_timer0_lthread		CODE           	180E	0000	14

../src/timer0_thread.c estimated size: 14

C:\Program Files (x86)\Microchip\xc8\v1.32\sources\pic18\plib\Timers\t1write.c
		_WriteTimer1   		CODE           	17C8	0000	18

C:\Program Files (x86)\Microchip\xc8\v1.32\sources\pic18\plib\Timers\t1write.c estimated size: 18

C:\Program Files (x86)\Microchip\xc8\v1.32\sources\pic18\plib\Timers\t1read.c
		_ReadTimer1    		CODE           	17DA	0000	18

C:\Program Files (x86)\Microchip\xc8\v1.32\sources\pic18\plib\Timers\t1read.c estimated size: 18

../src/user_interrupts.c
		_timer0_int_han		CODE           	0FF2	0000	118
		_timer1_int_han		CODE           	158A	0000	52

../src/user_interrupts.c estimated size: 170

../src/debug.c
		_blip          		CODE           	1824	0000	8

../src/debug.c estimated size: 8

C:\Program Files (x86)\Microchip\xc8\v1.32\sources\common\memcpy.c
		_memcpy        		CODE           	1314	0000	80

C:\Program Files (x86)\Microchip\xc8\v1.32\sources\common\memcpy.c estimated size: 80

C:\Program Files (x86)\Microchip\xc8\v1.32\sources\pic18\plib\Timers\t0write.c
		_WriteTimer0   		CODE           	17EC	0000	18

C:\Program Files (x86)\Microchip\xc8\v1.32\sources\pic18\plib\Timers\t0write.c estimated size: 18

../src/my_i2c.c
		_start_i2c_slav		CODE           	0B24	0000	260
		_handle_start  		CODE           	0E00	0000	202
		_i2c_configure_		CODE           	1708	0000	40
		_init_i2c      		CODE           	10D4	0000	106
		_i2c_int_handle		CODE           	00D2	0000	1396

../src/my_i2c.c estimated size: 2004

../src/timer1_thread.c
		_timer1_lthread		CODE           	1202	0000	94
		_init_timer1_lt		CODE           	17B6	0000	18

../src/timer1_thread.c estimated size: 112

../src/interrupts.c
		_enable_interru		CODE           	181C	0000	8
		_in_low_int    		CODE           	1434	0000	62
		_in_high_int   		CODE           	17FE	0000	16
		_InterruptHandl		CODE           	0018	0000	182
		_InterruptHandl		CODE           	0008	0000	4074

../src/interrupts.c estimated size: 4342

shared
		i1_send_msg    		CODE           	0ECA	0000	170
		i2_send_msg    		CODE           	0D14	0000	236
		i2_recv_msg    		CODE           	0A06	0000	286
		__initializatio		CODE           	1654	0000	36
		i1_memcpy      		CODE           	13F4	0000	64
		i2_memcpy      		CODE           	1364	0000	80

shared estimated size: 872

../src/messages.c
		_ToMainHigh_sen		CODE           	16B0	0000	46
		_ToMainHigh_rec		CODE           	151E	0000	54
		_check_msg     		CODE           	1622	0000	50
		_ToMainLow_send		CODE           	1778	0000	34
		_ToMainLow_recv		CODE           	14E8	0000	54
		_FromMainHigh_s		CODE           	1682	0000	46
		_enter_sleep_mo		CODE           	182C	0000	6
		_send_msg      		CODE           	0C28	0000	236
		_FromMainHigh_r		CODE           	1554	0000	54
		_init_queue    		CODE           	113E	0000	100
		_init_queues   		CODE           	12BE	0000	86
		_recv_msg      		CODE           	08E8	0000	286
		_SleepIfOkay   		CODE           	1260	0000	94

../src/messages.c estimated size: 1146

../src/my_uart.c
		_uart_configure		CODE           	1068	0000	108
		_uart_transmit_		CODE           	16DE	0000	42
		_uart_receive_b		CODE           	14AE	0000	58
		_uart_get_byte 		CODE           	13B4	0000	64
		_uart_receive_b		CODE           	1756	0000	34
		_uart_send_buff		CODE           	179A	0000	28
		_uart_send_byte		CODE           	15BE	0000	50

../src/my_uart.c estimated size: 384

../src/main.c
		_main          		CODE           	0646	0000	674

../src/main.c estimated size: 674

C:\Program Files (x86)\Microchip\xc8\v1.32\sources\pic18\plib\Timers\t1open.c
		_OpenTimer1    		CODE           	1472	0000	60

C:\Program Files (x86)\Microchip\xc8\v1.32\sources\pic18\plib\Timers\t1open.c estimated size: 60

../src/uart_thread.c
		_uart_lthread  		CODE           	15F0	0000	50

../src/uart_thread.c estimated size: 50

