Microchip MPLAB XC8 Compiler V1.32 ()

Linker command line:

--edf=C:\Program Files (x86)\Microchip\xc8\v1.32\dat\en_msgs.txt -cs \
  -h+dist/UseXC8/production\PIC_Framework_3.X.production.sym \
  --cmf=dist/UseXC8/production\PIC_Framework_3.X.production.cmf -z \
  -Q18F45J10 -oC:\Users\alex\AppData\Local\Temp\s50c.6 \
  -Mdist/UseXC8/production/PIC_Framework_3.X.production.map -E1 -ver=XC8 \
  -ASTACK=0235h-03ffh -pstack=STACK -ACODE=00h-07FF7h -ACONST=00h-07FF7h \
  -ASMALLCONST=0400h-04FFhx123,07F00h-07FF7h -AMEDIUMCONST=0400h-07FF7h \
  -ACOMRAM=01h-07Fh -AABS1=00h-03FFh -ABIGRAM=01h-03FFh \
  -ARAM=080h-0FFh,0100h-01FFhx3 -ABANK0=080h-0FFh -ABANK1=0100h-01FFh \
  -ABANK2=0200h-02FFh -ABANK3=0300h-03FFh -ASFR=0F80h-0FFFh \
  -preset_vec=00h,intcode=08h,intcodelo=018h,powerup,init,end_init \
  -pramtop=0400h -psmallconst=SMALLCONST -pmediumconst=MEDIUMCONST \
  -pconst=CONST -AFARRAM=00h-00h -ACONFIG=07FF8h-07FFDh -pconfig=CONFIG \
  -pjflash_buffer=07800h \
  -prdata=COMRAM,nvrram=COMRAM,nvbit=COMRAM,rbss=COMRAM,rbit=COMRAM \
  -pfarbss=FARRAM,fardata=FARRAM,nvFARRAM=FARRAM \
  -pintsave_regs=BIGRAM,bigbss=BIGRAM,bigdata=BIGRAM -pbss=RAM \
  -pidata=CODE,irdata=CODE,ibigdata=CODE,ifardata=CODE \
  C:\Users\alex\AppData\Local\Temp\s50c.obj \
  dist/UseXC8/production\PIC_Framework_3.X.production.obj 

Object code version is 3.11

Machine type is 18F45J10

Call graph: (short form)




                Name                               Link     Load   Length Selector   Space Scale
C:\Users\alex\AppData\Local\Temp\s50c.obj
                end_init                             B6       B6        4        C       0
                reset_vec                             0        0        4        0       0
                config                             7FF8     7FF8        6     7FF8       0
dist/UseXC8/production\PIC_Framework_3.X.production.obj
                intcodelo                            18       18       9E        C       0
                intcode                               8        8       10        4       0
                text51                             175E     175E        6        C       0
                text50                             1656     1656       24        C       0
                text49                             174A     174A        C        C       0
                text48                             153E     153E       2E        C       0
                text47                             12C6     12C6       4E        C       0
                text46                             1354     1354       40        C       0
                text45                              DA2      DA2       AA        C       0
                text44                             1632     1632       24        C       0
                text43                              C32      C32       C6        C       0
                text42                               BA       BA      54A        C       0
                text41                              B60      B60       D2        C       0
                text40                             15C0     15C0       28        C       0
                text39                             171A     171A       12        C       0
                text38                             11C4     11C4       5C        C       0
                intcode_body                        F62      F62       7E        C       0
                text36                             1708     1708       12        C       0
                text35                             1314     1314       40        C       0
                text34                              CF8      CF8       AA        C       0
                text33                             160E     160E       24        C       0
                text32                             16F6     16F6       12        C       0
                text31                             156C     156C       2C        C       0
                text30                             1698     1698       1E        C       0
                text29                              E4C      E4C       94        C       0
                text27                             15E8     15E8       26        C       0
                text26                             14DE     14DE       32        C       0
                text25                              EE0      EE0       82        C       0
                text24                             1276     1276       50        C       0
                text23                              852      852      11E        C       0
                text22                             1444     1444       36        C       0
                text21                             140E     140E       36        C       0
                text20                             16D0     16D0       14        C       0
                text19                             14AC     14AC       32        C       0
                text18                             172C     172C       10        C       0
                text17                             1394     1394       3E        C       0
                text16                             13D2     13D2       3C        C       0
                text15                             1168     1168       5C        C       0
                text14                             1756     1756        8        C       0
                text13                             1598     1598       28        C       0
                text12                              FE0      FE0       66        C       0
                text11                             1046     1046       64        C       0
                text10                             1220     1220       56        C       0
                text9                              16E4     16E4       12        C       0
                text8                              167A     167A       1E        C       0
                text7                               970      970      104        C       0
                text6                              173C     173C        E        C       0
                text5                               A74      A74       EC        C       0
                text4                              1510     1510       2E        C       0
                text3                              10AA     10AA       60        C       0
                text2                              110A     110A       5E        C       0
                text1                              147A     147A       32        C       0
                text0                               604      604      24E        C       0
                cstackCOMRAM                          1        1       4A        1       1
                cstackBANK0                          80       80       3A       80       1
                cstackBANK2                         200      200       35      200       1
                bssBANK1                            100      100       D8      100       1
                bssCOMRAM                            4D       4D        2        1       1
                cinit                              16B6     16B6       1A        C       0
                nvBANK0                              BA       BA        2       80       1
                nvCOMRAM                             4B       4B        2        1       1

TOTAL           Name                               Link     Load   Length     Space
        CLASS   STACK          

        CLASS   CODE           
                end_init                             B6       B6        4         0
                intcodelo                            18       18       9E         0
                intcode                               8        8       10         0
                reset_vec                             0        0        4         0
                text51                             175E     175E        6         0
                text50                             1656     1656       24         0
                text49                             174A     174A        C         0
                text48                             153E     153E       2E         0
                text47                             12C6     12C6       4E         0
                text46                             1354     1354       40         0
                text45                              DA2      DA2       AA         0
                text44                             1632     1632       24         0
                text43                              C32      C32       C6         0
                text42                               BA       BA      54A         0
                text41                              B60      B60       D2         0
                text40                             15C0     15C0       28         0
                text39                             171A     171A       12         0
                text38                             11C4     11C4       5C         0
                intcode_body                        F62      F62       7E         0
                text36                             1708     1708       12         0
                text35                             1314     1314       40         0
                text34                              CF8      CF8       AA         0
                text33                             160E     160E       24         0
                text32                             16F6     16F6       12         0
                text31                             156C     156C       2C         0
                text30                             1698     1698       1E         0
                text29                              E4C      E4C       94         0
                text27                             15E8     15E8       26         0
                text26                             14DE     14DE       32         0
                text25                              EE0      EE0       82         0
                text24                             1276     1276       50         0
                text23                              852      852      11E         0
                text22                             1444     1444       36         0
                text21                             140E     140E       36         0
                text20                             16D0     16D0       14         0
                text19                             14AC     14AC       32         0
                text18                             172C     172C       10         0
                text17                             1394     1394       3E         0
                text16                             13D2     13D2       3C         0
                text15                             1168     1168       5C         0
                text14                             1756     1756        8         0
                text13                             1598     1598       28         0
                text12                              FE0      FE0       66         0
                text11                             1046     1046       64         0
                text10                             1220     1220       56         0
                text9                              16E4     16E4       12         0
                text8                              167A     167A       1E         0
                text7                               970      970      104         0
                text6                              173C     173C        E         0
                text5                               A74      A74       EC         0
                text4                              1510     1510       2E         0
                text3                              10AA     10AA       60         0
                text2                              110A     110A       5E         0
                text1                              147A     147A       32         0
                text0                               604      604      24E         0
                cinit                              16B6     16B6       1A         0

        CLASS   CONST          

        CLASS   SMALLCONST     

        CLASS   MEDIUMCONST    

        CLASS   COMRAM         
                cstackCOMRAM                          1        1       4A         1
                bssCOMRAM                            4D       4D        2         1
                nvCOMRAM                             4B       4B        2         1

        CLASS   ABS1           

        CLASS   BIGRAM         

        CLASS   RAM            

        CLASS   BANK0          
                cstackBANK0                          80       80       3A         1
                nvBANK0                              BA       BA        2         1

        CLASS   BANK1          
                bssBANK1                            100      100       D8         1

        CLASS   BANK2          
                cstackBANK2                         200      200       35         1

        CLASS   BANK3          

        CLASS   SFR            

        CLASS   FARRAM         

        CLASS   CONFIG         
                config                             7FF8     7FF8        6         0

        CLASS   IDLOC          



SEGMENTS        Name                           Load    Length   Top    Selector   Space  Class

                reset_vec                      000000  000004  000004         0       0  CODE    
                cstackCOMRAM                   000001  00004E  00004F         1       1  COMRAM  
                intcode                        000008  000010  000018         4       0  CODE    
                intcodelo                      000018  00174C  001764         C       0  CODE    
                cstackBANK0                    000080  00003C  0000BC        80       1  BANK0   
                bssBANK1                       000100  0000D8  0001D8       100       1  BANK1   
                cstackBANK2                    000200  000035  000235       200       1  BANK2   
                config                         007FF8  000006  007FFE      7FF8       0  CONFIG  


UNUSED ADDRESS RANGES

        Name                Unused          Largest block    Delta
        BANK0            000BC-000FF              44
        BANK1            001D8-001FF              28
        BANK2            00235-002FF              CB
        BANK3            00300-003FF             100
        BIGRAM           0004F-0007F              31
                         000BC-000FF              44
                         001D8-001FF              28
                         00235-003FF             1CB
        CODE             00004-00007               4
                         01764-07FF7            6894
        COMRAM           0004F-0007F              31
        CONST            00004-00007               4
                         01764-07FF7            6894
        MEDIUMCONST      01764-07FF7            6894
        RAM              000BC-000FF              44
                         001D8-001FF              28
                         00235-003FF              CB
        SFR              00F80-00FFF              80
        SMALLCONST       01764-07FF7             100
        STACK            00235-003FF             1CB

                                  Symbol Table

?_ReadTimer1                    cstackCOMRAM  00001
?___lwmod                       cstackBANK0   00097
?_in_high_int                   cstackBANK0   00097
?_in_low_int                    cstackBANK0   00099
?_in_main                       cstackBANK0   0009B
?i2_in_high_int                 cstackCOMRAM  0002E
?i2_in_low_int                  cstackCOMRAM  00030
Delay1KTCYx@unit                cstackBANK0   00097
FromMainHigh_recvmsg@data       cstackCOMRAM  00048
FromMainHigh_recvmsg@maxlength  cstackCOMRAM  0004A
FromMainHigh_recvmsg@msgtype    cstackCOMRAM  00046
FromMainHigh_sendmsg@data       cstackBANK0   000AE
FromMainHigh_sendmsg@length     cstackBANK0   000B0
FromMainHigh_sendmsg@msgtype    cstackBANK0   000AD
OpenTimer0@config               cstackBANK0   00097
OpenTimer1@config               cstackBANK0   00097
OpenUSART@config                cstackBANK0   0009C
OpenUSART@spbrg                 cstackBANK0   00097
ReadTimer1@timer                cstackCOMRAM  00003
ReadUSART@data                  cstackCOMRAM  00001
ToMainHigh_recvmsg@data         cstackBANK0   000B1
ToMainHigh_recvmsg@maxlength    cstackBANK0   000B3
ToMainHigh_recvmsg@msgtype      cstackBANK0   000AF
ToMainHigh_sendmsg@data         cstackCOMRAM  00045
ToMainHigh_sendmsg@length       cstackCOMRAM  00047
ToMainHigh_sendmsg@msgtype      cstackCOMRAM  00044
ToMainLow_recvmsg@data          cstackBANK0   000B1
ToMainLow_recvmsg@maxlength     cstackBANK0   000B3
ToMainLow_recvmsg@msgtype       cstackBANK0   000AF
ToMainLow_sendmsg@data          cstackCOMRAM  00018
ToMainLow_sendmsg@length        cstackCOMRAM  0001A
ToMainLow_sendmsg@msgtype       cstackCOMRAM  00017
WriteTimer0@timer               cstackCOMRAM  00030
WriteTimer0@timer0              cstackCOMRAM  0002E
WriteTimer1@timer               cstackCOMRAM  00003
WriteTimer1@timer1              cstackCOMRAM  00001
_Delay1KTCYx                    text20        016D0
_FromMainHigh_MQ                bssBANK1      00100
_FromMainHigh_recvmsg           text40        015C0
_FromMainHigh_sendmsg           text4         01510
_FromMainLow_MQ                 bssBANK1      00136
_INTCONbits                     (abs)         00FF2
_IPR1bits                       (abs)         00F9F
_InterruptHandlerHigh           intcode       00008
_InterruptHandlerLow            intcodelo     00018
_LATB                           (abs)         00F8A
_LATD                           (abs)         00F8C
_MQ_Main_Willing_to_block       bssCOMRAM     0004D
_OSCCON                         (abs)         00FD3
_OSCCONbits                     (abs)         00FD3
_OSCTUNEbits                    (abs)         00F9B
_OpenTimer0                     text27        015E8
_OpenTimer1                     text26        014DE
_OpenUSART                      text25        00EE0
_PIE1bits                       (abs)         00F9D
_PIR1bits                       (abs)         00F9E
_RCONbits                       (abs)         00FD0
_RCREG                          (abs)         00FAE
_RCSTA                          (abs)         00FAB
_RCSTAbits                      (abs)         00FAB
_ReadTimer1                     text36        01708
_ReadUSART                      text30        01698
_SPBRG                          (abs)         00FAF
_SPBRGH                         (abs)         00FB0
_SSPADD                         (abs)         00FC8
_SSPBUF                         (abs)         00FC9
_SSPCON1                        (abs)         00FC6
_SSPCON1bits                    (abs)         00FC6
_SSPCON2                        (abs)         00FC5
_SSPCON2bits                    (abs)         00FC5
_SSPSTAT                        (abs)         00FC7
_SSPSTATbits                    (abs)         00FC7
_SleepIfOkay                    text47        012C6
_T0CON                          (abs)         00FD5
_T0CONbits                      (abs)         00FD5
_T1CON                          (abs)         00FCD
_T1CONbits                      (abs)         00FCD
_TMR0H                          (abs)         00FD7
_TMR0L                          (abs)         00FD6
_TMR1H                          (abs)         00FCF
_TMR1L                          (abs)         00FCE
_TRISB                          (abs)         00F93
_TRISCbits                      (abs)         00F94
_TRISD                          (abs)         00F95
_TXSTA                          (abs)         00FAC
_TXSTAbits                      (abs)         00FAC
_ToMainHigh_MQ                  bssBANK1      0016C
_ToMainHigh_recvmsg             text22        01444
_ToMainHigh_sendmsg             text44        01632
_ToMainLow_MQ                   bssBANK1      001A2
_ToMainLow_recvmsg              text21        0140E
_ToMainLow_sendmsg              text33        0160E
_USART_Status                   bssCOMRAM     0004E
_WriteTimer0                    text39        0171A
_WriteTimer1                    text32        016F6
__CFG_CCP2MX$DEFAULT            (abs)         00000
__CFG_CP0$OFF                   (abs)         00000
__CFG_FCMEN$ON                  (abs)         00000
__CFG_FOSC$HSPLL                (abs)         00000
__CFG_FOSC2$ON                  (abs)         00000
__CFG_IESO$ON                   (abs)         00000
__CFG_STVREN$OFF                (abs)         00000
__CFG_WDTEN$OFF                 (abs)         00000
__CFG_WDTPS$32768               (abs)         00000
__CFG_XINST$OFF                 (abs)         00000
__HRAM                          (abs)         00000
__Habs1                         abs1          00000
__Hbank0                        bank0         00000
__Hbank1                        bank1         00000
__Hbank2                        bank2         00000
__Hbank3                        bank3         00000
__Hbigbss                       bigbss        00000
__Hbigdata                      bigdata       00000
__Hbigram                       bigram        00000
__Hbss                          bss           00000
__HbssBANK1                     bssBANK1      00000
__HbssCOMRAM                    bssCOMRAM     00000
__Hcinit                        cinit         00000
__Hclrtext                      clrtext       00000
__Hcomram                       comram        00000
__Hconfig                       config        07FFE
__Hconst                        const         00000
__HcstackBANK0                  cstackBANK0   00000
__HcstackBANK2                  cstackBANK2   00000
__HcstackCOMRAM                 cstackCOMRAM  00000
__Hdata                         data          00000
__Hend_init                     end_init      000BA
__Hfarbss                       farbss        00000
__Hfardata                      fardata       00000
__Hibigdata                     ibigdata      00000
__Hidata                        idata         00000
__Hidloc                        idloc         00000
__Hifardata                     ifardata      00000
__Hinit                         init          000B6
__Hintcode                      intcode       00018
__Hintcode_body                 intcode_body  00000
__Hintcodelo                    intcodelo     000B6
__Hintentry                     intentry      00000
__Hintret                       intret        00000
__Hintsave_regs                 intsave_regs  00000
__Hirdata                       irdata        00000
__Hjflash_buffer                jflash_buffer 07800
__Hmediumconst                  mediumconst   00000
__HnvBANK0                      nvBANK0       00000
__HnvCOMRAM                     nvCOMRAM      00000
__HnvFARRAM                     nvFARRAM      00000
__Hnvbit                        nvbit         00000
__Hnvrram                       nvrram        00000
__Hparam                        rparam        00000
__Hpowerup                      powerup       000B6
__Hram                          ram           00000
__Hramtop                       ramtop        00400
__Hrbit                         rbit          00000
__Hrbss                         rbss          00000
__Hrdata                        rdata         00000
__Hreset_vec                    reset_vec     00004
__Hrparam                       rparam        00000
__Hsfr                          sfr           00000
__Hsmallconst                   smallconst    00000
__Hspace_0                      (abs)         07FFE
__Hspace_1                      (abs)         00235
__Hspace_2                      (abs)         00000
__Hstack                        stack         00000
__Hstruct                       struct        00000
__Htemp                         temp          00000
__Htext                         text          00000
__Htext0                        text0         00000
__Htext1                        text1         00000
__Htext10                       text10        00000
__Htext11                       text11        00000
__Htext12                       text12        00000
__Htext13                       text13        00000
__Htext14                       text14        00000
__Htext15                       text15        00000
__Htext16                       text16        00000
__Htext17                       text17        00000
__Htext18                       text18        00000
__Htext19                       text19        00000
__Htext2                        text2         00000
__Htext20                       text20        00000
__Htext21                       text21        00000
__Htext22                       text22        00000
__Htext23                       text23        00000
__Htext24                       text24        00000
__Htext25                       text25        00000
__Htext26                       text26        00000
__Htext27                       text27        00000
__Htext29                       text29        00000
__Htext3                        text3         00000
__Htext30                       text30        00000
__Htext31                       text31        00000
__Htext32                       text32        00000
__Htext33                       text33        00000
__Htext34                       text34        00000
__Htext35                       text35        00000
__Htext36                       text36        00000
__Htext38                       text38        00000
__Htext39                       text39        00000
__Htext4                        text4         00000
__Htext40                       text40        00000
__Htext41                       text41        00000
__Htext42                       text42        00000
__Htext43                       text43        00000
__Htext44                       text44        00000
__Htext45                       text45        00000
__Htext46                       text46        00000
__Htext47                       text47        00000
__Htext48                       text48        00000
__Htext49                       text49        00000
__Htext5                        text5         00000
__Htext50                       text50        00000
__Htext51                       text51        00000
__Htext6                        text6         00000
__Htext7                        text7         00000
__Htext8                        text8         00000
__Htext9                        text9         00000
__LRAM                          (abs)         00001
__Labs1                         abs1          00000
__Lbank0                        bank0         00000
__Lbank1                        bank1         00000
__Lbank2                        bank2         00000
__Lbank3                        bank3         00000
__Lbigbss                       bigbss        00000
__Lbigdata                      bigdata       00000
__Lbigram                       bigram        00000
__Lbss                          bss           00000
__LbssBANK1                     bssBANK1      00000
__LbssCOMRAM                    bssCOMRAM     00000
__Lcinit                        cinit         00000
__Lclrtext                      clrtext       00000
__Lcomram                       comram        00000
__Lconfig                       config        07FF8
__Lconst                        const         00000
__LcstackBANK0                  cstackBANK0   00000
__LcstackBANK2                  cstackBANK2   00000
__LcstackCOMRAM                 cstackCOMRAM  00000
__Ldata                         data          00000
__Lend_init                     end_init      000B6
__Lfarbss                       farbss        00000
__Lfardata                      fardata       00000
__Libigdata                     ibigdata      00000
__Lidata                        idata         00000
__Lidloc                        idloc         00000
__Lifardata                     ifardata      00000
__Linit                         init          000B6
__Lintcode                      intcode       00008
__Lintcode_body                 intcode_body  00000
__Lintcodelo                    intcodelo     00018
__Lintentry                     intentry      00000
__Lintret                       intret        00000
__Lintsave_regs                 intsave_regs  00000
__Lirdata                       irdata        00000
__Ljflash_buffer                jflash_buffer 07800
__Lmediumconst                  mediumconst   00000
__LnvBANK0                      nvBANK0       00000
__LnvCOMRAM                     nvCOMRAM      00000
__LnvFARRAM                     nvFARRAM      00000
__Lnvbit                        nvbit         00000
__Lnvrram                       nvrram        00000
__Lparam                        rparam        00000
__Lpowerup                      powerup       000B6
__Lram                          ram           00000
__Lramtop                       ramtop        00400
__Lrbit                         rbit          00000
__Lrbss                         rbss          00000
__Lrdata                        rdata         00000
__Lreset_vec                    reset_vec     00000
__Lrparam                       rparam        00000
__Lsfr                          sfr           00000
__Lsmallconst                   smallconst    00000
__Lspace_0                      (abs)         00000
__Lspace_1                      (abs)         00000
__Lspace_2                      (abs)         00000
__Lstack                        stack         00000
__Lstruct                       struct        00000
__Ltemp                         temp          00000
__Ltext                         text          00000
__Ltext0                        text0         00000
__Ltext1                        text1         00000
__Ltext10                       text10        00000
__Ltext11                       text11        00000
__Ltext12                       text12        00000
__Ltext13                       text13        00000
__Ltext14                       text14        00000
__Ltext15                       text15        00000
__Ltext16                       text16        00000
__Ltext17                       text17        00000
__Ltext18                       text18        00000
__Ltext19                       text19        00000
__Ltext2                        text2         00000
__Ltext20                       text20        00000
__Ltext21                       text21        00000
__Ltext22                       text22        00000
__Ltext23                       text23        00000
__Ltext24                       text24        00000
__Ltext25                       text25        00000
__Ltext26                       text26        00000
__Ltext27                       text27        00000
__Ltext29                       text29        00000
__Ltext3                        text3         00000
__Ltext30                       text30        00000
__Ltext31                       text31        00000
__Ltext32                       text32        00000
__Ltext33                       text33        00000
__Ltext34                       text34        00000
__Ltext35                       text35        00000
__Ltext36                       text36        00000
__Ltext38                       text38        00000
__Ltext39                       text39        00000
__Ltext4                        text4         00000
__Ltext40                       text40        00000
__Ltext41                       text41        00000
__Ltext42                       text42        00000
__Ltext43                       text43        00000
__Ltext44                       text44        00000
__Ltext45                       text45        00000
__Ltext46                       text46        00000
__Ltext47                       text47        00000
__Ltext48                       text48        00000
__Ltext49                       text49        00000
__Ltext5                        text5         00000
__Ltext50                       text50        00000
__Ltext51                       text51        00000
__Ltext6                        text6         00000
__Ltext7                        text7         00000
__Ltext8                        text8         00000
__Ltext9                        text9         00000
__S0                            (abs)         07FFE
__S1                            (abs)         00235
__S2                            (abs)         00000
___extmem_base                  (abs)         20000
___inthi_sp                     stack         00000
___intlo_sp                     stack         00000
___lwmod                        text3         010AA
___lwmod@counter                cstackBANK0   0009B
___lwmod@dividend               cstackBANK0   00097
___lwmod@divisor                cstackBANK0   00099
___sp                           stack         00000
__accesstop                     (abs)         00080
__activetblptr                  (abs)         00002
__end_of_Delay1KTCYx            text20        016E4
__end_of_FromMainHigh_recvmsg   text40        015E8
__end_of_FromMainHigh_sendmsg   text4         0153E
__end_of_InterruptHandlerHigh   intcode_body  00FE0
__end_of_InterruptHandlerLow    intcodelo     000B6
__end_of_OpenTimer0             text27        0160E
__end_of_OpenTimer1             text26        01510
__end_of_OpenUSART              text25        00F62
__end_of_ReadTimer1             text36        0171A
__end_of_ReadUSART              text30        016B6
__end_of_SleepIfOkay            text47        01314
__end_of_ToMainHigh_recvmsg     text22        0147A
__end_of_ToMainHigh_sendmsg     text44        01656
__end_of_ToMainLow_recvmsg      text21        01444
__end_of_ToMainLow_sendmsg      text33        01632
__end_of_WriteTimer0            text39        0172C
__end_of_WriteTimer1            text32        01708
__end_of___lwmod                text3         0110A
__end_of__initialization        cinit         016C6
__end_of_block_on_To_msgqueues  text15        011C4
__end_of_check_msg              text19        014DE
__end_of_enable_interrupts      text14        0175E
__end_of_enter_sleep_mode       text51        01764
__end_of_handle_start           text43        00CF8
__end_of_i2c_configure_slave    text13        015C0
__end_of_i2c_int_handler        text42        00604
__end_of_in_high_int            text18        0173C
__end_of_in_low_int             text17        013D2
__end_of_in_main                text16        0140E
__end_of_init_i2c               text12        01046
__end_of_init_queue             text11        010AA
__end_of_init_queues            text10        01276
__end_of_init_timer1_lthread    text9         016F6
__end_of_init_uart_recv         text8         01698
__end_of_main                   text0         00852
__end_of_memcpy                 text24        012C6
__end_of_recv_msg               text23        00970
__end_of_send_msg               text5         00B60
__end_of_start_i2c_slave_reply  text7         00A74
__end_of_timer0_int_handler     text38        01220
__end_of_timer0_lthread         text6         0174A
__end_of_timer1_int_handler     text31        01598
__end_of_timer1_lthread         text2         01168
__end_of_uart_lthread           text1         014AC
__end_of_uart_recv_int_handler  text29        00EE0
__end_ofi1_memcpy               text35        01354
__end_ofi1_send_msg             text34        00DA2
__end_ofi2_check_msg            text50        0167A
__end_ofi2_in_high_int          text49        01756
__end_ofi2_in_low_int           text48        0156C
__end_ofi2_memcpy               text46        01394
__end_ofi2_recv_msg             text41        00C32
__end_ofi2_send_msg             text45        00E4C
__initialization                cinit         016B6
__mediumconst                   mediumconst   00000
__pbssBANK1                     bssBANK1      00100
__pbssCOMRAM                    bssCOMRAM     0004D
__pcinit                        cinit         016B6
__pcstackBANK0                  cstackBANK0   00080
__pcstackBANK2                  cstackBANK2   00200
__pcstackCOMRAM                 cstackCOMRAM  00001
__pintcode                      intcode       00008
__pintcode_body                 intcode_body  00F62
__pintcodelo                    intcodelo     00018
__pnvBANK0                      nvBANK0       000BA
__pnvCOMRAM                     nvCOMRAM      0004B
__ptext0                        text0         00604
__ptext1                        text1         0147A
__ptext10                       text10        01220
__ptext11                       text11        01046
__ptext12                       text12        00FE0
__ptext13                       text13        01598
__ptext14                       text14        01756
__ptext15                       text15        01168
__ptext16                       text16        013D2
__ptext17                       text17        01394
__ptext18                       text18        0172C
__ptext19                       text19        014AC
__ptext2                        text2         0110A
__ptext20                       text20        016D0
__ptext21                       text21        0140E
__ptext22                       text22        01444
__ptext23                       text23        00852
__ptext24                       text24        01276
__ptext25                       text25        00EE0
__ptext26                       text26        014DE
__ptext27                       text27        015E8
__ptext29                       text29        00E4C
__ptext3                        text3         010AA
__ptext30                       text30        01698
__ptext31                       text31        0156C
__ptext32                       text32        016F6
__ptext33                       text33        0160E
__ptext34                       text34        00CF8
__ptext35                       text35        01314
__ptext36                       text36        01708
__ptext38                       text38        011C4
__ptext39                       text39        0171A
__ptext4                        text4         01510
__ptext40                       text40        015C0
__ptext41                       text41        00B60
__ptext42                       text42        000BA
__ptext43                       text43        00C32
__ptext44                       text44        01632
__ptext45                       text45        00DA2
__ptext46                       text46        01354
__ptext47                       text47        012C6
__ptext48                       text48        0153E
__ptext49                       text49        0174A
__ptext5                        text5         00A74
__ptext50                       text50        01656
__ptext51                       text51        0175E
__ptext6                        text6         0173C
__ptext7                        text7         00970
__ptext8                        text8         0167A
__ptext9                        text9         016E4
__ramtop                        ramtop        00400
__size_of_Delay1KTCYx           (abs)         00000
__size_of_FromMainHigh_recvmsg  (abs)         00000
__size_of_FromMainHigh_sendmsg  (abs)         00000
__size_of_InterruptHandlerHigh  (abs)         00000
__size_of_InterruptHandlerLow   (abs)         00000
__size_of_OpenTimer0            (abs)         00000
__size_of_OpenTimer1            (abs)         00000
__size_of_OpenUSART             (abs)         00000
__size_of_ReadTimer1            (abs)         00000
__size_of_ReadUSART             (abs)         00000
__size_of_SleepIfOkay           (abs)         00000
__size_of_ToMainHigh_recvmsg    (abs)         00000
__size_of_ToMainHigh_sendmsg    (abs)         00000
__size_of_ToMainLow_recvmsg     (abs)         00000
__size_of_ToMainLow_sendmsg     (abs)         00000
__size_of_WriteTimer0           (abs)         00000
__size_of_WriteTimer1           (abs)         00000
__size_of___lwmod               (abs)         00000
__size_of_block_on_To_msgqueues (abs)         00000
__size_of_check_msg             (abs)         00000
__size_of_enable_interrupts     (abs)         00000
__size_of_enter_sleep_mode      (abs)         00000
__size_of_handle_start          (abs)         00000
__size_of_i2c_configure_slave   (abs)         00000
__size_of_i2c_int_handler       (abs)         00000
__size_of_in_high_int           (abs)         00000
__size_of_in_low_int            (abs)         00000
__size_of_in_main               (abs)         00000
__size_of_init_i2c              (abs)         00000
__size_of_init_queue            (abs)         00000
__size_of_init_queues           (abs)         00000
__size_of_init_timer1_lthread   (abs)         00000
__size_of_init_uart_recv        (abs)         00000
__size_of_main                  (abs)         00000
__size_of_memcpy                (abs)         00000
__size_of_recv_msg              (abs)         00000
__size_of_send_msg              (abs)         00000
__size_of_start_i2c_slave_reply (abs)         00000
__size_of_timer0_int_handler    (abs)         00000
__size_of_timer0_lthread        (abs)         00000
__size_of_timer1_int_handler    (abs)         00000
__size_of_timer1_lthread        (abs)         00000
__size_of_uart_lthread          (abs)         00000
__size_of_uart_recv_int_handler (abs)         00000
__size_ofi1_memcpy              (abs)         00000
__size_ofi1_send_msg            (abs)         00000
__size_ofi2_check_msg           (abs)         00000
__size_ofi2_in_high_int         (abs)         00000
__size_ofi2_in_low_int          (abs)         00000
__size_ofi2_memcpy              (abs)         00000
__size_ofi2_recv_msg            (abs)         00000
__size_ofi2_send_msg            (abs)         00000
__smallconst                    smallconst    00000
_block_on_To_msgqueues          text15        01168
_check_msg                      text19        014AC
_enable_interrupts              text14        01756
_enter_sleep_mode               text51        0175E
_handle_start                   text43        00C32
_i2c_configure_slave            text13        01598
_i2c_int_handler                text42        000BA
_ic_ptr                         nvBANK0       000BA
_in_high_int                    text18        0172C
_in_low_int                     text17        01394
_in_main                        text16        013D2
_init_i2c                       text12        00FE0
_init_queue                     text11        01046
_init_queues                    text10        01220
_init_timer1_lthread            text9         016E4
_init_uart_recv                 text8         0167A
_main                           text0         00604
_memcpy                         text24        01276
_recv_msg                       text23        00852
_send_msg                       text5         00A74
_start_i2c_slave_reply          text7         00970
_timer0_int_handler             text38        011C4
_timer0_lthread                 text6         0173C
_timer1_int_handler             text31        0156C
_timer1_lthread                 text2         0110A
_uart_lthread                   text1         0147A
_uart_recv_int_handler          text29        00E4C
_uc_ptr                         nvCOMRAM      0004B
check_msg@qptr                  cstackBANK0   00097
end_of_initialization           cinit         016C6
handle_start@data_read          cstackCOMRAM  0002E
i1_memcpy                       text35        01314
i1_send_msg                     text34        00CF8
i1memcpy@d                      cstackCOMRAM  00007
i1memcpy@d1                     cstackCOMRAM  00001
i1memcpy@n                      cstackCOMRAM  00005
i1memcpy@s                      cstackCOMRAM  00009
i1memcpy@s1                     cstackCOMRAM  00003
i1send_msg@data                 cstackCOMRAM  0000F
i1send_msg@length               cstackCOMRAM  0000D
i1send_msg@msgtype              cstackCOMRAM  0000E
i1send_msg@qmsg                 cstackCOMRAM  00015
i1send_msg@qptr                 cstackCOMRAM  0000B
i1send_msg@slot                 cstackCOMRAM  00014
i1send_msg@tlength              cstackCOMRAM  00012
i2_check_msg                    text50        01656
i2_in_high_int                  text49        0174A
i2_in_low_int                   text48        0153E
i2_memcpy                       text46        01354
i2_recv_msg                     text41        00B60
i2_send_msg                     text45        00DA2
i2c_configure_slave@addr        cstackBANK0   00097
i2c_int_handler@data_read       cstackBANK0   00088
i2c_int_handler@data_written    cstackBANK0   00083
i2c_int_handler@error_buf       cstackBANK0   00080
i2c_int_handler@i2c_data        cstackBANK0   00085
i2c_int_handler@msg_ready       cstackBANK0   00087
i2c_int_handler@msg_to_send     cstackBANK0   00086
i2c_int_handler@overrun_error   cstackBANK0   00084
i2check_msg@qptr                cstackCOMRAM  0002E
i2memcpy@d                      cstackCOMRAM  00034
i2memcpy@d1                     cstackCOMRAM  0002E
i2memcpy@n                      cstackCOMRAM  00032
i2memcpy@s                      cstackCOMRAM  00036
i2memcpy@s1                     cstackCOMRAM  00030
i2recv_msg@data                 cstackCOMRAM  0003D
i2recv_msg@maxlength            cstackCOMRAM  0003A
i2recv_msg@msgtype              cstackCOMRAM  0003B
i2recv_msg@qmsg                 cstackCOMRAM  00044
i2recv_msg@qptr                 cstackCOMRAM  00038
i2recv_msg@slot                 cstackCOMRAM  00041
i2recv_msg@tlength              cstackCOMRAM  00042
i2send_msg@data                 cstackCOMRAM  0003C
i2send_msg@length               cstackCOMRAM  0003A
i2send_msg@msgtype              cstackCOMRAM  0003B
i2send_msg@qmsg                 cstackCOMRAM  00042
i2send_msg@qptr                 cstackCOMRAM  00038
i2send_msg@slot                 cstackCOMRAM  00041
i2send_msg@tlength              cstackCOMRAM  0003F
init_i2c@ic                     cstackBANK0   00097
init_queue@i                    cstackBANK0   00099
init_queue@qptr                 cstackBANK0   00097
init_timer1_lthread@tptr        cstackBANK0   00097
init_uart_recv@uc               cstackBANK0   00097
int_func                        intcode_body  00F62
intlevel0                       text          00000
intlevel1                       text          00000
intlevel2                       text          00000
intlevel3                       text          00000
main@ic                         cstackBANK2   00219
main@last_reg_recvd             cstackBANK2   0020F
main@length                     cstackBANK2   00218
main@msgbuffer                  cstackBANK2   00200
main@msgtype                    cstackBANK2   00217
main@t0thread_data              cstackBANK2   0020D
main@t1thread_data              cstackBANK2   00210
main@uc                         cstackBANK2   00212
main@uthread_data               cstackBANK2   0020B
memcpy@d                        cstackBANK0   0009D
memcpy@d1                       cstackBANK0   00097
memcpy@n                        cstackBANK0   0009B
memcpy@s                        cstackBANK0   0009F
memcpy@s1                       cstackBANK0   00099
recv_msg@data                   cstackBANK0   000A6
recv_msg@maxlength              cstackBANK0   000A3
recv_msg@msgtype                cstackBANK0   000A4
recv_msg@qmsg                   cstackBANK0   000AD
recv_msg@qptr                   cstackBANK0   000A1
recv_msg@slot                   cstackBANK0   000AA
recv_msg@tlength                cstackBANK0   000AB
send_msg@data                   cstackBANK0   000A5
send_msg@length                 cstackBANK0   000A3
send_msg@msgtype                cstackBANK0   000A4
send_msg@qmsg                   cstackBANK0   000AB
send_msg@qptr                   cstackBANK0   000A1
send_msg@slot                   cstackBANK0   000AA
send_msg@tlength                cstackBANK0   000A8
stackhi                         (abs)         003FF
stacklo                         (abs)         00235
start                           init          000B6
start_i2c_slave_reply@length    cstackBANK0   0009B
start_i2c_slave_reply@msg       cstackBANK0   00097
start_initialization            cinit         016B6
timer0_int_handler@length       cstackBANK0   00080
timer0_int_handler@msgtype      cstackBANK0   00082
timer0_int_handler@val          cstackBANK0   00084
timer0_lthread@length           cstackBANK0   0009B
timer0_lthread@msgbuffer        cstackBANK0   0009D
timer0_lthread@msgtype          cstackBANK0   00099
timer0_lthread@msgval           cstackBANK0   0009F
timer0_lthread@tptr             cstackBANK0   00097
timer1_int_handler@result       cstackCOMRAM  0001B
timer1_lthread@length           cstackBANK0   000B5
timer1_lthread@msgbuffer        cstackBANK0   000B7
timer1_lthread@msgtype          cstackBANK0   000B3
timer1_lthread@retval           cstackBANK0   000B9
timer1_lthread@tptr             cstackBANK0   000B1
uart_lthread@length             cstackBANK0   0009B
uart_lthread@msgbuffer          cstackBANK0   0009D
uart_lthread@msgtype            cstackBANK0   00099
uart_lthread@uptr               cstackBANK0   00097


FUNCTION INFORMATION:

 *************** function _main *****************
 Defined at:
		line 186 in file "../src/main.c"
 Parameters:    Size  Location     Type
		None
 Auto vars:     Size  Location     Type
  ic             28   25[BANK2 ] struct __i2c_comm
  msgbuffer      11    0[BANK2 ] unsigned char [11]
  uc              5   18[BANK2 ] struct __uart_comm
  t1thread_dat    2   16[BANK2 ] struct __timer1_thread_s
  t0thread_dat    2   13[BANK2 ] struct __timer0_thread_s
  uthread_data    2   11[BANK2 ] struct __uart_thread_str
  length          1   24[BANK2 ] char 
  msgtype         1   23[BANK2 ] unsigned char 
  last_reg_rec    1   15[BANK2 ] unsigned char 
  i               1    0        unsigned char 
  c               1    0        unsigned char 
 Return value:  Size  Location     Type
		None               void
 Registers used:
		wreg, fsr1l, fsr1h, fsr2l, fsr2h, status,2, status,0, prodl, prodh, cstack
 Tracked objects:
		On entry : 
		On exit  : 
		Unchanged: 
 Data sizes:     COMRAM   BANK0   BANK1   BANK2   BANK3
      Params:         0       0       0       0       0
      Locals:         0       0       0      53       0
      Temps:          0       0       0       0       0
      Totals:         0       0       0      53       0
Total ram usage:       53 bytes
 Hardware stack levels required when called:   14
 This function calls:
		_OpenTimer0
		_OpenTimer1
		_OpenUSART
		_ToMainHigh_recvmsg
		_ToMainLow_recvmsg
		_block_on_To_msgqueues
		_enable_interrupts
		_i2c_configure_slave
		_init_i2c
		_init_queues
		_init_timer1_lthread
		_init_uart_recv
		_start_i2c_slave_reply
		_timer0_lthread
		_timer1_lthread
		_uart_lthread
 This function is called by:
		Startup code after reset
 This function uses a non-reentrant model


 *************** function _uart_lthread *****************
 Defined at:
		line 9 in file "../src/uart_thread.c"
 Parameters:    Size  Location     Type
  uptr            2   23[BANK0 ] PTR struct __uart_thread
		 -> main@uthread_data(2), 
  msgtype         2   25[BANK0 ] int 
  length          2   27[BANK0 ] int 
  msgbuffer       2   29[BANK0 ] PTR unsigned char 
		 -> main@msgbuffer(11), 
 Auto vars:     Size  Location     Type
		None
 Return value:  Size  Location     Type
                  2   23[BANK0 ] int 
 Registers used:
		wreg, fsr2l, fsr2h, status,2, status,0
 Tracked objects:
		On entry : 
		On exit  : 
		Unchanged: 
 Data sizes:     COMRAM   BANK0   BANK1   BANK2   BANK3
      Params:         0       8       0       0       0
      Locals:         0       0       0       0       0
      Temps:          0       0       0       0       0
      Totals:         0       8       0       0       0
Total ram usage:        8 bytes
 Hardware stack levels used:    1
 Hardware stack levels required when called:   10
 This function calls:
		Nothing
 This function is called by:
		_main
 This function uses a non-reentrant model


 *************** function _timer1_lthread *****************
 Defined at:
		line 14 in file "../src/timer1_thread.c"
 Parameters:    Size  Location     Type
  tptr            2   49[BANK0 ] PTR struct __timer1_thre
		 -> main@t1thread_data(2), 
  msgtype         2   51[BANK0 ] int 
  length          2   53[BANK0 ] int 
  msgbuffer       2   55[BANK0 ] PTR unsigned char 
		 -> main@msgbuffer(11), 
 Auto vars:     Size  Location     Type
  retval          1   57[BANK0 ] char 
 Return value:  Size  Location     Type
                  2   49[BANK0 ] int 
 Registers used:
		wreg, fsr1l, fsr1h, fsr2l, fsr2h, status,2, status,0, prodl, prodh, cstack
 Tracked objects:
		On entry : 
		On exit  : 
		Unchanged: 
 Data sizes:     COMRAM   BANK0   BANK1   BANK2   BANK3
      Params:         0       8       0       0       0
      Locals:         0       1       0       0       0
      Temps:          0       0       0       0       0
      Totals:         0       9       0       0       0
Total ram usage:        9 bytes
 Hardware stack levels used:    1
 Hardware stack levels required when called:   13
 This function calls:
		_FromMainHigh_sendmsg
		___lwmod
 This function is called by:
		_main
 This function uses a non-reentrant model


 *************** function ___lwmod *****************
 Defined at:
		line 8 in file "C:\Program Files (x86)\Microchip\xc8\v1.32\sources\common\lwmod.c"
 Parameters:    Size  Location     Type
  dividend        2   23[BANK0 ] unsigned int 
  divisor         2   25[BANK0 ] unsigned int 
 Auto vars:     Size  Location     Type
  counter         1   27[BANK0 ] unsigned char 
 Return value:  Size  Location     Type
                  2   23[BANK0 ] unsigned int 
 Registers used:
		wreg, status,2, status,0
 Tracked objects:
		On entry : 
		On exit  : 
		Unchanged: 
 Data sizes:     COMRAM   BANK0   BANK1   BANK2   BANK3
      Params:         0       4       0       0       0
      Locals:         0       1       0       0       0
      Temps:          0       0       0       0       0
      Totals:         0       5       0       0       0
Total ram usage:        5 bytes
 Hardware stack levels used:    1
 Hardware stack levels required when called:   10
 This function calls:
		Nothing
 This function is called by:
		_timer1_lthread
 This function uses a non-reentrant model


 *************** function _FromMainHigh_sendmsg *****************
 Defined at:
		line 174 in file "../src/messages.c"
 Parameters:    Size  Location     Type
  length          1    wreg     unsigned char 
  msgtype         1   45[BANK0 ] unsigned char 
  data            2   46[BANK0 ] PTR void 
		 -> main@t1thread_data(2), 
 Auto vars:     Size  Location     Type
  length          1   48[BANK0 ] unsigned char 
 Return value:  Size  Location     Type
                  1    wreg      char 
 Registers used:
		wreg, fsr1l, fsr1h, fsr2l, fsr2h, status,2, status,0, prodl, prodh, cstack
 Tracked objects:
		On entry : 
		On exit  : 
		Unchanged: 
 Data sizes:     COMRAM   BANK0   BANK1   BANK2   BANK3
      Params:         0       3       0       0       0
      Locals:         0       1       0       0       0
      Temps:          0       0       0       0       0
      Totals:         0       4       0       0       0
Total ram usage:        4 bytes
 Hardware stack levels used:    1
 Hardware stack levels required when called:   12
 This function calls:
		_send_msg
 This function is called by:
		_timer1_lthread
 This function uses a non-reentrant model


 *************** function _send_msg *****************
 Defined at:
		line 24 in file "../src/messages.c"
 Parameters:    Size  Location     Type
  qptr            2   33[BANK0 ] PTR struct __msg_queue
		 -> FromMainHigh_MQ(54), FromMainLow_MQ(54), ToMainHigh_MQ(54), ToMainLow_MQ(54), 
  length          1   35[BANK0 ] unsigned char 
  msgtype         1   36[BANK0 ] unsigned char 
  data            2   37[BANK0 ] PTR void 
		 -> timer0_int_handler@val(2), NULL(0), i2c_int_handler@error_buf(3), main@t1thread_data(2), 
		 -> main@ic(28), main@uc(5), 
 Auto vars:     Size  Location     Type
  qmsg            2   43[BANK0 ] PTR struct __msg
		 -> FromMainLow_MQ.queue(52), FromMainHigh_MQ.queue(52), ToMainHigh_MQ.queue(52), ToMainLow_MQ.queue(52), 
		 -> FromMainHigh_MQ(54), FromMainLow_MQ(54), ToMainHigh_MQ(54), ToMainLow_MQ(54), 
  tlength         2   40[BANK0 ] unsigned int 
  slot            1   42[BANK0 ] unsigned char 
 Return value:  Size  Location     Type
                  1    wreg      char 
 Registers used:
		wreg, fsr1l, fsr1h, fsr2l, fsr2h, status,2, status,0, prodl, prodh, cstack
 Tracked objects:
		On entry : 
		On exit  : 
		Unchanged: 
 Data sizes:     COMRAM   BANK0   BANK1   BANK2   BANK3
      Params:         0       6       0       0       0
      Locals:         0       5       0       0       0
      Temps:          0       1       0       0       0
      Totals:         0      12       0       0       0
Total ram usage:       12 bytes
 Hardware stack levels used:    1
 Hardware stack levels required when called:   11
 This function calls:
		_memcpy
 This function is called by:
		_FromMainHigh_sendmsg
		_FromMainLow_sendmsg
 This function uses a non-reentrant model


 *************** function _timer0_lthread *****************
 Defined at:
		line 9 in file "../src/timer0_thread.c"
 Parameters:    Size  Location     Type
  tptr            2   23[BANK0 ] PTR struct __timer0_thre
		 -> main@t0thread_data(2), 
  msgtype         2   25[BANK0 ] int 
  length          2   27[BANK0 ] int 
  msgbuffer       2   29[BANK0 ] PTR unsigned char 
		 -> main@msgbuffer(11), 
 Auto vars:     Size  Location     Type
  msgval          2   31[BANK0 ] PTR unsigned int 
		 -> main@msgbuffer(11), 
 Return value:  Size  Location     Type
                  2   23[BANK0 ] int 
 Registers used:
		wreg, status,2, status,0
 Tracked objects:
		On entry : 
		On exit  : 
		Unchanged: 
 Data sizes:     COMRAM   BANK0   BANK1   BANK2   BANK3
      Params:         0       8       0       0       0
      Locals:         0       2       0       0       0
      Temps:          0       0       0       0       0
      Totals:         0      10       0       0       0
Total ram usage:       10 bytes
 Hardware stack levels used:    1
 Hardware stack levels required when called:   10
 This function calls:
		Nothing
 This function is called by:
		_main
 This function uses a non-reentrant model


 *************** function _start_i2c_slave_reply *****************
 Defined at:
		line 53 in file "../src/my_i2c.c"
 Parameters:    Size  Location     Type
  length          1    wreg     unsigned char 
  msg             2   23[BANK0 ] PTR unsigned char 
		 -> main@msgbuffer(11), 
 Auto vars:     Size  Location     Type
  length          1   27[BANK0 ] unsigned char 
 Return value:  Size  Location     Type
		None               void
 Registers used:
		wreg, fsr1l, fsr1h, fsr2l, fsr2h, status,2, status,0, prodl, prodh
 Tracked objects:
		On entry : 
		On exit  : 
		Unchanged: 
 Data sizes:     COMRAM   BANK0   BANK1   BANK2   BANK3
      Params:         0       2       0       0       0
      Locals:         0       1       0       0       0
      Temps:          0       2       0       0       0
      Totals:         0       5       0       0       0
Total ram usage:        5 bytes
 Hardware stack levels used:    1
 Hardware stack levels required when called:   10
 This function calls:
		Nothing
 This function is called by:
		_main
 This function uses a non-reentrant model


 *************** function _init_uart_recv *****************
 Defined at:
		line 49 in file "../src/my_uart.c"
 Parameters:    Size  Location     Type
  uc              2   23[BANK0 ] PTR struct __uart_comm
		 -> main@uc(5), 
 Auto vars:     Size  Location     Type
		None
 Return value:  Size  Location     Type
		None               void
 Registers used:
		wreg, fsr2l, fsr2h, status,2, status,0
 Tracked objects:
		On entry : 
		On exit  : 
		Unchanged: 
 Data sizes:     COMRAM   BANK0   BANK1   BANK2   BANK3
      Params:         0       2       0       0       0
      Locals:         0       0       0       0       0
      Temps:          0       0       0       0       0
      Totals:         0       2       0       0       0
Total ram usage:        2 bytes
 Hardware stack levels used:    1
 Hardware stack levels required when called:   10
 This function calls:
		Nothing
 This function is called by:
		_main
 This function uses a non-reentrant model


 *************** function _init_timer1_lthread *****************
 Defined at:
		line 6 in file "../src/timer1_thread.c"
 Parameters:    Size  Location     Type
  tptr            2   23[BANK0 ] PTR struct __timer1_thre
		 -> main@t1thread_data(2), 
 Auto vars:     Size  Location     Type
		None
 Return value:  Size  Location     Type
		None               void
 Registers used:
		wreg, fsr2l, fsr2h
 Tracked objects:
		On entry : 
		On exit  : 
		Unchanged: 
 Data sizes:     COMRAM   BANK0   BANK1   BANK2   BANK3
      Params:         0       2       0       0       0
      Locals:         0       0       0       0       0
      Temps:          0       0       0       0       0
      Totals:         0       2       0       0       0
Total ram usage:        2 bytes
 Hardware stack levels used:    1
 Hardware stack levels required when called:   10
 This function calls:
		Nothing
 This function is called by:
		_main
 This function uses a non-reentrant model


 *************** function _init_queues *****************
 Defined at:
		line 194 in file "../src/messages.c"
 Parameters:    Size  Location     Type
		None
 Auto vars:     Size  Location     Type
		None
 Return value:  Size  Location     Type
		None               void
 Registers used:
		wreg, fsr2l, fsr2h, status,2, status,0, prodl, prodh, cstack
 Tracked objects:
		On entry : 
		On exit  : 
		Unchanged: 
 Data sizes:     COMRAM   BANK0   BANK1   BANK2   BANK3
      Params:         0       0       0       0       0
      Locals:         0       0       0       0       0
      Temps:          0       0       0       0       0
      Totals:         0       0       0       0       0
Total ram usage:        0 bytes
 Hardware stack levels used:    1
 Hardware stack levels required when called:   11
 This function calls:
		_init_queue
 This function is called by:
		_main
 This function uses a non-reentrant model


 *************** function _init_queue *****************
 Defined at:
		line 14 in file "../src/messages.c"
 Parameters:    Size  Location     Type
  qptr            2   23[BANK0 ] PTR struct __msg_queue
		 -> FromMainHigh_MQ(54), FromMainLow_MQ(54), ToMainHigh_MQ(54), ToMainLow_MQ(54), 
 Auto vars:     Size  Location     Type
  i               1   25[BANK0 ] unsigned char 
 Return value:  Size  Location     Type
		None               void
 Registers used:
		wreg, fsr2l, fsr2h, status,2, status,0, prodl, prodh
 Tracked objects:
		On entry : 
		On exit  : 
		Unchanged: 
 Data sizes:     COMRAM   BANK0   BANK1   BANK2   BANK3
      Params:         0       2       0       0       0
      Locals:         0       1       0       0       0
      Temps:          0       0       0       0       0
      Totals:         0       3       0       0       0
Total ram usage:        3 bytes
 Hardware stack levels used:    1
 Hardware stack levels required when called:   10
 This function calls:
		Nothing
 This function is called by:
		_init_queues
 This function uses a non-reentrant model


 *************** function _init_i2c *****************
 Defined at:
		line 268 in file "../src/my_i2c.c"
 Parameters:    Size  Location     Type
  ic              2   23[BANK0 ] PTR struct __i2c_comm
		 -> main@ic(28), 
 Auto vars:     Size  Location     Type
		None
 Return value:  Size  Location     Type
		None               void
 Registers used:
		wreg, fsr2l, fsr2h, status,2, status,0
 Tracked objects:
		On entry : 
		On exit  : 
		Unchanged: 
 Data sizes:     COMRAM   BANK0   BANK1   BANK2   BANK3
      Params:         0       2       0       0       0
      Locals:         0       0       0       0       0
      Temps:          0       0       0       0       0
      Totals:         0       2       0       0       0
Total ram usage:        2 bytes
 Hardware stack levels used:    1
 Hardware stack levels required when called:   10
 This function calls:
		Nothing
 This function is called by:
		_main
 This function uses a non-reentrant model


 *************** function _i2c_configure_slave *****************
 Defined at:
		line 279 in file "../src/my_i2c.c"
 Parameters:    Size  Location     Type
  addr            1    wreg     unsigned char 
 Auto vars:     Size  Location     Type
  addr            1   23[BANK0 ] unsigned char 
 Return value:  Size  Location     Type
		None               void
 Registers used:
		wreg, status,2, status,0
 Tracked objects:
		On entry : 
		On exit  : 
		Unchanged: 
 Data sizes:     COMRAM   BANK0   BANK1   BANK2   BANK3
      Params:         0       0       0       0       0
      Locals:         0       1       0       0       0
      Temps:          0       0       0       0       0
      Totals:         0       1       0       0       0
Total ram usage:        1 bytes
 Hardware stack levels used:    1
 Hardware stack levels required when called:   10
 This function calls:
		Nothing
 This function is called by:
		_main
 This function uses a non-reentrant model


 *************** function _enable_interrupts *****************
 Defined at:
		line 14 in file "../src/interrupts.c"
 Parameters:    Size  Location     Type
		None
 Auto vars:     Size  Location     Type
		None
 Return value:  Size  Location     Type
		None               void
 Registers used:
		None
 Tracked objects:
		On entry : 
		On exit  : 
		Unchanged: 
 Data sizes:     COMRAM   BANK0   BANK1   BANK2   BANK3
      Params:         0       0       0       0       0
      Locals:         0       0       0       0       0
      Temps:          0       0       0       0       0
      Totals:         0       0       0       0       0
Total ram usage:        0 bytes
 Hardware stack levels used:    1
 Hardware stack levels required when called:   10
 This function calls:
		Nothing
 This function is called by:
		_main
 This function uses a non-reentrant model


 *************** function _block_on_To_msgqueues *****************
 Defined at:
		line 256 in file "../src/messages.c"
 Parameters:    Size  Location     Type
		None
 Auto vars:     Size  Location     Type
		None
 Return value:  Size  Location     Type
		None               void
 Registers used:
		wreg, fsr2l, fsr2h, status,2, status,0, prodl, prodh, cstack
 Tracked objects:
		On entry : 
		On exit  : 
		Unchanged: 
 Data sizes:     COMRAM   BANK0   BANK1   BANK2   BANK3
      Params:         0       0       0       0       0
      Locals:         0       0       0       0       0
      Temps:          0       0       0       0       0
      Totals:         0       0       0       0       0
Total ram usage:        0 bytes
 Hardware stack levels used:    1
 Hardware stack levels required when called:   13
 This function calls:
		_Delay1KTCYx
		_check_msg
		_in_main
 This function is called by:
		_main
 This function uses a non-reentrant model


 *************** function _in_main *****************
 Defined at:
		line 40 in file "../src/interrupts.c"
 Parameters:    Size  Location     Type
		None
 Auto vars:     Size  Location     Type
		None
 Return value:  Size  Location     Type
                  2   27[BANK0 ] int 
 Registers used:
		wreg, status,2, status,0, cstack
 Tracked objects:
		On entry : 
		On exit  : 
		Unchanged: 
 Data sizes:     COMRAM   BANK0   BANK1   BANK2   BANK3
      Params:         0       2       0       0       0
      Locals:         0       0       0       0       0
      Temps:          0       0       0       0       0
      Totals:         0       2       0       0       0
Total ram usage:        2 bytes
 Hardware stack levels used:    1
 Hardware stack levels required when called:   12
 This function calls:
		_in_high_int
		_in_low_int
 This function is called by:
		_block_on_To_msgqueues
 This function uses a non-reentrant model


 *************** function _in_low_int *****************
 Defined at:
		line 30 in file "../src/interrupts.c"
 Parameters:    Size  Location     Type
		None
 Auto vars:     Size  Location     Type
		None
 Return value:  Size  Location     Type
                  2   25[BANK0 ] int 
 Registers used:
		wreg, status,2, status,0, cstack
 Tracked objects:
		On entry : 
		On exit  : 
		Unchanged: 
 Data sizes:     COMRAM   BANK0   BANK1   BANK2   BANK3
      Params:         0       2       0       0       0
      Locals:         0       0       0       0       0
      Temps:          0       0       0       0       0
      Totals:         0       2       0       0       0
Total ram usage:        2 bytes
 Hardware stack levels used:    1
 Hardware stack levels required when called:   11
 This function calls:
		_in_high_int
 This function is called by:
		_in_main
 This function uses a non-reentrant model


 *************** function _in_high_int *****************
 Defined at:
		line 22 in file "../src/interrupts.c"
 Parameters:    Size  Location     Type
		None
 Auto vars:     Size  Location     Type
		None
 Return value:  Size  Location     Type
                  2   23[BANK0 ] int 
 Registers used:
		wreg, status,2
 Tracked objects:
		On entry : 
		On exit  : 
		Unchanged: 
 Data sizes:     COMRAM   BANK0   BANK1   BANK2   BANK3
      Params:         0       2       0       0       0
      Locals:         0       0       0       0       0
      Temps:          0       0       0       0       0
      Totals:         0       2       0       0       0
Total ram usage:        2 bytes
 Hardware stack levels used:    1
 Hardware stack levels required when called:   10
 This function calls:
		Nothing
 This function is called by:
		_in_low_int
		_in_main
 This function uses a non-reentrant model


 *************** function _check_msg *****************
 Defined at:
		line 220 in file "../src/messages.c"
 Parameters:    Size  Location     Type
  qptr            2   23[BANK0 ] PTR struct __msg_queue
		 -> ToMainHigh_MQ(54), ToMainLow_MQ(54), 
 Auto vars:     Size  Location     Type
		None
 Return value:  Size  Location     Type
                  1    wreg      unsigned char 
 Registers used:
		wreg, fsr2l, fsr2h, status,2, status,0, prodl, prodh
 Tracked objects:
		On entry : 
		On exit  : 
		Unchanged: 
 Data sizes:     COMRAM   BANK0   BANK1   BANK2   BANK3
      Params:         0       2       0       0       0
      Locals:         0       0       0       0       0
      Temps:          0       1       0       0       0
      Totals:         0       3       0       0       0
Total ram usage:        3 bytes
 Hardware stack levels used:    1
 Hardware stack levels required when called:   10
 This function calls:
		Nothing
 This function is called by:
		_block_on_To_msgqueues
 This function uses a non-reentrant model


 *************** function _Delay1KTCYx *****************
 Defined at:
		line 8 in file "C:\Program Files (x86)\Microchip\xc8\v1.32\sources\pic18\d1ktcyx.c"
 Parameters:    Size  Location     Type
  unit            1    wreg     unsigned char 
 Auto vars:     Size  Location     Type
  unit            1   23[BANK0 ] unsigned char 
 Return value:  Size  Location     Type
		None               void
 Registers used:
		wreg
 Tracked objects:
		On entry : 
		On exit  : 
		Unchanged: 
 Data sizes:     COMRAM   BANK0   BANK1   BANK2   BANK3
      Params:         0       0       0       0       0
      Locals:         0       1       0       0       0
      Temps:          0       0       0       0       0
      Totals:         0       1       0       0       0
Total ram usage:        1 bytes
 Hardware stack levels used:    1
 Hardware stack levels required when called:   10
 This function calls:
		Nothing
 This function is called by:
		_block_on_To_msgqueues
 This function uses a non-reentrant model


 *************** function _ToMainLow_recvmsg *****************
 Defined at:
		line 112 in file "../src/messages.c"
 Parameters:    Size  Location     Type
  maxlength       1    wreg     unsigned char 
  msgtype         2   47[BANK0 ] PTR unsigned char 
		 -> main@msgtype(1), 
  data            2   49[BANK0 ] PTR void 
		 -> main@msgbuffer(11), 
 Auto vars:     Size  Location     Type
  maxlength       1   51[BANK0 ] unsigned char 
 Return value:  Size  Location     Type
                  1    wreg      char 
 Registers used:
		wreg, fsr1l, fsr1h, fsr2l, fsr2h, status,2, status,0, prodl, prodh, cstack
 Tracked objects:
		On entry : 
		On exit  : 
		Unchanged: 
 Data sizes:     COMRAM   BANK0   BANK1   BANK2   BANK3
      Params:         0       4       0       0       0
      Locals:         0       1       0       0       0
      Temps:          0       0       0       0       0
      Totals:         0       5       0       0       0
Total ram usage:        5 bytes
 Hardware stack levels used:    1
 Hardware stack levels required when called:   12
 This function calls:
		_recv_msg
 This function is called by:
		_main
 This function uses a non-reentrant model


 *************** function _ToMainHigh_recvmsg *****************
 Defined at:
		line 135 in file "../src/messages.c"
 Parameters:    Size  Location     Type
  maxlength       1    wreg     unsigned char 
  msgtype         2   47[BANK0 ] PTR unsigned char 
		 -> main@msgtype(1), 
  data            2   49[BANK0 ] PTR void 
		 -> main@msgbuffer(11), 
 Auto vars:     Size  Location     Type
  maxlength       1   51[BANK0 ] unsigned char 
 Return value:  Size  Location     Type
                  1    wreg      char 
 Registers used:
		wreg, fsr1l, fsr1h, fsr2l, fsr2h, status,2, status,0, prodl, prodh, cstack
 Tracked objects:
		On entry : 
		On exit  : 
		Unchanged: 
 Data sizes:     COMRAM   BANK0   BANK1   BANK2   BANK3
      Params:         0       4       0       0       0
      Locals:         0       1       0       0       0
      Temps:          0       0       0       0       0
      Totals:         0       5       0       0       0
Total ram usage:        5 bytes
 Hardware stack levels used:    1
 Hardware stack levels required when called:   12
 This function calls:
		_recv_msg
 This function is called by:
		_main
 This function uses a non-reentrant model


 *************** function _recv_msg *****************
 Defined at:
		line 63 in file "../src/messages.c"
 Parameters:    Size  Location     Type
  qptr            2   33[BANK0 ] PTR struct __msg_queue
		 -> FromMainHigh_MQ(54), FromMainLow_MQ(54), ToMainHigh_MQ(54), ToMainLow_MQ(54), 
  maxlength       1   35[BANK0 ] unsigned char 
  msgtype         2   36[BANK0 ] PTR unsigned char 
		 -> timer0_int_handler@msgtype(2), main@msgtype(1), 
  data            2   38[BANK0 ] PTR void 
		 -> timer0_int_handler@val(2), main@msgbuffer(11), 
 Auto vars:     Size  Location     Type
  qmsg            2   45[BANK0 ] PTR struct __msg
		 -> FromMainLow_MQ.queue(52), FromMainHigh_MQ.queue(52), ToMainHigh_MQ.queue(52), ToMainLow_MQ.queue(52), 
		 -> FromMainHigh_MQ(54), FromMainLow_MQ(54), ToMainHigh_MQ(54), ToMainLow_MQ(54), 
  tlength         2   43[BANK0 ] unsigned int 
  slot            1   42[BANK0 ] unsigned char 
 Return value:  Size  Location     Type
                  1    wreg      char 
 Registers used:
		wreg, fsr1l, fsr1h, fsr2l, fsr2h, status,2, status,0, prodl, prodh, cstack
 Tracked objects:
		On entry : 
		On exit  : 
		Unchanged: 
 Data sizes:     COMRAM   BANK0   BANK1   BANK2   BANK3
      Params:         0       7       0       0       0
      Locals:         0       5       0       0       0
      Temps:          0       2       0       0       0
      Totals:         0      14       0       0       0
Total ram usage:       14 bytes
 Hardware stack levels used:    1
 Hardware stack levels required when called:   11
 This function calls:
		_memcpy
 This function is called by:
		_ToMainLow_recvmsg
		_ToMainHigh_recvmsg
		_FromMainLow_recvmsg
 This function uses a non-reentrant model


 *************** function _memcpy *****************
 Defined at:
		line 11 in file "C:\Program Files (x86)\Microchip\xc8\v1.32\sources\common\memcpy.c"
 Parameters:    Size  Location     Type
  d1              2   23[BANK0 ] PTR void 
		 -> FromMainLow_MQ.queue(52), FromMainHigh_MQ.queue(52), ToMainHigh_MQ.queue(52), ToMainLow_MQ.queue(52), 
		 -> timer0_int_handler@val(2), FromMainHigh_MQ(54), FromMainLow_MQ(54), ToMainHigh_MQ(54), 
		 -> ToMainLow_MQ(54), main@msgbuffer(11), 
  s1              2   25[BANK0 ] PTR const void 
		 -> ToMainLow_MQ.data(10), ToMainHigh_MQ.data(10), FromMainLow_MQ.data(10), FromMainHigh_MQ.data(10), 
		 -> ToMainLow_MQ.queue.data(10), ToMainHigh_MQ.queue.data(10), FromMainHigh_MQ.queue.data(10), FromMainLow_MQ.queue.data(10), 
		 -> timer0_int_handler@val(2), NULL(0), i2c_int_handler@error_buf(3), FromMainHigh_MQ(54), 
		 -> FromMainLow_MQ(54), ToMainHigh_MQ(54), ToMainLow_MQ(54), main@t1thread_data(2), 
		 -> main@ic(28), main@uc(5), 
  n               2   27[BANK0 ] unsigned int 
 Auto vars:     Size  Location     Type
  s               2   31[BANK0 ] PTR const unsigned char 
		 -> ToMainLow_MQ.data(10), ToMainHigh_MQ.data(10), FromMainLow_MQ.data(10), FromMainHigh_MQ.data(10), 
		 -> ToMainLow_MQ.queue.data(10), ToMainHigh_MQ.queue.data(10), FromMainHigh_MQ.queue.data(10), FromMainLow_MQ.queue.data(10), 
		 -> timer0_int_handler@val(2), NULL(0), i2c_int_handler@error_buf(3), FromMainHigh_MQ(54), 
		 -> FromMainLow_MQ(54), ToMainHigh_MQ(54), ToMainLow_MQ(54), main@t1thread_data(2), 
		 -> main@ic(28), main@uc(5), 
  d               2   29[BANK0 ] PTR unsigned char 
		 -> FromMainLow_MQ.queue(52), FromMainHigh_MQ.queue(52), ToMainHigh_MQ.queue(52), ToMainLow_MQ.queue(52), 
		 -> timer0_int_handler@val(2), FromMainHigh_MQ(54), FromMainLow_MQ(54), ToMainHigh_MQ(54), 
		 -> ToMainLow_MQ(54), main@msgbuffer(11), 
 Return value:  Size  Location     Type
                  2   23[BANK0 ] PTR void 
 Registers used:
		wreg, fsr1l, fsr1h, fsr2l, fsr2h, status,2, status,0
 Tracked objects:
		On entry : 
		On exit  : 
		Unchanged: 
 Data sizes:     COMRAM   BANK0   BANK1   BANK2   BANK3
      Params:         0       6       0       0       0
      Locals:         0       4       0       0       0
      Temps:          0       0       0       0       0
      Totals:         0      10       0       0       0
Total ram usage:       10 bytes
 Hardware stack levels used:    1
 Hardware stack levels required when called:   10
 This function calls:
		Nothing
 This function is called by:
		_send_msg
		_recv_msg
 This function uses a non-reentrant model


 *************** function _OpenUSART *****************
 Defined at:
		line 73 in file "C:\Program Files (x86)\Microchip\xc8\v1.32\sources\pic18\plib\USART\uopen.c"
 Parameters:    Size  Location     Type
  config          1    wreg     unsigned char 
  spbrg           2   23[BANK0 ] unsigned int 
 Auto vars:     Size  Location     Type
  config          1   28[BANK0 ] unsigned char 
 Return value:  Size  Location     Type
		None               void
 Registers used:
		wreg, status,2
 Tracked objects:
		On entry : 
		On exit  : 
		Unchanged: 
 Data sizes:     COMRAM   BANK0   BANK1   BANK2   BANK3
      Params:         0       2       0       0       0
      Locals:         0       1       0       0       0
      Temps:          0       3       0       0       0
      Totals:         0       6       0       0       0
Total ram usage:        6 bytes
 Hardware stack levels used:    1
 Hardware stack levels required when called:   10
 This function calls:
		Nothing
 This function is called by:
		_main
[...]
  maxlength       1    wreg     unsigned char 
  msgtype         2   69[COMRAM] PTR unsigned char 
		 -> timer0_int_handler@msgtype(2), 
  data            2   71[COMRAM] PTR void 
		 -> timer0_int_handler@val(2), 
 Auto vars:     Size  Location     Type
  maxlength       1   73[COMRAM] unsigned char 
 Return value:  Size  Location     Type
                  1    wreg      char 
 Registers used:
		wreg, fsr1l, fsr1h, fsr2l, fsr2h, status,2, status,0, prodl, prodh, cstack
 Tracked objects:
		On entry : 
		On exit  : 
		Unchanged: 
 Data sizes:     COMRAM   BANK0   BANK1   BANK2   BANK3
      Params:         4       0       0       0       0
      Locals:         1       0       0       0       0
      Temps:          0       0       0       0       0
      Totals:         5       0       0       0       0
Total ram usage:        5 bytes
 Hardware stack levels used:    1
 Hardware stack levels required when called:    2
 This function calls:
		i2_recv_msg
 This function is called by:
		_timer0_int_handler
 This function uses a non-reentrant model


 *************** function i2_recv_msg *****************
 Defined at:
		line 63 in file "../src/messages.c"
 Parameters:    Size  Location     Type
  qptr            2   55[COMRAM] PTR struct __msg_queue
		 -> FromMainHigh_MQ(54), FromMainLow_MQ(54), ToMainHigh_MQ(54), ToMainLow_MQ(54), 
  maxlength       1   57[COMRAM] unsigned char 
  msgtype         2   58[COMRAM] PTR unsigned char 
		 -> timer0_int_handler@msgtype(2), main@msgtype(1), 
  data            2   60[COMRAM] PTR void 
		 -> timer0_int_handler@val(2), main@msgbuffer(11), 
 Auto vars:     Size  Location     Type
  recv_msg        2   67[COMRAM] PTR struct __msg
		 -> FromMainLow_MQ.queue(52), FromMainHigh_MQ.queue(52), ToMainHigh_MQ.queue(52), ToMainLow_MQ.queue(52), 
		 -> FromMainHigh_MQ(54), FromMainLow_MQ(54), ToMainHigh_MQ(54), ToMainLow_MQ(54), 
  recv_msg        2   65[COMRAM] unsigned int 
  recv_msg        1   64[COMRAM] unsigned char 
 Return value:  Size  Location     Type
                  1    wreg      char 
 Registers used:
		wreg, fsr1l, fsr1h, fsr2l, fsr2h, status,2, status,0, prodl, prodh, cstack
 Tracked objects:
		On entry : 
		On exit  : 
		Unchanged: 
 Data sizes:     COMRAM   BANK0   BANK1   BANK2   BANK3
      Params:         7       0       0       0       0
      Locals:         5       0       0       0       0
      Temps:          2       0       0       0       0
      Totals:        14       0       0       0       0
Total ram usage:       14 bytes
 Hardware stack levels used:    1
 Hardware stack levels required when called:    1
 This function calls:
		i2_memcpy
 This function is called by:
		_FromMainHigh_recvmsg
 This function uses a non-reentrant model


 *************** function _i2c_int_handler *****************
 Defined at:
		line 100 in file "../src/my_i2c.c"
 Parameters:    Size  Location     Type
		None
 Auto vars:     Size  Location     Type
  error_buf       3    0[BANK0 ] unsigned char [3]
  data_read       1    8[BANK0 ] unsigned char 
  msg_ready       1    7[BANK0 ] unsigned char 
  msg_to_send     1    6[BANK0 ] unsigned char 
  i2c_data        1    5[BANK0 ] unsigned char 
  overrun_erro    1    4[BANK0 ] unsigned char 
  data_written    1    3[BANK0 ] unsigned char 
 Return value:  Size  Location     Type
		None               void
 Registers used:
		wreg, fsr1l, fsr1h, fsr2l, fsr2h, status,2, status,0, prodl, prodh, cstack
 Tracked objects:
		On entry : 
		On exit  : 
		Unchanged: 
 Data sizes:     COMRAM   BANK0   BANK1   BANK2   BANK3
      Params:         0       0       0       0       0
      Locals:         0       9       0       0       0
      Temps:          1       0       0       0       0
      Totals:         1       9       0       0       0
Total ram usage:       10 bytes
 Hardware stack levels used:    1
 Hardware stack levels required when called:    3
 This function calls:
		_ToMainHigh_sendmsg
		_handle_start
 This function is called by:
		_InterruptHandlerHigh
 This function uses a non-reentrant model


 *************** function _handle_start *****************
 Defined at:
		line 71 in file "../src/my_i2c.c"
 Parameters:    Size  Location     Type
  data_read       1    wreg     unsigned char 
 Auto vars:     Size  Location     Type
  data_read       1   45[COMRAM] unsigned char 
 Return value:  Size  Location     Type
		None               void
 Registers used:
		wreg, fsr2l, fsr2h, status,2, status,0
 Tracked objects:
		On entry : 
		On exit  : 
		Unchanged: 
 Data sizes:     COMRAM   BANK0   BANK1   BANK2   BANK3
      Params:         0       0       0       0       0
      Locals:         1       0       0       0       0
      Temps:          0       0       0       0       0
      Totals:         1       0       0       0       0
Total ram usage:        1 bytes
 Hardware stack levels used:    1
 This function calls:
		Nothing
 This function is called by:
		_i2c_int_handler
 This function uses a non-reentrant model


 *************** function _ToMainHigh_sendmsg *****************
 Defined at:
		line 126 in file "../src/messages.c"
 Parameters:    Size  Location     Type
  length          1    wreg     unsigned char 
  msgtype         1   67[COMRAM] unsigned char 
  data            2   68[COMRAM] PTR void 
		 -> timer0_int_handler@val(2), NULL(0), i2c_int_handler@error_buf(3), main@ic(28), 
 Auto vars:     Size  Location     Type
  length          1   70[COMRAM] unsigned char 
 Return value:  Size  Location     Type
                  1    wreg      char 
 Registers used:
		wreg, fsr1l, fsr1h, fsr2l, fsr2h, status,2, status,0, prodl, prodh, cstack
 Tracked objects:
		On entry : 
		On exit  : 
		Unchanged: 
 Data sizes:     COMRAM   BANK0   BANK1   BANK2   BANK3
      Params:         3       0       0       0       0
      Locals:         1       0       0       0       0
      Temps:          0       0       0       0       0
      Totals:         4       0       0       0       0
Total ram usage:        4 bytes
 Hardware stack levels used:    1
 Hardware stack levels required when called:    2
 This function calls:
		i2_send_msg
 This function is called by:
		_i2c_int_handler
		_timer0_int_handler
 This function uses a non-reentrant model


 *************** function i2_send_msg *****************
 Defined at:
		line 24 in file "../src/messages.c"
 Parameters:    Size  Location     Type
  qptr            2   55[COMRAM] PTR struct __msg_queue
		 -> FromMainHigh_MQ(54), FromMainLow_MQ(54), ToMainHigh_MQ(54), ToMainLow_MQ(54), 
  length          1   57[COMRAM] unsigned char 
  msgtype         1   58[COMRAM] unsigned char 
  data            2   59[COMRAM] PTR void 
		 -> timer0_int_handler@val(2), NULL(0), i2c_int_handler@error_buf(3), main@t1thread_data(2), 
		 -> main@ic(28), main@uc(5), 
 Auto vars:     Size  Location     Type
  send_msg        2   65[COMRAM] PTR struct __msg
		 -> FromMainLow_MQ.queue(52), FromMainHigh_MQ.queue(52), ToMainHigh_MQ.queue(52), ToMainLow_MQ.queue(52), 
		 -> FromMainHigh_MQ(54), FromMainLow_MQ(54), ToMainHigh_MQ(54), ToMainLow_MQ(54), 
  send_msg        2   62[COMRAM] unsigned int 
  send_msg        1   64[COMRAM] unsigned char 
 Return value:  Size  Location     Type
                  1    wreg      char 
 Registers used:
		wreg, fsr1l, fsr1h, fsr2l, fsr2h, status,2, status,0, prodl, prodh, cstack
 Tracked objects:
		On entry : 
		On exit  : 
		Unchanged: 
 Data sizes:     COMRAM   BANK0   BANK1   BANK2   BANK3
      Params:         6       0       0       0       0
      Locals:         5       0       0       0       0
      Temps:          1       0       0       0       0
      Totals:        12       0       0       0       0
Total ram usage:       12 bytes
 Hardware stack levels used:    1
 Hardware stack levels required when called:    1
 This function calls:
		i2_memcpy
 This function is called by:
		_ToMainHigh_sendmsg
 This function uses a non-reentrant model


 *************** function i2_memcpy *****************
 Defined at:
		line 11 in file "C:\Program Files (x86)\Microchip\xc8\v1.32\sources\common\memcpy.c"
 Parameters:    Size  Location     Type
  d1              2   45[COMRAM] PTR void 
		 -> FromMainLow_MQ.queue(52), FromMainHigh_MQ.queue(52), ToMainHigh_MQ.queue(52), ToMainLow_MQ.queue(52), 
		 -> timer0_int_handler@val(2), FromMainHigh_MQ(54), FromMainLow_MQ(54), ToMainHigh_MQ(54), 
		 -> ToMainLow_MQ(54), main@msgbuffer(11), 
  s1              2   47[COMRAM] PTR const void 
		 -> ToMainLow_MQ.data(10), ToMainHigh_MQ.data(10), FromMainLow_MQ.data(10), FromMainHigh_MQ.data(10), 
		 -> ToMainLow_MQ.queue.data(10), ToMainHigh_MQ.queue.data(10), FromMainHigh_MQ.queue.data(10), FromMainLow_MQ.queue.data(10), 
		 -> timer0_int_handler@val(2), NULL(0), i2c_int_handler@error_buf(3), FromMainHigh_MQ(54), 
		 -> FromMainLow_MQ(54), ToMainHigh_MQ(54), ToMainLow_MQ(54), main@t1thread_data(2), 
		 -> main@ic(28), main@uc(5), 
  n               2   49[COMRAM] unsigned int 
 Auto vars:     Size  Location     Type
  memcpy          2   53[COMRAM] PTR const unsigned char 
		 -> ToMainLow_MQ.data(10), ToMainHigh_MQ.data(10), FromMainLow_MQ.data(10), FromMainHigh_MQ.data(10), 
		 -> ToMainLow_MQ.queue.data(10), ToMainHigh_MQ.queue.data(10), FromMainHigh_MQ.queue.data(10), FromMainLow_MQ.queue.data(10), 
		 -> timer0_int_handler@val(2), NULL(0), i2c_int_handler@error_buf(3), FromMainHigh_MQ(54), 
		 -> FromMainLow_MQ(54), ToMainHigh_MQ(54), ToMainLow_MQ(54), main@t1thread_data(2), 
		 -> main@ic(28), main@uc(5), 
  memcpy          2   51[COMRAM] PTR unsigned char 
		 -> FromMainLow_MQ.queue(52), FromMainHigh_MQ.queue(52), ToMainHigh_MQ.queue(52), ToMainLow_MQ.queue(52), 
		 -> timer0_int_handler@val(2), FromMainHigh_MQ(54), FromMainLow_MQ(54), ToMainHigh_MQ(54), 
		 -> ToMainLow_MQ(54), main@msgbuffer(11), 
 Return value:  Size  Location     Type
                  2   45[COMRAM] PTR void 
 Registers used:
		wreg, fsr1l, fsr1h, fsr2l, fsr2h, status,2, status,0
 Tracked objects:
		On entry : 
		On exit  : 
		Unchanged: 
 Data sizes:     COMRAM   BANK0   BANK1   BANK2   BANK3
      Params:         6       0       0       0       0
      Locals:         4       0       0       0       0
      Temps:          0       0       0       0       0
      Totals:        10       0       0       0       0
Total ram usage:       10 bytes
 Hardware stack levels used:    1
 This function calls:
		Nothing
 This function is called by:
		i2_send_msg
		i2_recv_msg
 This function uses a non-reentrant model


 *************** function _SleepIfOkay *****************
 Defined at:
		line 226 in file "../src/messages.c"
 Parameters:    Size  Location     Type
		None
 Auto vars:     Size  Location     Type
		None
 Return value:  Size  Location     Type
		None               void
 Registers used:
		wreg, fsr2l, fsr2h, status,2, status,0, prodl, prodh, cstack
 Tracked objects:
		On entry : 
		On exit  : 
		Unchanged: 
 Data sizes:     COMRAM   BANK0   BANK1   BANK2   BANK3
      Params:         0       0       0       0       0
      Locals:         0       0       0       0       0
      Temps:          0       0       0       0       0
      Totals:         0       0       0       0       0
Total ram usage:        0 bytes
 Hardware stack levels used:    1
 Hardware stack levels required when called:    2
 This function calls:
		_enter_sleep_mode
		i2_check_msg
		i2_in_high_int
		i2_in_low_int
 This function is called by:
		_InterruptHandlerHigh
 This function uses a non-reentrant model


 *************** function i2_in_low_int *****************
 Defined at:
		line 30 in file "../src/interrupts.c"
 Parameters:    Size  Location     Type
		None
 Auto vars:     Size  Location     Type
		None
 Return value:  Size  Location     Type
                  2   47[COMRAM] int 
 Registers used:
		wreg, status,2, status,0, cstack
 Tracked objects:
		On entry : 
		On exit  : 
		Unchanged: 
 Data sizes:     COMRAM   BANK0   BANK1   BANK2   BANK3
      Params:         2       0       0       0       0
      Locals:         0       0       0       0       0
      Temps:          0       0       0       0       0
      Totals:         2       0       0       0       0
Total ram usage:        2 bytes
 Hardware stack levels used:    1
 Hardware stack levels required when called:    1
 This function calls:
		i2_in_high_int
 This function is called by:
		_SleepIfOkay
 This function uses a non-reentrant model


 *************** function i2_in_high_int *****************
 Defined at:
		line 22 in file "../src/interrupts.c"
 Parameters:    Size  Location     Type
		None
 Auto vars:     Size  Location     Type
		None
 Return value:  Size  Location     Type
                  2   45[COMRAM] int 
 Registers used:
		wreg, status,2
 Tracked objects:
		On entry : 
		On exit  : 
		Unchanged: 
 Data sizes:     COMRAM   BANK0   BANK1   BANK2   BANK3
      Params:         2       0       0       0       0
      Locals:         0       0       0       0       0
      Temps:          0       0       0       0       0
      Totals:         2       0       0       0       0
Total ram usage:        2 bytes
 Hardware stack levels used:    1
 This function calls:
		Nothing
 This function is called by:
		_SleepIfOkay
		i2_in_low_int
 This function uses a non-reentrant model


 *************** function i2_check_msg *****************
 Defined at:
		line 220 in file "../src/messages.c"
 Parameters:    Size  Location     Type
  qptr            2   45[COMRAM] PTR struct __msg_queue
		 -> ToMainHigh_MQ(54), ToMainLow_MQ(54), 
 Auto vars:     Size  Location     Type
		None
 Return value:  Size  Location     Type
                  1    wreg      unsigned char 
 Registers used:
		wreg, fsr2l, fsr2h, status,2, status,0, prodl, prodh
 Tracked objects:
		On entry : 
		On exit  : 
		Unchanged: 
 Data sizes:     COMRAM   BANK0   BANK1   BANK2   BANK3
      Params:         2       0       0       0       0
      Locals:         0       0       0       0       0
      Temps:          1       0       0       0       0
      Totals:         3       0       0       0       0
Total ram usage:        3 bytes
 Hardware stack levels used:    1
 This function calls:
		Nothing
 This function is called by:
		_SleepIfOkay
 This function uses a non-reentrant model


 *************** function _enter_sleep_mode *****************
 Defined at:
		line 202 in file "../src/messages.c"
 Parameters:    Size  Location     Type
		None
 Auto vars:     Size  Location     Type
		None
 Return value:  Size  Location     Type
		None               void
 Registers used:
		None
 Tracked objects:
		On entry : 
		On exit  : 
		Unchanged: 
 Data sizes:     COMRAM   BANK0   BANK1   BANK2   BANK3
      Params:         0       0       0       0       0
      Locals:         0       0       0       0       0
      Temps:          0       0       0       0       0
      Totals:         0       0       0       0       0
Total ram usage:        0 bytes
 Hardware stack levels used:    1
 This function calls:
		Nothing
 This function is called by:
		_SleepIfOkay
 This function uses a non-reentrant model



MODULE INFORMATION

Module		Function		Class		Link	Load	Size
C:\Program Files (x86)\Microchip\xc8\v1.32\sources\common\lwmod.c
		___lwmod       		CODE           	10AA	0000	96

C:\Program Files (x86)\Microchip\xc8\v1.32\sources\common\lwmod.c estimated size: 96

C:\Program Files (x86)\Microchip\xc8\v1.32\sources\pic18\plib\Timers\t0open.c
		_OpenTimer0    		CODE           	15E8	0000	38

C:\Program Files (x86)\Microchip\xc8\v1.32\sources\pic18\plib\Timers\t0open.c estimated size: 38

../src/timer0_thread.c
		_timer0_lthread		CODE           	173C	0000	14

../src/timer0_thread.c estimated size: 14

C:\Program Files (x86)\Microchip\xc8\v1.32\sources\pic18\plib\Timers\t1write.c
		_WriteTimer1   		CODE           	16F6	0000	18

C:\Program Files (x86)\Microchip\xc8\v1.32\sources\pic18\plib\Timers\t1write.c estimated size: 18

C:\Program Files (x86)\Microchip\xc8\v1.32\sources\pic18\plib\Timers\t1read.c
		_ReadTimer1    		CODE           	1708	0000	18

C:\Program Files (x86)\Microchip\xc8\v1.32\sources\pic18\plib\Timers\t1read.c estimated size: 18

../src/user_interrupts.c
		_timer0_int_han		CODE           	11C4	0000	92
		_timer1_int_han		CODE           	156C	0000	44

../src/user_interrupts.c estimated size: 136

C:\Program Files (x86)\Microchip\xc8\v1.32\sources\pic18\plib\USART\uopen.c
		_OpenUSART     		CODE           	0EE0	0000	130

C:\Program Files (x86)\Microchip\xc8\v1.32\sources\pic18\plib\USART\uopen.c estimated size: 130

C:\Program Files (x86)\Microchip\xc8\v1.32\sources\common\memcpy.c
		_memcpy        		CODE           	1276	0000	80

C:\Program Files (x86)\Microchip\xc8\v1.32\sources\common\memcpy.c estimated size: 80

C:\Program Files (x86)\Microchip\xc8\v1.32\sources\pic18\plib\Timers\t0write.c
		_WriteTimer0   		CODE           	171A	0000	18

C:\Program Files (x86)\Microchip\xc8\v1.32\sources\pic18\plib\Timers\t0write.c estimated size: 18

../src/my_i2c.c
		_start_i2c_slav		CODE           	0970	0000	260
		_handle_start  		CODE           	0C32	0000	198
		_i2c_configure_		CODE           	1598	0000	40
		_init_i2c      		CODE           	0FE0	0000	102
		_i2c_int_handle		CODE           	00BA	0000	1354

../src/my_i2c.c estimated size: 1954

C:\Program Files (x86)\Microchip\xc8\v1.32\sources\pic18\d1ktcyx.c
		_Delay1KTCYx   		CODE           	16D0	0000	20

C:\Program Files (x86)\Microchip\xc8\v1.32\sources\pic18\d1ktcyx.c estimated size: 20

../src/timer1_thread.c
		_timer1_lthread		CODE           	110A	0000	94
		_init_timer1_lt		CODE           	16E4	0000	18

../src/timer1_thread.c estimated size: 112

../src/interrupts.c
		_enable_interru		CODE           	1756	0000	8
		_in_low_int    		CODE           	1394	0000	62
		_in_main       		CODE           	13D2	0000	60
		_in_high_int   		CODE           	172C	0000	16
		_InterruptHandl		CODE           	0018	0000	158
		_InterruptHandl		CODE           	0008	0000	4056

../src/interrupts.c estimated size: 4360

shared
		i1_send_msg    		CODE           	0CF8	0000	170
		i2_send_msg    		CODE           	0DA2	0000	170
		i2_in_high_int 		CODE           	174A	0000	12
		i2_recv_msg    		CODE           	0B60	0000	210
		__initializatio		CODE           	16B6	0000	16
		i2_in_low_int  		CODE           	153E	0000	46
		i1_memcpy      		CODE           	1314	0000	64
		i2_memcpy      		CODE           	1354	0000	64
		i2_check_msg   		CODE           	1656	0000	36

shared estimated size: 788

../src/messages.c
		_ToMainHigh_sen		CODE           	1632	0000	36
		_ToMainHigh_rec		CODE           	1444	0000	54
		_block_on_To_ms		CODE           	1168	0000	92
		_check_msg     		CODE           	14AC	0000	50
		_ToMainLow_send		CODE           	160E	0000	36
		_ToMainLow_recv		CODE           	140E	0000	54
		_FromMainHigh_s		CODE           	1510	0000	46
		_enter_sleep_mo		CODE           	175E	0000	6
		_send_msg      		CODE           	0A74	0000	236
		_FromMainHigh_r		CODE           	15C0	0000	40
		_init_queue    		CODE           	1046	0000	100
		_init_queues   		CODE           	1220	0000	86
		_recv_msg      		CODE           	0852	0000	286
		_SleepIfOkay   		CODE           	12C6	0000	78

../src/messages.c estimated size: 1200

../src/my_uart.c
		_init_uart_recv		CODE           	167A	0000	30
		_uart_recv_int_		CODE           	0E4C	0000	148

../src/my_uart.c estimated size: 178

C:\Program Files (x86)\Microchip\xc8\v1.32\sources\pic18\plib\USART\uread.c
		_ReadUSART     		CODE           	1698	0000	30

C:\Program Files (x86)\Microchip\xc8\v1.32\sources\pic18\plib\USART\uread.c estimated size: 30

../src/main.c
		_main          		CODE           	0604	0000	590

../src/main.c estimated size: 590

C:\Program Files (x86)\Microchip\xc8\v1.32\sources\pic18\plib\Timers\t1open.c
		_OpenTimer1    		CODE           	14DE	0000	50

C:\Program Files (x86)\Microchip\xc8\v1.32\sources\pic18\plib\Timers\t1open.c estimated size: 50

../src/uart_thread.c
		_uart_lthread  		CODE           	147A	0000	50

../src/uart_thread.c estimated size: 50

